Archive member included to satisfy reference by file (symbol)

.\CortexM3\ARM_GCC_541\Debug\Timing Analyzer.a(CyLib.o)
                              .\CortexM3\ARM_GCC_541\Debug\Cm3Start.o (CyHalt)
.\CortexM3\ARM_GCC_541\Debug\Timing Analyzer.a(cyPm.o)
                              .\CortexM3\ARM_GCC_541\Debug\Timing Analyzer.a(CyLib.o) (CyPmReadStatus)
.\CortexM3\ARM_GCC_541\Debug\Timing Analyzer.a(RED_LED.o)
                              .\CortexM3\ARM_GCC_541\Debug\Pins.o (RED_LED_Write)
.\CortexM3\ARM_GCC_541\Debug\Timing Analyzer.a(YELLOW_LED.o)
                              .\CortexM3\ARM_GCC_541\Debug\Pins.o (YELLOW_LED_Write)
.\CortexM3\ARM_GCC_541\Debug\Timing Analyzer.a(GREEN_LED.o)
                              .\CortexM3\ARM_GCC_541\Debug\Pins.o (GREEN_LED_Write)
.\CortexM3\ARM_GCC_541\Debug\Timing Analyzer.a(UART_LOG.o)
                              .\CortexM3\ARM_GCC_541\Debug\main.o (UART_LOG_Start)
.\CortexM3\ARM_GCC_541\Debug\Timing Analyzer.a(UART_LOG_IntClock.o)
                              .\CortexM3\ARM_GCC_541\Debug\Timing Analyzer.a(UART_LOG.o) (UART_LOG_IntClock_Start)
.\CortexM3\ARM_GCC_541\Debug\Timing Analyzer.a(CyBootAsmGnu.o)
                              .\CortexM3\ARM_GCC_541\Debug\cyfitter_cfg.o (CyDelayCycles)
.\CortexM3\ARM_GCC_541\Debug\Timing Analyzer.a(CyFlash.o)
                              .\CortexM3\ARM_GCC_541\Debug\Timing Analyzer.a(cyPm.o) (CyFlash_SetWaitCycles)
.\CortexM3\ARM_GCC_541\Debug\Timing Analyzer.a(CySpc.o)
                              .\CortexM3\ARM_GCC_541\Debug\Timing Analyzer.a(CyFlash.o) (CySpcStart)
c:/h_da softwares & projects/psoc creator/4.4/psoc creator/import/gnu/arm/5.4.1/bin/../lib/gcc/arm-none-eabi/5.4.1/../../../../arm-none-eabi/lib/armv7-m\libg_nano.a(lib_a-errno.o)
                              .\CortexM3\ARM_GCC_541\Debug\Cm3Start.o (__errno)
c:/h_da softwares & projects/psoc creator/4.4/psoc creator/import/gnu/arm/5.4.1/bin/../lib/gcc/arm-none-eabi/5.4.1/../../../../arm-none-eabi/lib/armv7-m\libg_nano.a(lib_a-exit.o)
                              c:/h_da softwares & projects/psoc creator/4.4/psoc creator/import/gnu/arm/5.4.1/bin/../lib/gcc/arm-none-eabi/5.4.1/../../../../arm-none-eabi/lib/armv7-m/crt0.o (exit)
c:/h_da softwares & projects/psoc creator/4.4/psoc creator/import/gnu/arm/5.4.1/bin/../lib/gcc/arm-none-eabi/5.4.1/../../../../arm-none-eabi/lib/armv7-m\libg_nano.a(lib_a-impure.o)
                              c:/h_da softwares & projects/psoc creator/4.4/psoc creator/import/gnu/arm/5.4.1/bin/../lib/gcc/arm-none-eabi/5.4.1/../../../../arm-none-eabi/lib/armv7-m\libg_nano.a(lib_a-exit.o) (_global_impure_ptr)
c:/h_da softwares & projects/psoc creator/4.4/psoc creator/import/gnu/arm/5.4.1/bin/../lib/gcc/arm-none-eabi/5.4.1/../../../../arm-none-eabi/lib/armv7-m\libg_nano.a(lib_a-init.o)
                              c:/h_da softwares & projects/psoc creator/4.4/psoc creator/import/gnu/arm/5.4.1/bin/../lib/gcc/arm-none-eabi/5.4.1/../../../../arm-none-eabi/lib/armv7-m/crt0.o (__libc_init_array)
c:/h_da softwares & projects/psoc creator/4.4/psoc creator/import/gnu/arm/5.4.1/bin/../lib/gcc/arm-none-eabi/5.4.1/../../../../arm-none-eabi/lib/armv7-m\libg_nano.a(lib_a-memcpy-stub.o)
                              .\CortexM3\ARM_GCC_541\Debug\cyfitter_cfg.o (memcpy)
c:/h_da softwares & projects/psoc creator/4.4/psoc creator/import/gnu/arm/5.4.1/bin/../lib/gcc/arm-none-eabi/5.4.1/../../../../arm-none-eabi/lib/armv7-m\libg_nano.a(lib_a-memset.o)
                              c:/h_da softwares & projects/psoc creator/4.4/psoc creator/import/gnu/arm/5.4.1/bin/../lib/gcc/arm-none-eabi/5.4.1/../../../../arm-none-eabi/lib/armv7-m/crt0.o (memset)
c:/h_da softwares & projects/psoc creator/4.4/psoc creator/import/gnu/arm/5.4.1/bin/../lib/gcc/arm-none-eabi/5.4.1/../../../../arm-none-eabi/lib/armv7-m\libg_nano.a(lib_a-nano-vfprintf_float.o)
                              (_printf_float)
c:/h_da softwares & projects/psoc creator/4.4/psoc creator/import/gnu/arm/5.4.1/bin/../lib/gcc/arm-none-eabi/5.4.1/../../../../arm-none-eabi/lib/armv7-m\libg_nano.a(lib_a-nano-vfprintf_i.o)
                              c:/h_da softwares & projects/psoc creator/4.4/psoc creator/import/gnu/arm/5.4.1/bin/../lib/gcc/arm-none-eabi/5.4.1/../../../../arm-none-eabi/lib/armv7-m\libg_nano.a(lib_a-nano-vfprintf_float.o) (_printf_common)
c:/h_da softwares & projects/psoc creator/4.4/psoc creator/import/gnu/arm/5.4.1/bin/../lib/gcc/arm-none-eabi/5.4.1/../../../../arm-none-eabi/lib/armv7-m\libg_nano.a(lib_a-snprintf.o)
                              .\CortexM3\ARM_GCC_541\Debug\TimingAnalyzer.o (snprintf)
c:/h_da softwares & projects/psoc creator/4.4/psoc creator/import/gnu/arm/5.4.1/bin/../lib/gcc/arm-none-eabi/5.4.1/../../../../arm-none-eabi/lib/armv7-m\libg_nano.a(lib_a-sprintf.o)
                              .\CortexM3\ARM_GCC_541\Debug\main.o (sprintf)
[...]
Memory Configuration

Name             Origin             Length             Attributes
rom              0x00000000         0x00040000         xr
ram              0x1fff8000         0x00010000         xrw
*default*        0x00000000         0xffffffff

Linker script and memory map

LOAD c:/h_da softwares & projects/psoc creator/4.4/psoc creator/import/gnu/arm/5.4.1/bin/../lib/gcc/arm-none-eabi/5.4.1/armv7-m/crti.o
LOAD c:/h_da softwares & projects/psoc creator/4.4/psoc creator/import/gnu/arm/5.4.1/bin/../lib/gcc/arm-none-eabi/5.4.1/armv7-m/crtbegin.o
LOAD c:/h_da softwares & projects/psoc creator/4.4/psoc creator/import/gnu/arm/5.4.1/bin/../lib/gcc/arm-none-eabi/5.4.1/../../../../arm-none-eabi/lib/armv7-m/crt0.o
START GROUP
LOAD .\CortexM3\ARM_GCC_541\Debug\main.o
LOAD .\CortexM3\ARM_GCC_541\Debug\TimingAnalyzer.o
LOAD .\CortexM3\ARM_GCC_541\Debug\Pins.o
LOAD .\CortexM3\ARM_GCC_541\Debug\cyfitter_cfg.o
LOAD .\CortexM3\ARM_GCC_541\Debug\cymetadata.o
LOAD .\CortexM3\ARM_GCC_541\Debug\Cm3Start.o
LOAD .\CortexM3\ARM_GCC_541\Debug\Timing Analyzer.a
LOAD C:\H_Da Softwares & Projects\PSoC Creator\4.4\PSoC Creator\psoc\content\cycomponentlibrary\CyComponentLibrary.cylib\CortexM3\ARM_GCC_541\Debug\CyComponentLibrary.a
END GROUP
START GROUP
LOAD c:/h_da softwares & projects/psoc creator/4.4/psoc creator/import/gnu/arm/5.4.1/bin/../lib/gcc/arm-none-eabi/5.4.1/armv7-m\libgcc.a
LOAD c:/h_da softwares & projects/psoc creator/4.4/psoc creator/import/gnu/arm/5.4.1/bin/../lib/gcc/arm-none-eabi/5.4.1/../../../../arm-none-eabi/lib/armv7-m\libg_nano.a
LOAD c:/h_da softwares & projects/psoc creator/4.4/psoc creator/import/gnu/arm/5.4.1/bin/../lib/gcc/arm-none-eabi/5.4.1/../../../../arm-none-eabi/lib/armv7-m\libc_nano.a
END GROUP
START GROUP
LOAD c:/h_da softwares & projects/psoc creator/4.4/psoc creator/import/gnu/arm/5.4.1/bin/../lib/gcc/arm-none-eabi/5.4.1/armv7-m\libgcc.a
LOAD c:/h_da softwares & projects/psoc creator/4.4/psoc creator/import/gnu/arm/5.4.1/bin/../lib/gcc/arm-none-eabi/5.4.1/../../../../arm-none-eabi/lib/armv7-m\libc_nano.a
END GROUP
LOAD c:/h_da softwares & projects/psoc creator/4.4/psoc creator/import/gnu/arm/5.4.1/bin/../lib/gcc/arm-none-eabi/5.4.1/armv7-m/crtend.o
LOAD c:/h_da softwares & projects/psoc creator/4.4/psoc creator/import/gnu/arm/5.4.1/bin/../lib/gcc/arm-none-eabi/5.4.1/armv7-m/crtn.o
START GROUP
LOAD c:/h_da softwares & projects/psoc creator/4.4/psoc creator/import/gnu/arm/5.4.1/bin/../lib/gcc/arm-none-eabi/5.4.1/armv7-m\libgcc.a
LOAD c:/h_da softwares & projects/psoc creator/4.4/psoc creator/import/gnu/arm/5.4.1/bin/../lib/gcc/arm-none-eabi/5.4.1/../../../../arm-none-eabi/lib/armv7-m\libc.a
LOAD c:/h_da softwares & projects/psoc creator/4.4/psoc creator/import/gnu/arm/5.4.1/bin/../lib/gcc/arm-none-eabi/5.4.1/../../../../arm-none-eabi/lib/armv7-m\libnosys.a
END GROUP
                0x00000000                CY_APPL_ORIGIN = 0x0
                0x00000100                CY_FLASH_ROW_SIZE = 0x100
                0x00000020                CY_ECC_ROW_SIZE = 0x20
                0x00000000                CY_EE_IN_BTLDR = 0x0
                0x00000000                CY_APPL_LOADABLE = 0x0
                0x00000800                CY_EE_SIZE = 0x800
                0x00000001                CY_APPL_NUM = 0x1
                0x00000001                CY_APPL_MAX = 0x1
                0x00000040                CY_METADATA_SIZE = 0x40
                0x00000000                CY_APPL_LOADABLE = 0x0
                0x00000000                CY_CHECKSUM_EXCLUDE_SIZE = ALIGN (0x0, CY_FLASH_ROW_SIZE)
                [!provide]                PROVIDE (__cy_heap_start, _end)
                0x00000001                PROVIDE (__cy_region_num, ((__cy_regions_end - __cy_regions) / 0x10))
                0x20008000                PROVIDE (__cy_stack, (ORIGIN (ram) + LENGTH (ram)))
                [!provide]                PROVIDE (__cy_heap_end, (__cy_stack - 0x800))

.cybootloader   0x00000000        0x0
 *(.cybootloader)
                0x00000000                appl1_start = CY_APPL_ORIGIN?CY_APPL_ORIGIN:ALIGN (CY_FLASH_ROW_SIZE)
                0x0001ff00                appl2_start = (appl1_start + ALIGN ((((LENGTH (rom) - appl1_start) - (0x2 * CY_FLASH_ROW_SIZE)) / 0x2), CY_FLASH_ROW_SIZE))
                0x00000000                appl_start = (CY_APPL_NUM == 0x1)?appl1_start:appl2_start
                0x00000000                ecc_offset = ((appl_start / CY_FLASH_ROW_SIZE) * CY_ECC_ROW_SIZE)
                0x00000000                ee_offset = (CY_APPL_LOADABLE && ! (CY_EE_IN_BTLDR))?((CY_EE_SIZE / CY_APPL_MAX) * (CY_APPL_NUM - 0x1)):0x0
                0x00000800                ee_size = (CY_APPL_LOADABLE && ! (CY_EE_IN_BTLDR))?(CY_EE_SIZE / CY_APPL_MAX):CY_EE_SIZE
                [!provide]                PROVIDE (CY_ECC_OFFSET, ecc_offset)

.text           0x00000000     0x3440
 CREATE_OBJECT_SYMBOLS
                0x00000000                PROVIDE (__cy_interrupt_vector, RomVectors)
 *(.romvectors)
 .romvectors    0x00000000       0x10 .\CortexM3\ARM_GCC_541\Debug\Cm3Start.o
                0x00000000                RomVectors
                0x00000001                ASSERT ((. != __cy_interrupt_vector), No interrupt vector)
                0x00000001                ASSERT (CY_APPL_ORIGIN?(SIZEOF (.cybootloader) <= CY_APPL_ORIGIN):0x1, Wrong image location)
                0x00000010                PROVIDE (__cy_reset, Reset)
 *(.text.Reset)
 .text.Reset    0x00000010       0x18 .\CortexM3\ARM_GCC_541\Debug\Cm3Start.o
                0x00000010                Reset
                0x00000001                ASSERT ((. != __cy_reset), No reset code)
 *(.dma_init)
                0x00000001                ASSERT ((((appl_start + .) <= 0x10000) || 0x1), DMA Init must be within the first 64k of flash)
 *(.text .text.* .gnu.linkonce.t.*)
 .text          0x00000028       0x5c c:/h_da softwares & projects/psoc creator/4.4/psoc creator/import/gnu/arm/5.4.1/bin/../lib/gcc/arm-none-eabi/5.4.1/armv7-m/crtbegin.o
 .text.main     0x00000084       0x98 .\CortexM3\ARM_GCC_541\Debug\main.o
                0x00000084                main
 .text.SysTick_Handler
                0x0000011c       0x10 .\CortexM3\ARM_GCC_541\Debug\TimingAnalyzer.o
                0x0000011c                SysTick_Handler
 .text.TA_init  0x0000012c       0x50 .\CortexM3\ARM_GCC_541\Debug\TimingAnalyzer.o
                0x0000012c                TA_init
 .text.TA_create
                0x0000017c       0x7c .\CortexM3\ARM_GCC_541\Debug\TimingAnalyzer.o
                0x0000017c                TA_create
 .text.TA_start
                0x000001f8       0x60 .\CortexM3\ARM_GCC_541\Debug\TimingAnalyzer.o
                0x000001f8                TA_start
 .text.TA_calculateElapsedTime
                0x00000258       0x20 .\CortexM3\ARM_GCC_541\Debug\TimingAnalyzer.o
                0x00000258                TA_calculateElapsedTime
 .text.TA_stop  0x00000278       0x70 .\CortexM3\ARM_GCC_541\Debug\TimingAnalyzer.o
                0x00000278                TA_stop
 .text.TA_printStatus
                0x000002e8       0xc8 .\CortexM3\ARM_GCC_541\Debug\TimingAnalyzer.o
                0x000002e8                TA_printStatus
 .text.TA_printAll
                0x000003b0       0x50 .\CortexM3\ARM_GCC_541\Debug\TimingAnalyzer.o
                0x000003b0                TA_printAll
 .text.Pins_Init
                0x00000400       0x18 .\CortexM3\ARM_GCC_541\Debug\Pins.o
                0x00000400                Pins_Init
 .text.Pin_3_Control
                0x00000418        0x8 .\CortexM3\ARM_GCC_541\Debug\Pins.o
                0x00000418                Pin_3_Control
 .text.CyClockStartupError
                0x00000420        0x4 .\CortexM3\ARM_GCC_541\Debug\cyfitter_cfg.o
 .text.cfg_write_bytes32
                0x00000424       0x34 .\CortexM3\ARM_GCC_541\Debug\cyfitter_cfg.o
 .text.AnalogSetDefault
                0x00000458       0x28 .\CortexM3\ARM_GCC_541\Debug\cyfitter_cfg.o
 .text.CYMEMZERO
                0x00000480        0xc .\CortexM3\ARM_GCC_541\Debug\cyfitter_cfg.o
 .text.ClockSetup
                0x0000048c       0xd0 .\CortexM3\ARM_GCC_541\Debug\cyfitter_cfg.o
 .text.CYCONFIGCPY
                0x0000055c        0x8 .\CortexM3\ARM_GCC_541\Debug\cyfitter_cfg.o
 .text.cyfitter_cfg
                0x00000564      0x124 .\CortexM3\ARM_GCC_541\Debug\cyfitter_cfg.o
                0x00000564                cyfitter_cfg
 .text.IntDefaultHandler
                0x00000688       0x10 .\CortexM3\ARM_GCC_541\Debug\Cm3Start.o
                0x00000688                IntDefaultHandler
 .text._sbrk    0x00000698       0x30 .\CortexM3\ARM_GCC_541\Debug\Cm3Start.o
                0x00000698                _sbrk
 .text.Start_c  0x000006c8       0x4c .\CortexM3\ARM_GCC_541\Debug\Cm3Start.o
                0x000006c8                Start_c
 .text.initialize_psoc
                0x00000714       0x68 .\CortexM3\ARM_GCC_541\Debug\Cm3Start.o
                0x00000714                initialize_psoc
 .text.CyHalt   0x0000077c        0x4 .\CortexM3\ARM_GCC_541\Debug\Timing Analyzer.a(CyLib.o)
                0x0000077c                CyHalt
 .text.CyDelay  0x00000780       0x2c .\CortexM3\ARM_GCC_541\Debug\Timing Analyzer.a(CyLib.o)
                0x00000780                CyDelay
 .text.CyIntSetSysVector
                0x000007ac       0x28 .\CortexM3\ARM_GCC_541\Debug\Timing Analyzer.a(CyLib.o)
                0x000007ac                CyIntSetSysVector
 .text.CySysTickEnableInterrupt
                0x000007d4       0x10 .\CortexM3\ARM_GCC_541\Debug\Timing Analyzer.a(CyLib.o)
                0x000007d4                CySysTickEnableInterrupt
 .text.CySysTickEnable
                0x000007e4       0x18 .\CortexM3\ARM_GCC_541\Debug\Timing Analyzer.a(CyLib.o)
                0x000007e4                CySysTickEnable
 .text.CySysTickSetReload
                0x000007fc       0x10 .\CortexM3\ARM_GCC_541\Debug\Timing Analyzer.a(CyLib.o)
                0x000007fc                CySysTickSetReload
 .text.CySysTickSetClockSource
                0x0000080c       0x20 .\CortexM3\ARM_GCC_541\Debug\Timing Analyzer.a(CyLib.o)
                0x0000080c                CySysTickSetClockSource
 .text.CySysTickGetCountFlag
                0x0000082c       0x10 .\CortexM3\ARM_GCC_541\Debug\Timing Analyzer.a(CyLib.o)
                0x0000082c                CySysTickGetCountFlag
 .text.CySysTickServiceCallbacks
                0x0000083c       0x28 .\CortexM3\ARM_GCC_541\Debug\Timing Analyzer.a(CyLib.o)
 .text.CySysTickClear
                0x00000864        0xc .\CortexM3\ARM_GCC_541\Debug\Timing Analyzer.a(CyLib.o)
                0x00000864                CySysTickClear
 .text.CySysTickInit
                0x00000870       0x58 .\CortexM3\ARM_GCC_541\Debug\Timing Analyzer.a(CyLib.o)
                0x00000870                CySysTickInit
 .text.CySysTickSetCallback
                0x000008c8       0x10 .\CortexM3\ARM_GCC_541\Debug\Timing Analyzer.a(CyLib.o)
                0x000008c8                CySysTickSetCallback
 .text.RED_LED_Write
                0x000008d8       0x18 .\CortexM3\ARM_GCC_541\Debug\Timing Analyzer.a(RED_LED.o)
                0x000008d8                RED_LED_Write
 .text.YELLOW_LED_Write
                0x000008f0       0x18 .\CortexM3\ARM_GCC_541\Debug\Timing Analyzer.a(YELLOW_LED.o)
                0x000008f0                YELLOW_LED_Write
 .text.GREEN_LED_Write
                0x00000908       0x18 .\CortexM3\ARM_GCC_541\Debug\Timing Analyzer.a(GREEN_LED.o)
                0x00000908                GREEN_LED_Write
 .text.UART_LOG_Init
                0x00000920       0x24 .\CortexM3\ARM_GCC_541\Debug\Timing Analyzer.a(UART_LOG.o)
                0x00000920                UART_LOG_Init
 .text.UART_LOG_Enable
                0x00000944       0x38 .\CortexM3\ARM_GCC_541\Debug\Timing Analyzer.a(UART_LOG.o)
                0x00000944                UART_LOG_Enable
 .text.UART_LOG_Start
                0x0000097c       0x1c .\CortexM3\ARM_GCC_541\Debug\Timing Analyzer.a(UART_LOG.o)
                0x0000097c                UART_LOG_Start
 .text.UART_LOG_PutChar
                0x00000998       0x18 .\CortexM3\ARM_GCC_541\Debug\Timing Analyzer.a(UART_LOG.o)
                0x00000998                UART_LOG_PutChar
 .text.UART_LOG_PutString
                0x000009b0       0x24 .\CortexM3\ARM_GCC_541\Debug\Timing Analyzer.a(UART_LOG.o)
                0x000009b0                UART_LOG_PutString
 .text.UART_LOG_IntClock_Start
                0x000009d4       0x1c .\CortexM3\ARM_GCC_541\Debug\Timing Analyzer.a(UART_LOG_IntClock.o)
                0x000009d4                UART_LOG_IntClock_Start
 .text          0x000009f0       0x20 .\CortexM3\ARM_GCC_541\Debug\Timing Analyzer.a(CyBootAsmGnu.o)
                0x000009f0                CyDelayCycles
                0x00000a00                CyEnterCriticalSection
                0x00000a08                CyExitCriticalSection
 .text.__errno  0x00000a10        0xc c:/h_da softwares & projects/psoc creator/4.4/psoc creator/import/gnu/arm/5.4.1/bin/../lib/gcc/arm-none-eabi/5.4.1/../../../../arm-none-eabi/lib/armv7-m\libg_nano.a(lib_a-errno.o)
                0x00000a10                __errno
 .text.__libc_init_array
                0x00000a1c       0x4c c:/h_da softwares & projects/psoc creator/4.4/psoc creator/import/gnu/arm/5.4.1/bin/../lib/gcc/arm-none-eabi/5.4.1/../../../../arm-none-eabi/lib/armv7-m\libg_nano.a(lib_a-init.o)
                0x00000a1c                __libc_init_array
 .text.memcpy   0x00000a68       0x16 c:/h_da softwares & projects/psoc creator/4.4/psoc creator/import/gnu/arm/5.4.1/bin/../lib/gcc/arm-none-eabi/5.4.1/../../../../arm-none-eabi/lib/armv7-m\libg_nano.a(lib_a-memcpy-stub.o)
                0x00000a68                memcpy
 .text.memset   0x00000a7e       0x10 c:/h_da softwares & projects/psoc creator/4.4/psoc creator/import/gnu/arm/5.4.1/bin/../lib/gcc/arm-none-eabi/5.4.1/../../../../arm-none-eabi/lib/armv7-m\libg_nano.a(lib_a-memset.o)
                0x00000a7e                memset
 .text.__cvt    0x00000a8e       0xc0 c:/h_da softwares & projects/psoc creator/4.4/psoc creator/import/gnu/arm/5.4.1/bin/../lib/gcc/arm-none-eabi/5.4.1/../../../../arm-none-eabi/lib/armv7-m\libg_nano.a(lib_a-nano-vfprintf_float.o)
                0x00000a8e                __cvt
 .text.__exponent
                0x00000b4e       0x62 c:/h_da softwares & projects/psoc creator/4.4/psoc creator/import/gnu/arm/5.4.1/bin/../lib/gcc/arm-none-eabi/5.4.1/../../../../arm-none-eabi/lib/armv7-m\libg_nano.a(lib_a-nano-vfprintf_float.o)
                0x00000b4e                __exponent
 .text._printf_float
                0x00000bb0      0x488 c:/h_da softwares & projects/psoc creator/4.4/psoc creator/import/gnu/arm/5.4.1/bin/../lib/gcc/arm-none-eabi/5.4.1/../../../../arm-none-eabi/lib/armv7-m\libg_nano.a(lib_a-nano-vfprintf_float.o)
                0x00000bb0                _printf_float
 .text._printf_common
                0x00001038       0xec c:/h_da softwares & projects/psoc creator/4.4/psoc creator/import/gnu/arm/5.4.1/bin/../lib/gcc/arm-none-eabi/5.4.1/../../../../arm-none-eabi/lib/armv7-m\libg_nano.a(lib_a-nano-vfprintf_i.o)
                0x00001038                _printf_common
 .text._printf_i
                0x00001124      0x24c c:/h_da softwares & projects/psoc creator/4.4/psoc creator/import/gnu/arm/5.4.1/bin/../lib/gcc/arm-none-eabi/5.4.1/../../../../arm-none-eabi/lib/armv7-m\libg_nano.a(lib_a-nano-vfprintf_i.o)
                0x00001124                _printf_i
 .text.snprintf
                0x00001370       0x64 c:/h_da softwares & projects/psoc creator/4.4/psoc creator/import/gnu/arm/5.4.1/bin/../lib/gcc/arm-none-eabi/5.4.1/../../../../arm-none-eabi/lib/armv7-m\libg_nano.a(lib_a-snprintf.o)
                0x00001370                sniprintf
                0x00001370                snprintf
 .text.sprintf  0x000013d4       0x48 c:/h_da softwares & projects/psoc creator/4.4/psoc creator/import/gnu/arm/5.4.1/bin/../lib/gcc/arm-none-eabi/5.4.1/../../../../arm-none-eabi/lib/armv7-m\libg_nano.a(lib_a-sprintf.o)
                0x000013d4                siprintf
                0x000013d4                sprintf
 .text          0x0000141c       0x10 c:/h_da softwares & projects/psoc creator/4.4/psoc creator/import/gnu/arm/5.4.1/bin/../lib/gcc/arm-none-eabi/5.4.1/../../../../arm-none-eabi/lib/armv7-m\libg_nano.a(lib_a-strlen.o)
                0x0000141c                strlen
 .text.quorem   0x0000142c      0x116 c:/h_da softwares & projects/psoc creator/4.4/psoc creator/import/gnu/arm/5.4.1/bin/../lib/gcc/arm-none-eabi/5.4.1/../../../../arm-none-eabi/lib/armv7-m\libg_nano.a(lib_a-dtoa.o)
 *fill*         0x00001542        0x6 
 .text._dtoa_r  0x00001548      0xb30 c:/h_da softwares & projects/psoc creator/4.4/psoc creator/import/gnu/arm/5.4.1/bin/../lib/gcc/arm-none-eabi/5.4.1/../../../../arm-none-eabi/lib/armv7-m\libg_nano.a(lib_a-dtoa.o)
                0x00001548                _dtoa_r
 .text._localeconv_r
                0x00002078        0x8 c:/h_da softwares & projects/psoc creator/4.4/psoc creator/import/gnu/arm/5.4.1/bin/../lib/gcc/arm-none-eabi/5.4.1/../../../../arm-none-eabi/lib/armv7-m\libg_nano.a(lib_a-locale.o)
                0x00002078                _localeconv_r
 .text.malloc   0x00002080       0x10 c:/h_da softwares & projects/psoc creator/4.4/psoc creator/import/gnu/arm/5.4.1/bin/../lib/gcc/arm-none-eabi/5.4.1/../../../../arm-none-eabi/lib/armv7-m\libg_nano.a(lib_a-malloc.o)
                0x00002080                malloc
 .text.memchr   0x00002090       0x1c c:/h_da softwares & projects/psoc creator/4.4/psoc creator/import/gnu/arm/5.4.1/bin/../lib/gcc/arm-none-eabi/5.4.1/../../../../arm-none-eabi/lib/armv7-m\libg_nano.a(lib_a-memchr-stub.o)
                0x00002090                memchr
 .text._Balloc  0x000020ac       0x6a c:/h_da softwares & projects/psoc creator/4.4/psoc creator/import/gnu/arm/5.4.1/bin/../lib/gcc/arm-none-eabi/5.4.1/../../../../arm-none-eabi/lib/armv7-m\libg_nano.a(lib_a-mprec.o)
                0x000020ac                _Balloc
 .text._Bfree   0x00002116       0x2e c:/h_da softwares & projects/psoc creator/4.4/psoc creator/import/gnu/arm/5.4.1/bin/../lib/gcc/arm-none-eabi/5.4.1/../../../../arm-none-eabi/lib/armv7-m\libg_nano.a(lib_a-mprec.o)
                0x00002116                _Bfree
 .text.__multadd
                0x00002144       0x76 c:/h_da softwares & projects/psoc creator/4.4/psoc creator/import/gnu/arm/5.4.1/bin/../lib/gcc/arm-none-eabi/5.4.1/../../../../arm-none-eabi/lib/armv7-m\libg_nano.a(lib_a-mprec.o)
                0x00002144                __multadd
 .text.__hi0bits
                0x000021ba       0x40 c:/h_da softwares & projects/psoc creator/4.4/psoc creator/import/gnu/arm/5.4.1/bin/../lib/gcc/arm-none-eabi/5.4.1/../../../../arm-none-eabi/lib/armv7-m\libg_nano.a(lib_a-mprec.o)
                0x000021ba                __hi0bits
 .text.__lo0bits
                0x000021fa       0x5a c:/h_da softwares & projects/psoc creator/4.4/psoc creator/import/gnu/arm/5.4.1/bin/../lib/gcc/arm-none-eabi/5.4.1/../../../../arm-none-eabi/lib/armv7-m\libg_nano.a(lib_a-mprec.o)
                0x000021fa                __lo0bits
 .text.__i2b    0x00002254       0x12 c:/h_da softwares & projects/psoc creator/4.4/psoc creator/import/gnu/arm/5.4.1/bin/../lib/gcc/arm-none-eabi/5.4.1/../../../../arm-none-eabi/lib/armv7-m\libg_nano.a(lib_a-mprec.o)
                0x00002254                __i2b
 .text.__multiply
                0x00002266      0x120 c:/h_da softwares & projects/psoc creator/4.4/psoc creator/import/gnu/arm/5.4.1/bin/../lib/gcc/arm-none-eabi/5.4.1/../../../../arm-none-eabi/lib/armv7-m\libg_nano.a(lib_a-mprec.o)
                0x00002266                __multiply
 *fill*         0x00002386        0x2 
 .text.__pow5mult
                0x00002388       0x9c c:/h_da softwares & projects/psoc creator/4.4/psoc creator/import/gnu/arm/5.4.1/bin/../lib/gcc/arm-none-eabi/5.4.1/../../../../arm-none-eabi/lib/armv7-m\libg_nano.a(lib_a-mprec.o)
                0x00002388                __pow5mult
 .text.__lshift
                0x00002424       0xa2 c:/h_da softwares & projects/psoc creator/4.4/psoc creator/import/gnu/arm/5.4.1/bin/../lib/gcc/arm-none-eabi/5.4.1/../../../../arm-none-eabi/lib/armv7-m\libg_nano.a(lib_a-mprec.o)
                0x00002424                __lshift
 .text.__mcmp   0x000024c6       0x38 c:/h_da softwares & projects/psoc creator/4.4/psoc creator/import/gnu/arm/5.4.1/bin/../lib/gcc/arm-none-eabi/5.4.1/../../../../arm-none-eabi/lib/armv7-m\libg_nano.a(lib_a-mprec.o)
                0x000024c6                __mcmp
 .text.__mdiff  0x000024fe       0xbe c:/h_da softwares & projects/psoc creator/4.4/psoc creator/import/gnu/arm/5.4.1/bin/../lib/gcc/arm-none-eabi/5.4.1/../../../../arm-none-eabi/lib/armv7-m\libg_nano.a(lib_a-mprec.o)
                0x000024fe                __mdiff
 .text.__d2b    0x000025bc       0x9c c:/h_da softwares & projects/psoc creator/4.4/psoc creator/import/gnu/arm/5.4.1/bin/../lib/gcc/arm-none-eabi/5.4.1/../../../../arm-none-eabi/lib/armv7-m\libg_nano.a(lib_a-mprec.o)
                0x000025bc                __d2b
 .text._calloc_r
                0x00002658       0x1c c:/h_da softwares & projects/psoc creator/4.4/psoc creator/import/gnu/arm/5.4.1/bin/../lib/gcc/arm-none-eabi/5.4.1/../../../../arm-none-eabi/lib/armv7-m\libg_nano.a(lib_a-nano-callocr.o)
                0x00002658                _calloc_r
 .text._free_r  0x00002674       0x98 c:/h_da softwares & projects/psoc creator/4.4/psoc creator/import/gnu/arm/5.4.1/bin/../lib/gcc/arm-none-eabi/5.4.1/../../../../arm-none-eabi/lib/armv7-m\libg_nano.a(lib_a-nano-freer.o)
                0x00002674                _free_r
 .text._malloc_r
                0x0000270c       0xbc c:/h_da softwares & projects/psoc creator/4.4/psoc creator/import/gnu/arm/5.4.1/bin/../lib/gcc/arm-none-eabi/5.4.1/../../../../arm-none-eabi/lib/armv7-m\libg_nano.a(lib_a-nano-mallocr.o)
                0x0000270c                _malloc_r
 .text.__ssputs_r
                0x000027c8       0xb2 c:/h_da softwares & projects/psoc creator/4.4/psoc creator/import/gnu/arm/5.4.1/bin/../lib/gcc/arm-none-eabi/5.4.1/../../../../arm-none-eabi/lib/armv7-m\libg_nano.a(lib_a-nano-svfprintf.o)
                0x000027c8                __ssputs_r
 *fill*         0x0000287a        0x2 
 .text._svfprintf_r
                0x0000287c      0x1e8 c:/h_da softwares & projects/psoc creator/4.4/psoc creator/import/gnu/arm/5.4.1/bin/../lib/gcc/arm-none-eabi/5.4.1/../../../../arm-none-eabi/lib/armv7-m\libg_nano.a(lib_a-nano-svfprintf.o)
                0x0000287c                _svfiprintf_r
                0x0000287c                _svfprintf_r
 .text._sbrk_r  0x00002a64       0x20 c:/h_da softwares & projects/psoc creator/4.4/psoc creator/import/gnu/arm/5.4.1/bin/../lib/gcc/arm-none-eabi/5.4.1/../../../../arm-none-eabi/lib/armv7-m\libg_nano.a(lib_a-sbrkr.o)
                0x00002a64                _sbrk_r
 .text.memmove  0x00002a84       0x36 c:/h_da softwares & projects/psoc creator/4.4/psoc creator/import/gnu/arm/5.4.1/bin/../lib/gcc/arm-none-eabi/5.4.1/../../../../arm-none-eabi/lib/armv7-m\libg_nano.a(lib_a-memmove.o)
                0x00002a84                memmove
 .text.__malloc_lock
                0x00002aba        0x2 c:/h_da softwares & projects/psoc creator/4.4/psoc creator/import/gnu/arm/5.4.1/bin/../lib/gcc/arm-none-eabi/5.4.1/../../../../arm-none-eabi/lib/armv7-m\libg_nano.a(lib_a-mlock.o)
                0x00002aba                __malloc_lock
 .text.__malloc_unlock
                0x00002abc        0x2 c:/h_da softwares & projects/psoc creator/4.4/psoc creator/import/gnu/arm/5.4.1/bin/../lib/gcc/arm-none-eabi/5.4.1/../../../../arm-none-eabi/lib/armv7-m\libg_nano.a(lib_a-mlock.o)
                0x00002abc                __malloc_unlock
 .text._realloc_r
                0x00002abe       0x4c c:/h_da softwares & projects/psoc creator/4.4/psoc creator/import/gnu/arm/5.4.1/bin/../lib/gcc/arm-none-eabi/5.4.1/../../../../arm-none-eabi/lib/armv7-m\libg_nano.a(lib_a-nano-reallocr.o)
                0x00002abe                _realloc_r
 .text._malloc_usable_size_r
                0x00002b0a       0x14 c:/h_da softwares & projects/psoc creator/4.4/psoc creator/import/gnu/arm/5.4.1/bin/../lib/gcc/arm-none-eabi/5.4.1/../../../../arm-none-eabi/lib/armv7-m\libg_nano.a(lib_a-nano-msizer.o)
                0x00002b0a                _malloc_usable_size_r
 *fill*         0x00002b1e        0x2 
 .text          0x00002b20      0x370 c:/h_da softwares & projects/psoc creator/4.4/psoc creator/import/gnu/arm/5.4.1/bin/../lib/gcc/arm-none-eabi/5.4.1/armv7-m\libgcc.a(_arm_addsubdf3.o)
                0x00002b20                __aeabi_drsub
                0x00002b28                __aeabi_dsub
                0x00002b28                __subdf3
                0x00002b2c                __aeabi_dadd
                0x00002b2c                __adddf3
                0x00002da4                __floatunsidf
                0x00002da4                __aeabi_ui2d
                0x00002dc4                __floatsidf
                0x00002dc4                __aeabi_i2d
                0x00002de8                __aeabi_f2d
                0x00002de8                __extendsfdf2
                0x00002e24                __floatundidf
                0x00002e24                __aeabi_ul2d
                0x00002e34                __floatdidf
                0x00002e34                __aeabi_l2d
 .text          0x00002e90      0x424 c:/h_da softwares & projects/psoc creator/4.4/psoc creator/import/gnu/arm/5.4.1/bin/../lib/gcc/arm-none-eabi/5.4.1/armv7-m\libgcc.a(_arm_muldivdf3.o)
                0x00002e90                __aeabi_dmul
                0x00002e90                __muldf3
                0x000030e4                __divdf3
                0x000030e4                __aeabi_ddiv
 .text          0x000032b4      0x110 c:/h_da softwares & projects/psoc creator/4.4/psoc creator/import/gnu/arm/5.4.1/bin/../lib/gcc/arm-none-eabi/5.4.1/armv7-m\libgcc.a(_arm_cmpdf2.o)
                0x000032b4                __gtdf2
                0x000032b4                __gedf2
                0x000032bc                __ltdf2
                0x000032bc                __ledf2
                0x000032c4                __nedf2
                0x000032c4                __eqdf2
                0x000032c4                __cmpdf2
                0x00003340                __aeabi_cdrcmple
                0x00003350                __aeabi_cdcmpeq
                0x00003350                __aeabi_cdcmple
                0x00003360                __aeabi_dcmpeq
                0x00003374                __aeabi_dcmplt
                0x00003388                __aeabi_dcmple
                0x0000339c                __aeabi_dcmpge
                0x000033b0                __aeabi_dcmpgt
 .text          0x000033c4       0x2c c:/h_da softwares & projects/psoc creator/4.4/psoc creator/import/gnu/arm/5.4.1/bin/../lib/gcc/arm-none-eabi/5.4.1/armv7-m\libgcc.a(_arm_unorddf2.o)
                0x000033c4                __unorddf2
                0x000033c4                __aeabi_dcmpun
 .text          0x000033f0       0x50 c:/h_da softwares & projects/psoc creator/4.4/psoc creator/import/gnu/arm/5.4.1/bin/../lib/gcc/arm-none-eabi/5.4.1/armv7-m\libgcc.a(_arm_fixdfsi.o)
                0x000033f0                __aeabi_d2iz
                0x000033f0                __fixdfsi
 *(.plt)
 *(.gnu.warning)
 *(.glue_7t)
 .glue_7t       0x00003440        0x0 linker stubs
 *(.glue_7)
 .glue_7        0x00003440        0x0 linker stubs
 *(.vfp11_veneer)
 .vfp11_veneer  0x00003440        0x0 linker stubs
 *(.bootloader)
 *(.ARM.extab* .gnu.linkonce.armextab.*)
 *(.gcc_except_table)

.v4_bx          0x00003440        0x0
 .v4_bx         0x00003440        0x0 linker stubs

.iplt           0x00003440        0x0
 .iplt          0x00003440        0x0 c:/h_da softwares & projects/psoc creator/4.4/psoc creator/import/gnu/arm/5.4.1/bin/../lib/gcc/arm-none-eabi/5.4.1/armv7-m/crtbegin.o

.eh_frame_hdr
 *(.eh_frame_hdr)

.eh_frame       0x00003440        0x4
 *(.eh_frame)
 .eh_frame      0x00003440        0x0 c:/h_da softwares & projects/psoc creator/4.4/psoc creator/import/gnu/arm/5.4.1/bin/../lib/gcc/arm-none-eabi/5.4.1/armv7-m/crtbegin.o
 .eh_frame      0x00003440        0x4 c:/h_da softwares & projects/psoc creator/4.4/psoc creator/import/gnu/arm/5.4.1/bin/../lib/gcc/arm-none-eabi/5.4.1/armv7-m/crtend.o
                [!provide]                PROVIDE (__exidx_start, .)

.ARM.exidx
 *(.ARM.exidx* .gnu.linkonce.armexidx.*)
                0x00003444                __exidx_end = .

.rodata         0x00003448      0x330
 *(.rodata .rodata.* .gnu.linkonce.r.*)
 .rodata.str1.4
                0x00003448       0x69 .\CortexM3\ARM_GCC_541\Debug\main.o
 *fill*         0x000034b1        0x3 
 .rodata.str1.4
                0x000034b4       0xe4 .\CortexM3\ARM_GCC_541\Debug\TimingAnalyzer.o
                                 0xe3 (size before relaxing)
 .rodata        0x00003598       0x4c .\CortexM3\ARM_GCC_541\Debug\cyfitter_cfg.o
 .rodata.str1.1
                0x000035e4        0x2 c:/h_da softwares & projects/psoc creator/4.4/psoc creator/import/gnu/arm/5.4.1/bin/../lib/gcc/arm-none-eabi/5.4.1/../../../../arm-none-eabi/lib/armv7-m\libg_nano.a(lib_a-impure.o)
 .rodata.str1.1
                0x000035e6       0x12 c:/h_da softwares & projects/psoc creator/4.4/psoc creator/import/gnu/arm/5.4.1/bin/../lib/gcc/arm-none-eabi/5.4.1/../../../../arm-none-eabi/lib/armv7-m\libg_nano.a(lib_a-nano-vfprintf_float.o)
 .rodata.str1.1
                0x000035f8       0x22 c:/h_da softwares & projects/psoc creator/4.4/psoc creator/import/gnu/arm/5.4.1/bin/../lib/gcc/arm-none-eabi/5.4.1/../../../../arm-none-eabi/lib/armv7-m\libg_nano.a(lib_a-nano-vfprintf_i.o)
 .rodata.str1.1
                0x0000361a        0xd c:/h_da softwares & projects/psoc creator/4.4/psoc creator/import/gnu/arm/5.4.1/bin/../lib/gcc/arm-none-eabi/5.4.1/../../../../arm-none-eabi/lib/armv7-m\libg_nano.a(lib_a-dtoa.o)
                                  0xf (size before relaxing)
 .rodata.str1.1
                0x00003627        0x8 c:/h_da softwares & projects/psoc creator/4.4/psoc creator/import/gnu/arm/5.4.1/bin/../lib/gcc/arm-none-eabi/5.4.1/../../../../arm-none-eabi/lib/armv7-m\libg_nano.a(lib_a-locale.o)
                                  0xb (size before relaxing)
 *fill*         0x0000362f        0x1 
 .rodata.__mprec_tens
                0x00003630       0xc8 c:/h_da softwares & projects/psoc creator/4.4/psoc creator/import/gnu/arm/5.4.1/bin/../lib/gcc/arm-none-eabi/5.4.1/../../../../arm-none-eabi/lib/armv7-m\libg_nano.a(lib_a-mprec.o)
                0x00003630                __mprec_tens
 .rodata.p05.5408
                0x000036f8        0xc c:/h_da softwares & projects/psoc creator/4.4/psoc creator/import/gnu/arm/5.4.1/bin/../lib/gcc/arm-none-eabi/5.4.1/../../../../arm-none-eabi/lib/armv7-m\libg_nano.a(lib_a-mprec.o)
 *fill*         0x00003704        0x4 
 .rodata.__mprec_bigtens
                0x00003708       0x28 c:/h_da softwares & projects/psoc creator/4.4/psoc creator/import/gnu/arm/5.4.1/bin/../lib/gcc/arm-none-eabi/5.4.1/../../../../arm-none-eabi/lib/armv7-m\libg_nano.a(lib_a-mprec.o)
                0x00003708                __mprec_bigtens
 .rodata.str1.1
                0x00003730       0x11 c:/h_da softwares & projects/psoc creator/4.4/psoc creator/import/gnu/arm/5.4.1/bin/../lib/gcc/arm-none-eabi/5.4.1/../../../../arm-none-eabi/lib/armv7-m\libg_nano.a(lib_a-nano-svfprintf.o)
                0x00003744                . = ALIGN (0x4)
 *fill*         0x00003741        0x3 
 *(.init)
 .init          0x00003744        0x4 c:/h_da softwares & projects/psoc creator/4.4/psoc creator/import/gnu/arm/5.4.1/bin/../lib/gcc/arm-none-eabi/5.4.1/armv7-m/crti.o
                0x00003744                _init
 .init          0x00003748        0x8 c:/h_da softwares & projects/psoc creator/4.4/psoc creator/import/gnu/arm/5.4.1/bin/../lib/gcc/arm-none-eabi/5.4.1/armv7-m/crtn.o
                0x00003750                . = ALIGN (0x4)
                0x00003750                __preinit_array_start = .
 *(.preinit_array)
                0x00003750                __preinit_array_end = .
                0x00003750                . = ALIGN (0x4)
                0x00003750                __init_array_start = .
 *(SORT(.init_array.*))
 *(.init_array)
 .init_array    0x00003750        0x4 c:/h_da softwares & projects/psoc creator/4.4/psoc creator/import/gnu/arm/5.4.1/bin/../lib/gcc/arm-none-eabi/5.4.1/armv7-m/crtbegin.o
 .init_array    0x00003754        0x4 .\CortexM3\ARM_GCC_541\Debug\Cm3Start.o
                0x00003758                __init_array_end = .
                0x00003758                . = ALIGN (0x4)
 *(.fini)
 .fini          0x00003758        0x4 c:/h_da softwares & projects/psoc creator/4.4/psoc creator/import/gnu/arm/5.4.1/bin/../lib/gcc/arm-none-eabi/5.4.1/armv7-m/crti.o
                0x00003758                _fini
 .fini          0x0000375c        0x8 c:/h_da softwares & projects/psoc creator/4.4/psoc creator/import/gnu/arm/5.4.1/bin/../lib/gcc/arm-none-eabi/5.4.1/armv7-m/crtn.o
                0x00003764                . = ALIGN (0x4)
                0x00003764                __fini_array_start = .
 *(.fini_array)
 .fini_array    0x00003764        0x4 c:/h_da softwares & projects/psoc creator/4.4/psoc creator/import/gnu/arm/5.4.1/bin/../lib/gcc/arm-none-eabi/5.4.1/armv7-m/crtbegin.o
 *(SORT(.fini_array.*))
                0x00003768                __fini_array_end = .
                0x00003768                . = ALIGN (0x4)
 *crtbegin.o(.ctors)
 *(EXCLUDE_FILE(*crtend.o) .ctors)
 *(SORT(.ctors.*))
 *crtend.o(.ctors)
                0x00003768                . = ALIGN (0x4)
 *crtbegin.o(.dtors)
 *(EXCLUDE_FILE(*crtend.o) .dtors)
 *(SORT(.dtors.*))
 *crtend.o(.dtors)
                0x00003768                . = ALIGN (0x4)
                0x00003768                __cy_regions = .
                0x00003768        0x4 LONG 0x3778 __cy_region_init_ram
                0x0000376c        0x4 LONG 0x1fff80c8 __cy_region_start_data
                0x00003770        0x4 LONG 0xb8 __cy_region_init_size_ram
                0x00003774        0x4 LONG 0x140 __cy_region_zero_size_ram
                0x00003778                __cy_regions_end = .
                0x00003778                . = ALIGN (0x8)
                0x00003778                _etext = .

.cy_checksum_exclude
                0x00003778        0x0
 *(.cy_checksum_exclude)

.ramvectors     0x1fff8000       0xc0
                0x1fff8000                __cy_region_start_ram = .
 *(.ramvectors)
 .ramvectors    0x1fff8000       0xc0 .\CortexM3\ARM_GCC_541\Debug\Cm3Start.o
                0x1fff8000                CyRamVectors

.noinit         0x1fff80c0        0x1
 *(.noinit)
 .noinit        0x1fff80c0        0x1 .\CortexM3\ARM_GCC_541\Debug\Timing Analyzer.a(CyLib.o)
                0x1fff80c0                CyResetStatus

.data           0x1fff80c8       0xb8 load address 0x00003778
                0x1fff80c8                __cy_region_start_data = .
 *(.jcr)
 .jcr           0x1fff80c8        0x0 c:/h_da softwares & projects/psoc creator/4.4/psoc creator/import/gnu/arm/5.4.1/bin/../lib/gcc/arm-none-eabi/5.4.1/armv7-m/crtbegin.o
 .jcr           0x1fff80c8        0x4 c:/h_da softwares & projects/psoc creator/4.4/psoc creator/import/gnu/arm/5.4.1/bin/../lib/gcc/arm-none-eabi/5.4.1/armv7-m/crtend.o
 *(.got.plt)
 *(.got)
 *(.shdata)
 *(.data .data.* .gnu.linkonce.d.*)
 .data          0x1fff80cc        0x4 .\CortexM3\ARM_GCC_541\Debug\Cm3Start.o
 .data          0x1fff80d0       0x10 .\CortexM3\ARM_GCC_541\Debug\Timing Analyzer.a(CyLib.o)
                0x1fff80d0                cydelay_32k_ms
                0x1fff80d4                cydelay_freq_khz
                0x1fff80d8                cydelay_freq_mhz
                0x1fff80dc                cydelay_freq_hz
 .data.impure_data
                0x1fff80e0       0x60 c:/h_da softwares & projects/psoc creator/4.4/psoc creator/import/gnu/arm/5.4.1/bin/../lib/gcc/arm-none-eabi/5.4.1/../../../../arm-none-eabi/lib/armv7-m\libg_nano.a(lib_a-impure.o)
 .data._impure_ptr
                0x1fff8140        0x4 c:/h_da softwares & projects/psoc creator/4.4/psoc creator/import/gnu/arm/5.4.1/bin/../lib/gcc/arm-none-eabi/5.4.1/../../../../arm-none-eabi/lib/armv7-m\libg_nano.a(lib_a-impure.o)
                0x1fff8140                _impure_ptr
 .data.lconv    0x1fff8144       0x38 c:/h_da softwares & projects/psoc creator/4.4/psoc creator/import/gnu/arm/5.4.1/bin/../lib/gcc/arm-none-eabi/5.4.1/../../../../arm-none-eabi/lib/armv7-m\libg_nano.a(lib_a-locale.o)
                0x1fff8180                . = ALIGN (0x8)
 *fill*         0x1fff817c        0x4 
 *(.ram)
                0x1fff8180                _edata = .

.igot.plt       0x1fff8180        0x0 load address 0x00003830
 .igot.plt      0x1fff8180        0x0 c:/h_da softwares & projects/psoc creator/4.4/psoc creator/import/gnu/arm/5.4.1/bin/../lib/gcc/arm-none-eabi/5.4.1/armv7-m/crtbegin.o

.bss            0x1fff8180      0x140 load address 0x00003830
                0x1fff8180                PROVIDE (__bss_start__, .)
 *(.shbss)
 *(.bss .bss.* .gnu.linkonce.b.*)
 .bss           0x1fff8180       0x1c c:/h_da softwares & projects/psoc creator/4.4/psoc creator/import/gnu/arm/5.4.1/bin/../lib/gcc/arm-none-eabi/5.4.1/armv7-m/crtbegin.o
 .bss           0x1fff819c       0x30 .\CortexM3\ARM_GCC_541\Debug\TimingAnalyzer.o
 .bss           0x1fff81cc       0x1c .\CortexM3\ARM_GCC_541\Debug\Timing Analyzer.a(CyLib.o)
                0x1fff81e4                CySysTickInitVar
 .bss           0x1fff81e8        0x2 .\CortexM3\ARM_GCC_541\Debug\Timing Analyzer.a(UART_LOG.o)
                0x1fff81e8                UART_LOG_initVar
 *fill*         0x1fff81ea        0x2 
 .bss.__malloc_sbrk_start
                0x1fff81ec        0x4 c:/h_da softwares & projects/psoc creator/4.4/psoc creator/import/gnu/arm/5.4.1/bin/../lib/gcc/arm-none-eabi/5.4.1/../../../../arm-none-eabi/lib/armv7-m\libg_nano.a(lib_a-nano-mallocr.o)
                0x1fff81ec                __malloc_sbrk_start
 .bss.__malloc_free_list
                0x1fff81f0        0x4 c:/h_da softwares & projects/psoc creator/4.4/psoc creator/import/gnu/arm/5.4.1/bin/../lib/gcc/arm-none-eabi/5.4.1/../../../../arm-none-eabi/lib/armv7-m\libg_nano.a(lib_a-nano-mallocr.o)
                0x1fff81f0                __malloc_free_list
 *(COMMON)
 COMMON         0x1fff81f4       0xc4 .\CortexM3\ARM_GCC_541\Debug\main.o
                0x1fff81f4                analyzerMath
                0x1fff820c                analyzerIsr2secsSYS
                0x1fff8224                analyzerPin
                0x1fff823c                Pin_t
                0x1fff8240                analyzerSystick
                0x1fff8258                analyzerDwt
                0x1fff8270                analyzerIsr2secsDWT
                0x1fff8288                analyzerIsr1msDWT
                0x1fff82a0                analyzerIsr1msSYS
 COMMON         0x1fff82b8        0x4 c:/h_da softwares & projects/psoc creator/4.4/psoc creator/import/gnu/arm/5.4.1/bin/../lib/gcc/arm-none-eabi/5.4.1/../../../../arm-none-eabi/lib/armv7-m\libg_nano.a(lib_a-reent.o)
                0x1fff82b8                errno
                0x1fff82c0                . = ALIGN (0x8)
 *fill*         0x1fff82bc        0x4 
 *(.ram.b)
                0x1fff82c0                _end = .
                0x1fff82c0                __end = .
                0x1fff82c0                PROVIDE (end, .)
                0x1fff82c0                PROVIDE (__bss_end__, .)
                0x00003778                __cy_region_init_ram = LOADADDR (.data)
                0x000000b8                __cy_region_init_size_ram = (_edata - ADDR (.data))
                0x00000140                __cy_region_zero_size_ram = (_end - _edata)

.heap           0x1fff82c0      0x800 load address 0x00003830
                0x1fff82c0                . = _end
                0x1fff8ac0                . = (. + 0x800)
 *fill*         0x1fff82c0      0x800 
                0x1fff8ac0                __cy_heap_limit = .

.stack          0x20007800      0x800
                0x20007800                __cy_stack_limit = .
                0x20008000                . = (. + 0x800)
 *fill*         0x20007800      0x800 
                0x00000001                ASSERT ((__cy_stack_limit >= __cy_heap_limit), region RAM overflowed with stack)
                0x00000000                cy_checksum_exclude_size = (CY_APPL_LOADABLE == 0x1)?SIZEOF (.cy_checksum_exclude):0x0
                0x00000001                ASSERT ((cy_checksum_exclude_size <= CY_CHECKSUM_EXCLUDE_SIZE), CY_BOOT: Section .cy_checksum_exclude size exceedes specified limit.)

.cyloadermeta
 *(.cyloadermeta)

.cyloadablemeta
 *(.cyloadablemeta)

.cyconfigecc    0x80000000      0x40c
 *(.cyconfigecc)
 .cyconfigecc   0x80000000      0x40c .\CortexM3\ARM_GCC_541\Debug\cymetadata.o
                0x80000000                cy_meta_configecc

.cycustnvl      0x90000000        0x4
 *(.cycustnvl)
 .cycustnvl     0x90000000        0x4 .\CortexM3\ARM_GCC_541\Debug\cymetadata.o
                0x90000000                cy_meta_custnvl

.cywolatch      0x90100000        0x4
 *(.cywolatch)
 .cywolatch     0x90100000        0x4 .\CortexM3\ARM_GCC_541\Debug\cymetadata.o
                0x90100000                cy_meta_wonvl

.cyeeprom       0x90200000        0x0
 *(.cyeeprom)
                0x00000001                ASSERT ((. <= ((0x90200000 + ee_offset) + ee_size)), .cyeeprom data will not fit in EEPROM)

.cyflashprotect
                0x90400000      0x100
 *(.cyflashprotect)
 .cyflashprotect
                0x90400000      0x100 .\CortexM3\ARM_GCC_541\Debug\cymetadata.o
                0x90400000                cy_meta_flashprotect

.cymeta         0x90500000        0xc
 *(.cymeta)
 .cymeta        0x90500000        0xc .\CortexM3\ARM_GCC_541\Debug\cymetadata.o
                0x90500000                cy_metadata

.rel.dyn        0x00003830        0x0 load address 0x9050000c
 .rel.iplt      0x00003830        0x0 c:/h_da softwares & projects/psoc creator/4.4/psoc creator/import/gnu/arm/5.4.1/bin/../lib/gcc/arm-none-eabi/5.4.1/armv7-m/crtbegin.o

.stab
 *(.stab)

.stabstr
 *(.stabstr)

.debug
 *(.debug)

.line
 *(.line)

.debug_srcinfo
 *(.debug_srcinfo)

.debug_sfnames
 *(.debug_sfnames)

.debug_aranges  0x00000000      0x7f0
 *(.debug_aranges)
 .debug_aranges
                0x00000000       0x20 .\CortexM3\ARM_GCC_541\Debug\main.o
 .debug_aranges
                0x00000020       0x78 .\CortexM3\ARM_GCC_541\Debug\TimingAnalyzer.o
 .debug_aranges
                0x00000098       0x38 .\CortexM3\ARM_GCC_541\Debug\Pins.o
 .debug_aranges
                0x000000d0       0x58 .\CortexM3\ARM_GCC_541\Debug\cyfitter_cfg.o
 .debug_aranges
                0x00000128       0x18 .\CortexM3\ARM_GCC_541\Debug\cymetadata.o
 .debug_aranges
                0x00000140       0x48 .\CortexM3\ARM_GCC_541\Debug\Cm3Start.o
 .debug_aranges
                0x00000188      0x2a0 .\CortexM3\ARM_GCC_541\Debug\Timing Analyzer.a(CyLib.o)
 .debug_aranges
                0x00000428       0x98 .\CortexM3\ARM_GCC_541\Debug\Timing Analyzer.a(cyPm.o)
 .debug_aranges
                0x000004c0       0x38 .\CortexM3\ARM_GCC_541\Debug\Timing Analyzer.a(RED_LED.o)
 .debug_aranges
                0x000004f8       0x38 .\CortexM3\ARM_GCC_541\Debug\Timing Analyzer.a(YELLOW_LED.o)
 .debug_aranges
                0x00000530       0x38 .\CortexM3\ARM_GCC_541\Debug\Timing Analyzer.a(GREEN_LED.o)
 .debug_aranges
                0x00000568       0xf0 .\CortexM3\ARM_GCC_541\Debug\Timing Analyzer.a(UART_LOG.o)
 .debug_aranges
                0x00000658       0x70 .\CortexM3\ARM_GCC_541\Debug\Timing Analyzer.a(UART_LOG_IntClock.o)
 .debug_aranges
                0x000006c8       0x20 .\CortexM3\ARM_GCC_541\Debug\Timing Analyzer.a(CyBootAsmGnu.o)
 .debug_aranges
                0x000006e8       0x88 .\CortexM3\ARM_GCC_541\Debug\Timing Analyzer.a(CyFlash.o)
 .debug_aranges
                0x00000770       0x80 .\CortexM3\ARM_GCC_541\Debug\Timing Analyzer.a(CySpc.o)

.debug_pubnames
 *(.debug_pubnames)

.debug_info     0x00000000     0x51d8
 *(.debug_info .gnu.linkonce.wi.*)
 .debug_info    0x00000000      0x57f .\CortexM3\ARM_GCC_541\Debug\main.o
 .debug_info    0x0000057f      0x9fa .\CortexM3\ARM_GCC_541\Debug\TimingAnalyzer.o
 .debug_info    0x00000f79      0x1f8 .\CortexM3\ARM_GCC_541\Debug\Pins.o
 .debug_info    0x00001171      0x5cd .\CortexM3\ARM_GCC_541\Debug\cyfitter_cfg.o
 .debug_info    0x0000173e      0x135 .\CortexM3\ARM_GCC_541\Debug\cymetadata.o
 .debug_info    0x00001873      0x3bb .\CortexM3\ARM_GCC_541\Debug\Cm3Start.o
 .debug_info    0x00001c2e     0x1374 .\CortexM3\ARM_GCC_541\Debug\Timing Analyzer.a(CyLib.o)
 .debug_info    0x00002fa2      0xa2a .\CortexM3\ARM_GCC_541\Debug\Timing Analyzer.a(cyPm.o)
 .debug_info    0x000039cc      0x11f .\CortexM3\ARM_GCC_541\Debug\Timing Analyzer.a(RED_LED.o)
 .debug_info    0x00003aeb      0x11f .\CortexM3\ARM_GCC_541\Debug\Timing Analyzer.a(YELLOW_LED.o)
 .debug_info    0x00003c0a      0x11f .\CortexM3\ARM_GCC_541\Debug\Timing Analyzer.a(GREEN_LED.o)
 .debug_info    0x00003d29      0x60c .\CortexM3\ARM_GCC_541\Debug\Timing Analyzer.a(UART_LOG.o)
 .debug_info    0x00004335      0x283 .\CortexM3\ARM_GCC_541\Debug\Timing Analyzer.a(UART_LOG_IntClock.o)
 .debug_info    0x000045b8       0x83 .\CortexM3\ARM_GCC_541\Debug\Timing Analyzer.a(CyBootAsmGnu.o)
 .debug_info    0x0000463b      0x64d .\CortexM3\ARM_GCC_541\Debug\Timing Analyzer.a(CyFlash.o)
 .debug_info    0x00004c88      0x550 .\CortexM3\ARM_GCC_541\Debug\Timing Analyzer.a(CySpc.o)

.debug_abbrev   0x00000000     0x14b0
 *(.debug_abbrev)
 .debug_abbrev  0x00000000      0x165 .\CortexM3\ARM_GCC_541\Debug\main.o
 .debug_abbrev  0x00000165      0x263 .\CortexM3\ARM_GCC_541\Debug\TimingAnalyzer.o
 .debug_abbrev  0x000003c8       0xe1 .\CortexM3\ARM_GCC_541\Debug\Pins.o
 .debug_abbrev  0x000004a9      0x20d .\CortexM3\ARM_GCC_541\Debug\cyfitter_cfg.o
 .debug_abbrev  0x000006b6       0x66 .\CortexM3\ARM_GCC_541\Debug\cymetadata.o
 .debug_abbrev  0x0000071c      0x1e8 .\CortexM3\ARM_GCC_541\Debug\Cm3Start.o
 .debug_abbrev  0x00000904      0x254 .\CortexM3\ARM_GCC_541\Debug\Timing Analyzer.a(CyLib.o)
 .debug_abbrev  0x00000b58      0x1ab .\CortexM3\ARM_GCC_541\Debug\Timing Analyzer.a(cyPm.o)
 .debug_abbrev  0x00000d03       0x90 .\CortexM3\ARM_GCC_541\Debug\Timing Analyzer.a(RED_LED.o)
 .debug_abbrev  0x00000d93       0x90 .\CortexM3\ARM_GCC_541\Debug\Timing Analyzer.a(YELLOW_LED.o)
 .debug_abbrev  0x00000e23       0x90 .\CortexM3\ARM_GCC_541\Debug\Timing Analyzer.a(GREEN_LED.o)
 .debug_abbrev  0x00000eb3      0x175 .\CortexM3\ARM_GCC_541\Debug\Timing Analyzer.a(UART_LOG.o)
 .debug_abbrev  0x00001028      0x139 .\CortexM3\ARM_GCC_541\Debug\Timing Analyzer.a(UART_LOG_IntClock.o)
 .debug_abbrev  0x00001161       0x14 .\CortexM3\ARM_GCC_541\Debug\Timing Analyzer.a(CyBootAsmGnu.o)
 .debug_abbrev  0x00001175      0x1a7 .\CortexM3\ARM_GCC_541\Debug\Timing Analyzer.a(CyFlash.o)
 .debug_abbrev  0x0000131c      0x194 .\CortexM3\ARM_GCC_541\Debug\Timing Analyzer.a(CySpc.o)

.debug_line     0x00000000     0x2421
 *(.debug_line)
 .debug_line    0x00000000      0x23a .\CortexM3\ARM_GCC_541\Debug\main.o
 .debug_line    0x0000023a      0x45a .\CortexM3\ARM_GCC_541\Debug\TimingAnalyzer.o
 .debug_line    0x00000694      0x1c8 .\CortexM3\ARM_GCC_541\Debug\Pins.o
 .debug_line    0x0000085c      0x1f6 .\CortexM3\ARM_GCC_541\Debug\cyfitter_cfg.o
 .debug_line    0x00000a52      0x13d .\CortexM3\ARM_GCC_541\Debug\cymetadata.o
 .debug_line    0x00000b8f      0x230 .\CortexM3\ARM_GCC_541\Debug\Cm3Start.o
 .debug_line    0x00000dbf      0x816 .\CortexM3\ARM_GCC_541\Debug\Timing Analyzer.a(CyLib.o)
 .debug_line    0x000015d5      0x367 .\CortexM3\ARM_GCC_541\Debug\Timing Analyzer.a(cyPm.o)
 .debug_line    0x0000193c       0x94 .\CortexM3\ARM_GCC_541\Debug\Timing Analyzer.a(RED_LED.o)
 .debug_line    0x000019d0       0x97 .\CortexM3\ARM_GCC_541\Debug\Timing Analyzer.a(YELLOW_LED.o)
 .debug_line    0x00001a67       0x96 .\CortexM3\ARM_GCC_541\Debug\Timing Analyzer.a(GREEN_LED.o)
 .debug_line    0x00001afd      0x2c4 .\CortexM3\ARM_GCC_541\Debug\Timing Analyzer.a(UART_LOG.o)
 .debug_line    0x00001dc1      0x180 .\CortexM3\ARM_GCC_541\Debug\Timing Analyzer.a(UART_LOG_IntClock.o)
 .debug_line    0x00001f41       0x66 .\CortexM3\ARM_GCC_541\Debug\Timing Analyzer.a(CyBootAsmGnu.o)
 .debug_line    0x00001fa7      0x21a .\CortexM3\ARM_GCC_541\Debug\Timing Analyzer.a(CyFlash.o)
 .debug_line    0x000021c1      0x260 .\CortexM3\ARM_GCC_541\Debug\Timing Analyzer.a(CySpc.o)

.debug_frame    0x00000000     0x1d40
 *(.debug_frame)
 .debug_frame   0x00000000       0x30 .\CortexM3\ARM_GCC_541\Debug\main.o
 .debug_frame   0x00000030      0x1f8 .\CortexM3\ARM_GCC_541\Debug\TimingAnalyzer.o
 .debug_frame   0x00000228       0x80 .\CortexM3\ARM_GCC_541\Debug\Pins.o
 .debug_frame   0x000002a8       0xe4 .\CortexM3\ARM_GCC_541\Debug\cyfitter_cfg.o
 .debug_frame   0x0000038c       0xb8 .\CortexM3\ARM_GCC_541\Debug\Cm3Start.o
 .debug_frame   0x00000444      0x738 .\CortexM3\ARM_GCC_541\Debug\Timing Analyzer.a(CyLib.o)
 .debug_frame   0x00000b7c      0x1f8 .\CortexM3\ARM_GCC_541\Debug\Timing Analyzer.a(cyPm.o)
 .debug_frame   0x00000d74       0x50 .\CortexM3\ARM_GCC_541\Debug\Timing Analyzer.a(RED_LED.o)
 .debug_frame   0x00000dc4       0x50 .\CortexM3\ARM_GCC_541\Debug\Timing Analyzer.a(YELLOW_LED.o)
 .debug_frame   0x00000e14       0x50 .\CortexM3\ARM_GCC_541\Debug\Timing Analyzer.a(GREEN_LED.o)
 .debug_frame   0x00000e64      0x250 .\CortexM3\ARM_GCC_541\Debug\Timing Analyzer.a(UART_LOG.o)
 .debug_frame   0x000010b4       0xe0 .\CortexM3\ARM_GCC_541\Debug\Timing Analyzer.a(UART_LOG_IntClock.o)
 .debug_frame   0x00001194      0x194 .\CortexM3\ARM_GCC_541\Debug\Timing Analyzer.a(CyFlash.o)
 .debug_frame   0x00001328      0x180 .\CortexM3\ARM_GCC_541\Debug\Timing Analyzer.a(CySpc.o)
 .debug_frame   0x000014a8       0x20 c:/h_da softwares & projects/psoc creator/4.4/psoc creator/import/gnu/arm/5.4.1/bin/../lib/gcc/arm-none-eabi/5.4.1/../../../../arm-none-eabi/lib/armv7-m\libg_nano.a(lib_a-errno.o)
 .debug_frame   0x000014c8       0x28 c:/h_da softwares & projects/psoc creator/4.4/psoc creator/import/gnu/arm/5.4.1/bin/../lib/gcc/arm-none-eabi/5.4.1/../../../../arm-none-eabi/lib/armv7-m\libg_nano.a(lib_a-exit.o)
 .debug_frame   0x000014f0       0x2c c:/h_da softwares & projects/psoc creator/4.4/psoc creator/import/gnu/arm/5.4.1/bin/../lib/gcc/arm-none-eabi/5.4.1/../../../../arm-none-eabi/lib/armv7-m\libg_nano.a(lib_a-init.o)
 .debug_frame   0x0000151c       0x28 c:/h_da softwares & projects/psoc creator/4.4/psoc creator/import/gnu/arm/5.4.1/bin/../lib/gcc/arm-none-eabi/5.4.1/../../../../arm-none-eabi/lib/armv7-m\libg_nano.a(lib_a-memcpy-stub.o)
 .debug_frame   0x00001544       0x20 c:/h_da softwares & projects/psoc creator/4.4/psoc creator/import/gnu/arm/5.4.1/bin/../lib/gcc/arm-none-eabi/5.4.1/../../../../arm-none-eabi/lib/armv7-m\libg_nano.a(lib_a-memset.o)
 .debug_frame   0x00001564       0x8c c:/h_da softwares & projects/psoc creator/4.4/psoc creator/import/gnu/arm/5.4.1/bin/../lib/gcc/arm-none-eabi/5.4.1/../../../../arm-none-eabi/lib/armv7-m\libg_nano.a(lib_a-nano-vfprintf_float.o)
 .debug_frame   0x000015f0       0x60 c:/h_da softwares & projects/psoc creator/4.4/psoc creator/import/gnu/arm/5.4.1/bin/../lib/gcc/arm-none-eabi/5.4.1/../../../../arm-none-eabi/lib/armv7-m\libg_nano.a(lib_a-nano-vfprintf_i.o)
 .debug_frame   0x00001650       0x74 c:/h_da softwares & projects/psoc creator/4.4/psoc creator/import/gnu/arm/5.4.1/bin/../lib/gcc/arm-none-eabi/5.4.1/../../../../arm-none-eabi/lib/armv7-m\libg_nano.a(lib_a-snprintf.o)
 .debug_frame   0x000016c4       0x70 c:/h_da softwares & projects/psoc creator/4.4/psoc creator/import/gnu/arm/5.4.1/bin/../lib/gcc/arm-none-eabi/5.4.1/../../../../arm-none-eabi/lib/armv7-m\libg_nano.a(lib_a-sprintf.o)
 .debug_frame   0x00001734       0x6c c:/h_da softwares & projects/psoc creator/4.4/psoc creator/import/gnu/arm/5.4.1/bin/../lib/gcc/arm-none-eabi/5.4.1/../../../../arm-none-eabi/lib/armv7-m\libg_nano.a(lib_a-dtoa.o)
 .debug_frame   0x000017a0       0x98 c:/h_da softwares & projects/psoc creator/4.4/psoc creator/import/gnu/arm/5.4.1/bin/../lib/gcc/arm-none-eabi/5.4.1/../../../../arm-none-eabi/lib/armv7-m\libg_nano.a(lib_a-locale.o)
 .debug_frame   0x00001838       0x30 c:/h_da softwares & projects/psoc creator/4.4/psoc creator/import/gnu/arm/5.4.1/bin/../lib/gcc/arm-none-eabi/5.4.1/../../../../arm-none-eabi/lib/armv7-m\libg_nano.a(lib_a-malloc.o)
 .debug_frame   0x00001868       0x28 c:/h_da softwares & projects/psoc creator/4.4/psoc creator/import/gnu/arm/5.4.1/bin/../lib/gcc/arm-none-eabi/5.4.1/../../../../arm-none-eabi/lib/armv7-m\libg_nano.a(lib_a-memchr-stub.o)
 .debug_frame   0x00001890      0x234 c:/h_da softwares & projects/psoc creator/4.4/psoc creator/import/gnu/arm/5.4.1/bin/../lib/gcc/arm-none-eabi/5.4.1/../../../../arm-none-eabi/lib/armv7-m\libg_nano.a(lib_a-mprec.o)
 .debug_frame   0x00001ac4       0x2c c:/h_da softwares & projects/psoc creator/4.4/psoc creator/import/gnu/arm/5.4.1/bin/../lib/gcc/arm-none-eabi/5.4.1/../../../../arm-none-eabi/lib/armv7-m\libg_nano.a(lib_a-nano-callocr.o)
 .debug_frame   0x00001af0       0x38 c:/h_da softwares & projects/psoc creator/4.4/psoc creator/import/gnu/arm/5.4.1/bin/../lib/gcc/arm-none-eabi/5.4.1/../../../../arm-none-eabi/lib/armv7-m\libg_nano.a(lib_a-nano-freer.o)
 .debug_frame   0x00001b28       0x2c c:/h_da softwares & projects/psoc creator/4.4/psoc creator/import/gnu/arm/5.4.1/bin/../lib/gcc/arm-none-eabi/5.4.1/../../../../arm-none-eabi/lib/armv7-m\libg_nano.a(lib_a-nano-mallocr.o)
 .debug_frame   0x00001b54       0x90 c:/h_da softwares & projects/psoc creator/4.4/psoc creator/import/gnu/arm/5.4.1/bin/../lib/gcc/arm-none-eabi/5.4.1/../../../../arm-none-eabi/lib/armv7-m\libg_nano.a(lib_a-nano-svfprintf.o)
 .debug_frame   0x00001be4       0x2c c:/h_da softwares & projects/psoc creator/4.4/psoc creator/import/gnu/arm/5.4.1/bin/../lib/gcc/arm-none-eabi/5.4.1/../../../../arm-none-eabi/lib/armv7-m\libg_nano.a(lib_a-sbrkr.o)
 .debug_frame   0x00001c10       0x20 c:/h_da softwares & projects/psoc creator/4.4/psoc creator/import/gnu/arm/5.4.1/bin/../lib/gcc/arm-none-eabi/5.4.1/../../../../arm-none-eabi/lib/armv7-m\libg_nano.a(lib_a-strcmp.o)
 .debug_frame   0x00001c30       0x28 c:/h_da softwares & projects/psoc creator/4.4/psoc creator/import/gnu/arm/5.4.1/bin/../lib/gcc/arm-none-eabi/5.4.1/../../../../arm-none-eabi/lib/armv7-m\libg_nano.a(lib_a-memmove.o)
 .debug_frame   0x00001c58       0x30 c:/h_da softwares & projects/psoc creator/4.4/psoc creator/import/gnu/arm/5.4.1/bin/../lib/gcc/arm-none-eabi/5.4.1/../../../../arm-none-eabi/lib/armv7-m\libg_nano.a(lib_a-mlock.o)
 .debug_frame   0x00001c88       0x3c c:/h_da softwares & projects/psoc creator/4.4/psoc creator/import/gnu/arm/5.4.1/bin/../lib/gcc/arm-none-eabi/5.4.1/../../../../arm-none-eabi/lib/armv7-m\libg_nano.a(lib_a-nano-reallocr.o)
 .debug_frame   0x00001cc4       0x5c c:/h_da softwares & projects/psoc creator/4.4/psoc creator/import/gnu/arm/5.4.1/bin/../lib/gcc/arm-none-eabi/5.4.1/../../../../arm-none-eabi/lib/armv7-m\libg_nano.a(lib_a-reent.o)
 .debug_frame   0x00001d20       0x20 c:/h_da softwares & projects/psoc creator/4.4/psoc creator/import/gnu/arm/5.4.1/bin/../lib/gcc/arm-none-eabi/5.4.1/../../../../arm-none-eabi/lib/armv7-m\libg_nano.a(lib_a-nano-msizer.o)

.debug_str      0x00000000     0x1f0d
 *(.debug_str)
 .debug_str     0x00000000      0x566 .\CortexM3\ARM_GCC_541\Debug\main.o
                                0x5c5 (size before relaxing)
 .debug_str     0x00000566      0x242 .\CortexM3\ARM_GCC_541\Debug\TimingAnalyzer.o
                                0x73c (size before relaxing)
 .debug_str     0x000007a8       0x6b .\CortexM3\ARM_GCC_541\Debug\Pins.o
                                0x246 (size before relaxing)
 .debug_str     0x00000813      0x1b6 .\CortexM3\ARM_GCC_541\Debug\cyfitter_cfg.o
                                0x337 (size before relaxing)
 .debug_str     0x000009c9       0x75 .\CortexM3\ARM_GCC_541\Debug\cymetadata.o
                                0x1d7 (size before relaxing)
 .debug_str     0x00000a3e      0x13f .\CortexM3\ARM_GCC_541\Debug\Cm3Start.o
                                0x2fd (size before relaxing)
 .debug_str     0x00000b7d      0x7fb .\CortexM3\ARM_GCC_541\Debug\Timing Analyzer.a(CyLib.o)
                                0xa3a (size before relaxing)
 .debug_str     0x00001378      0x365 .\CortexM3\ARM_GCC_541\Debug\Timing Analyzer.a(cyPm.o)
                                0x726 (size before relaxing)
 .debug_str     0x000016dd       0x62 .\CortexM3\ARM_GCC_541\Debug\Timing Analyzer.a(RED_LED.o)
                                0x1df (size before relaxing)
 .debug_str     0x0000173f       0x63 .\CortexM3\ARM_GCC_541\Debug\Timing Analyzer.a(YELLOW_LED.o)
                                0x1ee (size before relaxing)
 .debug_str     0x000017a2       0x5f .\CortexM3\ARM_GCC_541\Debug\Timing Analyzer.a(GREEN_LED.o)
                                0x1e9 (size before relaxing)
 .debug_str     0x00001801      0x301 .\CortexM3\ARM_GCC_541\Debug\Timing Analyzer.a(UART_LOG.o)
                                0x4e4 (size before relaxing)
 .debug_str     0x00001b02      0x1ab .\CortexM3\ARM_GCC_541\Debug\Timing Analyzer.a(UART_LOG_IntClock.o)
                                0x359 (size before relaxing)
 .debug_str     0x00001cad      0x1b4 .\CortexM3\ARM_GCC_541\Debug\Timing Analyzer.a(CyFlash.o)
                                0x3b3 (size before relaxing)
 .debug_str     0x00001e61       0xac .\CortexM3\ARM_GCC_541\Debug\Timing Analyzer.a(CySpc.o)
                                0x32b (size before relaxing)

.debug_loc      0x00000000     0x2584
 *(.debug_loc)
 .debug_loc     0x00000000       0x1f .\CortexM3\ARM_GCC_541\Debug\main.o
 .debug_loc     0x0000001f      0x643 .\CortexM3\ARM_GCC_541\Debug\TimingAnalyzer.o
 .debug_loc     0x00000662       0x63 .\CortexM3\ARM_GCC_541\Debug\Pins.o
 .debug_loc     0x000006c5      0x289 .\CortexM3\ARM_GCC_541\Debug\cyfitter_cfg.o
 .debug_loc     0x0000094e      0x144 .\CortexM3\ARM_GCC_541\Debug\Cm3Start.o
 .debug_loc     0x00000a92      0xa11 .\CortexM3\ARM_GCC_541\Debug\Timing Analyzer.a(CyLib.o)
 .debug_loc     0x000014a3      0x1e4 .\CortexM3\ARM_GCC_541\Debug\Timing Analyzer.a(cyPm.o)
 .debug_loc     0x00001687       0x42 .\CortexM3\ARM_GCC_541\Debug\Timing Analyzer.a(RED_LED.o)
 .debug_loc     0x000016c9       0x42 .\CortexM3\ARM_GCC_541\Debug\Timing Analyzer.a(YELLOW_LED.o)
 .debug_loc     0x0000170b       0x42 .\CortexM3\ARM_GCC_541\Debug\Timing Analyzer.a(GREEN_LED.o)
 .debug_loc     0x0000174d      0x258 .\CortexM3\ARM_GCC_541\Debug\Timing Analyzer.a(UART_LOG.o)
 .debug_loc     0x000019a5      0x128 .\CortexM3\ARM_GCC_541\Debug\Timing Analyzer.a(UART_LOG_IntClock.o)
 .debug_loc     0x00001acd      0x3b2 .\CortexM3\ARM_GCC_541\Debug\Timing Analyzer.a(CyFlash.o)
 .debug_loc     0x00001e7f      0x705 .\CortexM3\ARM_GCC_541\Debug\Timing Analyzer.a(CySpc.o)

.debug_macinfo
 *(.debug_macinfo)

.debug_ranges   0x00000000      0x718
 *(.debug_ranges)
 .debug_ranges  0x00000000       0x10 .\CortexM3\ARM_GCC_541\Debug\main.o
 .debug_ranges  0x00000010       0xa8 .\CortexM3\ARM_GCC_541\Debug\TimingAnalyzer.o
 .debug_ranges  0x000000b8       0x28 .\CortexM3\ARM_GCC_541\Debug\Pins.o
 .debug_ranges  0x000000e0       0x48 .\CortexM3\ARM_GCC_541\Debug\cyfitter_cfg.o
 .debug_ranges  0x00000128       0x38 .\CortexM3\ARM_GCC_541\Debug\Cm3Start.o
 .debug_ranges  0x00000160      0x290 .\CortexM3\ARM_GCC_541\Debug\Timing Analyzer.a(CyLib.o)
 .debug_ranges  0x000003f0       0x88 .\CortexM3\ARM_GCC_541\Debug\Timing Analyzer.a(cyPm.o)
 .debug_ranges  0x00000478       0x28 .\CortexM3\ARM_GCC_541\Debug\Timing Analyzer.a(RED_LED.o)
 .debug_ranges  0x000004a0       0x28 .\CortexM3\ARM_GCC_541\Debug\Timing Analyzer.a(YELLOW_LED.o)
 .debug_ranges  0x000004c8       0x28 .\CortexM3\ARM_GCC_541\Debug\Timing Analyzer.a(GREEN_LED.o)
 .debug_ranges  0x000004f0       0xe0 .\CortexM3\ARM_GCC_541\Debug\Timing Analyzer.a(UART_LOG.o)
 .debug_ranges  0x000005d0       0x60 .\CortexM3\ARM_GCC_541\Debug\Timing Analyzer.a(UART_LOG_IntClock.o)
 .debug_ranges  0x00000630       0x78 .\CortexM3\ARM_GCC_541\Debug\Timing Analyzer.a(CyFlash.o)
 .debug_ranges  0x000006a8       0x70 .\CortexM3\ARM_GCC_541\Debug\Timing Analyzer.a(CySpc.o)

.comment        0x00000000       0x6e
 .comment       0x00000000       0x6e .\CortexM3\ARM_GCC_541\Debug\main.o
                                 0x6f (size before relaxing)
 .comment       0x0000006e       0x6f .\CortexM3\ARM_GCC_541\Debug\TimingAnalyzer.o
 .comment       0x0000006e       0x6f .\CortexM3\ARM_GCC_541\Debug\Pins.o
 .comment       0x0000006e       0x6f .\CortexM3\ARM_GCC_541\Debug\cyfitter_cfg.o
 .comment       0x0000006e       0x6f .\CortexM3\ARM_GCC_541\Debug\cymetadata.o
 .comment       0x0000006e       0x6f .\CortexM3\ARM_GCC_541\Debug\Cm3Start.o
 .comment       0x0000006e       0x6f .\CortexM3\ARM_GCC_541\Debug\Timing Analyzer.a(CyLib.o)
 .comment       0x0000006e       0x6f .\CortexM3\ARM_GCC_541\Debug\Timing Analyzer.a(cyPm.o)
 .comment       0x0000006e       0x6f .\CortexM3\ARM_GCC_541\Debug\Timing Analyzer.a(RED_LED.o)
 .comment       0x0000006e       0x6f .\CortexM3\ARM_GCC_541\Debug\Timing Analyzer.a(YELLOW_LED.o)
 .comment       0x0000006e       0x6f .\CortexM3\ARM_GCC_541\Debug\Timing Analyzer.a(GREEN_LED.o)
 .comment       0x0000006e       0x6f .\CortexM3\ARM_GCC_541\Debug\Timing Analyzer.a(UART_LOG.o)
 .comment       0x0000006e       0x6f .\CortexM3\ARM_GCC_541\Debug\Timing Analyzer.a(UART_LOG_IntClock.o)
 .comment       0x0000006e       0x6f .\CortexM3\ARM_GCC_541\Debug\Timing Analyzer.a(CyFlash.o)
 .comment       0x0000006e       0x6f .\CortexM3\ARM_GCC_541\Debug\Timing Analyzer.a(CySpc.o)

.debug_weaknames
 *(.debug_weaknames)

.debug_funcnames
 *(.debug_funcnames)

.debug_typenames
 *(.debug_typenames)

.debug_varnames
 *(.debug_varnames)

.note.gnu.arm.ident
 *(.note.gnu.arm.ident)

.ARM.attributes
                0x00000000       0x29
 *(.ARM.attributes)
 .ARM.attributes
                0x00000000       0x1d c:/h_da softwares & projects/psoc creator/4.4/psoc creator/import/gnu/arm/5.4.1/bin/../lib/gcc/arm-none-eabi/5.4.1/armv7-m/crti.o
 .ARM.attributes
                0x0000001d       0x2d c:/h_da softwares & projects/psoc creator/4.4/psoc creator/import/gnu/arm/5.4.1/bin/../lib/gcc/arm-none-eabi/5.4.1/armv7-m/crtbegin.o
 .ARM.attributes
                0x0000004a       0x1b c:/h_da softwares & projects/psoc creator/4.4/psoc creator/import/gnu/arm/5.4.1/bin/../lib/gcc/arm-none-eabi/5.4.1/../../../../arm-none-eabi/lib/armv7-m/crt0.o
 .ARM.attributes
                0x00000065       0x33 .\CortexM3\ARM_GCC_541\Debug\main.o
 .ARM.attributes
                0x00000098       0x33 .\CortexM3\ARM_GCC_541\Debug\TimingAnalyzer.o
 .ARM.attributes
                0x000000cb       0x33 .\CortexM3\ARM_GCC_541\Debug\Pins.o
 .ARM.attributes
                0x000000fe       0x33 .\CortexM3\ARM_GCC_541\Debug\cyfitter_cfg.o
 .ARM.attributes
                0x00000131       0x33 .\CortexM3\ARM_GCC_541\Debug\cymetadata.o
 .ARM.attributes
                0x00000164       0x33 .\CortexM3\ARM_GCC_541\Debug\Cm3Start.o
 .ARM.attributes
                0x00000197       0x33 .\CortexM3\ARM_GCC_541\Debug\Timing Analyzer.a(CyLib.o)
 .ARM.attributes
                0x000001ca       0x33 .\CortexM3\ARM_GCC_541\Debug\Timing Analyzer.a(cyPm.o)
 .ARM.attributes
                0x000001fd       0x33 .\CortexM3\ARM_GCC_541\Debug\Timing Analyzer.a(RED_LED.o)
 .ARM.attributes
                0x00000230       0x33 .\CortexM3\ARM_GCC_541\Debug\Timing Analyzer.a(YELLOW_LED.o)
 .ARM.attributes
                0x00000263       0x33 .\CortexM3\ARM_GCC_541\Debug\Timing Analyzer.a(GREEN_LED.o)
 .ARM.attributes
                0x00000296       0x33 .\CortexM3\ARM_GCC_541\Debug\Timing Analyzer.a(UART_LOG.o)
 .ARM.attributes
                0x000002c9       0x33 .\CortexM3\ARM_GCC_541\Debug\Timing Analyzer.a(UART_LOG_IntClock.o)
 .ARM.attributes
                0x000002fc       0x21 .\CortexM3\ARM_GCC_541\Debug\Timing Analyzer.a(CyBootAsmGnu.o)
 .ARM.attributes
                0x0000031d       0x33 .\CortexM3\ARM_GCC_541\Debug\Timing Analyzer.a(CyFlash.o)
 .ARM.attributes
                0x00000350       0x33 .\CortexM3\ARM_GCC_541\Debug\Timing Analyzer.a(CySpc.o)
 .ARM.attributes
                0x00000383       0x2d c:/h_da softwares & projects/psoc creator/4.4/psoc creator/import/gnu/arm/5.4.1/bin/../lib/gcc/arm-none-eabi/5.4.1/../../../../arm-none-eabi/lib/armv7-m\libg_nano.a(lib_a-errno.o)
 .ARM.attributes
                0x000003b0       0x2d c:/h_da softwares & projects/psoc creator/4.4/psoc creator/import/gnu/arm/5.4.1/bin/../lib/gcc/arm-none-eabi/5.4.1/../../../../arm-none-eabi/lib/armv7-m\libg_nano.a(lib_a-exit.o)
 .ARM.attributes
                0x000003dd       0x2d c:/h_da softwares & projects/psoc creator/4.4/psoc creator/import/gnu/arm/5.4.1/bin/../lib/gcc/arm-none-eabi/5.4.1/../../../../arm-none-eabi/lib/armv7-m\libg_nano.a(lib_a-impure.o)
 .ARM.attributes
                0x0000040a       0x2d c:/h_da softwares & projects/psoc creator/4.4/psoc creator/import/gnu/arm/5.4.1/bin/../lib/gcc/arm-none-eabi/5.4.1/../../../../arm-none-eabi/lib/armv7-m\libg_nano.a(lib_a-init.o)
 .ARM.attributes
                0x00000437       0x2d c:/h_da softwares & projects/psoc creator/4.4/psoc creator/import/gnu/arm/5.4.1/bin/../lib/gcc/arm-none-eabi/5.4.1/../../../../arm-none-eabi/lib/armv7-m\libg_nano.a(lib_a-memcpy-stub.o)
 .ARM.attributes
                0x00000464       0x2d c:/h_da softwares & projects/psoc creator/4.4/psoc creator/import/gnu/arm/5.4.1/bin/../lib/gcc/arm-none-eabi/5.4.1/../../../../arm-none-eabi/lib/armv7-m\libg_nano.a(lib_a-memset.o)
 .ARM.attributes
                0x00000491       0x2d c:/h_da softwares & projects/psoc creator/4.4/psoc creator/import/gnu/arm/5.4.1/bin/../lib/gcc/arm-none-eabi/5.4.1/../../../../arm-none-eabi/lib/armv7-m\libg_nano.a(lib_a-nano-vfprintf_float.o)
 .ARM.attributes
                0x000004be       0x2d c:/h_da softwares & projects/psoc creator/4.4/psoc creator/import/gnu/arm/5.4.1/bin/../lib/gcc/arm-none-eabi/5.4.1/../../../../arm-none-eabi/lib/armv7-m\libg_nano.a(lib_a-nano-vfprintf_i.o)
 .ARM.attributes
                0x000004eb       0x2d c:/h_da softwares & projects/psoc creator/4.4/psoc creator/import/gnu/arm/5.4.1/bin/../lib/gcc/arm-none-eabi/5.4.1/../../../../arm-none-eabi/lib/armv7-m\libg_nano.a(lib_a-snprintf.o)
 .ARM.attributes
                0x00000518       0x2d c:/h_da softwares & projects/psoc creator/4.4/psoc creator/import/gnu/arm/5.4.1/bin/../lib/gcc/arm-none-eabi/5.4.1/../../../../arm-none-eabi/lib/armv7-m\libg_nano.a(lib_a-sprintf.o)
 .ARM.attributes
                0x00000545       0x17 c:/h_da softwares & projects/psoc creator/4.4/psoc creator/import/gnu/arm/5.4.1/bin/../lib/gcc/arm-none-eabi/5.4.1/../../../../arm-none-eabi/lib/armv7-m\libg_nano.a(lib_a-strlen.o)
 .ARM.attributes
                0x0000055c       0x2d c:/h_da softwares & projects/psoc creator/4.4/psoc creator/import/gnu/arm/5.4.1/bin/../lib/gcc/arm-none-eabi/5.4.1/../../../../arm-none-eabi/lib/armv7-m\libg_nano.a(lib_a-dtoa.o)
 .ARM.attributes
                0x00000589       0x2d c:/h_da softwares & projects/psoc creator/4.4/psoc creator/import/gnu/arm/5.4.1/bin/../lib/gcc/arm-none-eabi/5.4.1/../../../../arm-none-eabi/lib/armv7-m\libg_nano.a(lib_a-locale.o)
 .ARM.attributes
                0x000005b6       0x2d c:/h_da softwares & projects/psoc creator/4.4/psoc creator/import/gnu/arm/5.4.1/bin/../lib/gcc/arm-none-eabi/5.4.1/../../../../arm-none-eabi/lib/armv7-m\libg_nano.a(lib_a-malloc.o)
 .ARM.attributes
                0x000005e3       0x2d c:/h_da softwares & projects/psoc creator/4.4/psoc creator/import/gnu/arm/5.4.1/bin/../lib/gcc/arm-none-eabi/5.4.1/../../../../arm-none-eabi/lib/armv7-m\libg_nano.a(lib_a-memchr-stub.o)
 .ARM.attributes
                0x00000610       0x2d c:/h_da softwares & projects/psoc creator/4.4/psoc creator/import/gnu/arm/5.4.1/bin/../lib/gcc/arm-none-eabi/5.4.1/../../../../arm-none-eabi/lib/armv7-m\libg_nano.a(lib_a-mprec.o)
 .ARM.attributes
                0x0000063d       0x2d c:/h_da softwares & projects/psoc creator/4.4/psoc creator/import/gnu/arm/5.4.1/bin/../lib/gcc/arm-none-eabi/5.4.1/../../../../arm-none-eabi/lib/armv7-m\libg_nano.a(lib_a-nano-callocr.o)
 .ARM.attributes
                0x0000066a       0x2d c:/h_da softwares & projects/psoc creator/4.4/psoc creator/import/gnu/arm/5.4.1/bin/../lib/gcc/arm-none-eabi/5.4.1/../../../../arm-none-eabi/lib/armv7-m\libg_nano.a(lib_a-nano-freer.o)
 .ARM.attributes
                0x00000697       0x2d c:/h_da softwares & projects/psoc creator/4.4/psoc creator/import/gnu/arm/5.4.1/bin/../lib/gcc/arm-none-eabi/5.4.1/../../../../arm-none-eabi/lib/armv7-m\libg_nano.a(lib_a-nano-mallocr.o)
 .ARM.attributes
                0x000006c4       0x2d c:/h_da softwares & projects/psoc creator/4.4/psoc creator/import/gnu/arm/5.4.1/bin/../lib/gcc/arm-none-eabi/5.4.1/../../../../arm-none-eabi/lib/armv7-m\libg_nano.a(lib_a-nano-svfprintf.o)
 .ARM.attributes
                0x000006f1       0x2d c:/h_da softwares & projects/psoc creator/4.4/psoc creator/import/gnu/arm/5.4.1/bin/../lib/gcc/arm-none-eabi/5.4.1/../../../../arm-none-eabi/lib/armv7-m\libg_nano.a(lib_a-sbrkr.o)
 .ARM.attributes
                0x0000071e       0x1b c:/h_da softwares & projects/psoc creator/4.4/psoc creator/import/gnu/arm/5.4.1/bin/../lib/gcc/arm-none-eabi/5.4.1/../../../../arm-none-eabi/lib/armv7-m\libg_nano.a(lib_a-strcmp.o)
 .ARM.attributes
                0x00000739       0x2d c:/h_da softwares & projects/psoc creator/4.4/psoc creator/import/gnu/arm/5.4.1/bin/../lib/gcc/arm-none-eabi/5.4.1/../../../../arm-none-eabi/lib/armv7-m\libg_nano.a(lib_a-memmove.o)
 .ARM.attributes
                0x00000766       0x2d c:/h_da softwares & projects/psoc creator/4.4/psoc creator/import/gnu/arm/5.4.1/bin/../lib/gcc/arm-none-eabi/5.4.1/../../../../arm-none-eabi/lib/armv7-m\libg_nano.a(lib_a-mlock.o)
 .ARM.attributes
                0x00000793       0x2d c:/h_da softwares & projects/psoc creator/4.4/psoc creator/import/gnu/arm/5.4.1/bin/../lib/gcc/arm-none-eabi/5.4.1/../../../../arm-none-eabi/lib/armv7-m\libg_nano.a(lib_a-nano-reallocr.o)
 .ARM.attributes
                0x000007c0       0x2d c:/h_da softwares & projects/psoc creator/4.4/psoc creator/import/gnu/arm/5.4.1/bin/../lib/gcc/arm-none-eabi/5.4.1/../../../../arm-none-eabi/lib/armv7-m\libg_nano.a(lib_a-reent.o)
 .ARM.attributes
                0x000007ed       0x2d c:/h_da softwares & projects/psoc creator/4.4/psoc creator/import/gnu/arm/5.4.1/bin/../lib/gcc/arm-none-eabi/5.4.1/../../../../arm-none-eabi/lib/armv7-m\libg_nano.a(lib_a-nano-msizer.o)
 .ARM.attributes
                0x0000081a       0x1d c:/h_da softwares & projects/psoc creator/4.4/psoc creator/import/gnu/arm/5.4.1/bin/../lib/gcc/arm-none-eabi/5.4.1/armv7-m\libgcc.a(_arm_addsubdf3.o)
 .ARM.attributes
                0x00000837       0x1d c:/h_da softwares & projects/psoc creator/4.4/psoc creator/import/gnu/arm/5.4.1/bin/../lib/gcc/arm-none-eabi/5.4.1/armv7-m\libgcc.a(_arm_muldivdf3.o)
 .ARM.attributes
                0x00000854       0x1d c:/h_da softwares & projects/psoc creator/4.4/psoc creator/import/gnu/arm/5.4.1/bin/../lib/gcc/arm-none-eabi/5.4.1/armv7-m\libgcc.a(_arm_cmpdf2.o)
 .ARM.attributes
                0x00000871       0x1d c:/h_da softwares & projects/psoc creator/4.4/psoc creator/import/gnu/arm/5.4.1/bin/../lib/gcc/arm-none-eabi/5.4.1/armv7-m\libgcc.a(_arm_unorddf2.o)
 .ARM.attributes
                0x0000088e       0x1d c:/h_da softwares & projects/psoc creator/4.4/psoc creator/import/gnu/arm/5.4.1/bin/../lib/gcc/arm-none-eabi/5.4.1/armv7-m\libgcc.a(_arm_fixdfsi.o)
 .ARM.attributes
                0x000008ab       0x2d c:/h_da softwares & projects/psoc creator/4.4/psoc creator/import/gnu/arm/5.4.1/bin/../lib/gcc/arm-none-eabi/5.4.1/armv7-m/crtend.o
 .ARM.attributes
                0x000008d8       0x1d c:/h_da softwares & projects/psoc creator/4.4/psoc creator/import/gnu/arm/5.4.1/bin/../lib/gcc/arm-none-eabi/5.4.1/armv7-m/crtn.o

/DISCARD/
 *(.note.GNU-stack)
OUTPUT(D:\WS25\AMAEOS\Lab\Workspace01\Timing Analyzer.cydsn\CortexM3\ARM_GCC_541\Debug\Timing Analyzer.elf elf32-littlearm)
