Archive member included to satisfy reference by file (symbol)

.\CortexM3\ARM_GCC_541\Debug\Timing Analyzer.a(CyLib.o)
                              .\CortexM3\ARM_GCC_541\Debug\Cm3Start.o (CyHalt)
.\CortexM3\ARM_GCC_541\Debug\Timing Analyzer.a(cyPm.o)
                              .\CortexM3\ARM_GCC_541\Debug\Timing Analyzer.a(CyLib.o) (CyPmReadStatus)
.\CortexM3\ARM_GCC_541\Debug\Timing Analyzer.a(RED_LED.o)
                              .\CortexM3\ARM_GCC_541\Debug\Pins.o (RED_LED_Write)
.\CortexM3\ARM_GCC_541\Debug\Timing Analyzer.a(YELLOW_LED.o)
                              .\CortexM3\ARM_GCC_541\Debug\Pins.o (YELLOW_LED_Write)
.\CortexM3\ARM_GCC_541\Debug\Timing Analyzer.a(GREEN_LED.o)
                              .\CortexM3\ARM_GCC_541\Debug\Pins.o (GREEN_LED_Write)
.\CortexM3\ARM_GCC_541\Debug\Timing Analyzer.a(UART_LOG.o)
                              .\CortexM3\ARM_GCC_541\Debug\main.o (UART_LOG_Start)
.\CortexM3\ARM_GCC_541\Debug\Timing Analyzer.a(UART_LOG_IntClock.o)
                              .\CortexM3\ARM_GCC_541\Debug\Timing Analyzer.a(UART_LOG.o) (UART_LOG_IntClock_Start)
.\CortexM3\ARM_GCC_541\Debug\Timing Analyzer.a(Timer_1ms.o)
                              .\CortexM3\ARM_GCC_541\Debug\main.o (Timer_1ms_ReadStatusRegister)
.\CortexM3\ARM_GCC_541\Debug\Timing Analyzer.a(isr_1ms.o)
                              .\CortexM3\ARM_GCC_541\Debug\main.o (isr_1ms_StartEx)
.\CortexM3\ARM_GCC_541\Debug\Timing Analyzer.a(isr_2secs.o)
                              .\CortexM3\ARM_GCC_541\Debug\main.o (isr_2secs_StartEx)
.\CortexM3\ARM_GCC_541\Debug\Timing Analyzer.a(Timer_2secs.o)
                              .\CortexM3\ARM_GCC_541\Debug\main.o (Timer_2secs_ReadStatusRegister)
.\CortexM3\ARM_GCC_541\Debug\Timing Analyzer.a(CyBootAsmGnu.o)
                              .\CortexM3\ARM_GCC_541\Debug\cyfitter_cfg.o (CyDelayCycles)
.\CortexM3\ARM_GCC_541\Debug\Timing Analyzer.a(CyFlash.o)
                              .\CortexM3\ARM_GCC_541\Debug\Timing Analyzer.a(cyPm.o) (CyFlash_SetWaitCycles)
.\CortexM3\ARM_GCC_541\Debug\Timing Analyzer.a(CySpc.o)
                              .\CortexM3\ARM_GCC_541\Debug\Timing Analyzer.a(CyFlash.o) (CySpcStart)
.\CortexM3\ARM_GCC_541\Debug\Timing Analyzer.a(cyutils.o)
                              .\CortexM3\ARM_GCC_541\Debug\Timing Analyzer.a(Timer_2secs.o) (CySetReg24)
c:/h_da softwares & projects/psoc creator/4.4/psoc creator/import/gnu/arm/5.4.1/bin/../lib/gcc/arm-none-eabi/5.4.1/armv7-m\libgcc.a(_arm_addsubdf3.o)
                              .\CortexM3\ARM_GCC_541\Debug\TimingAnalyzer.o (__aeabi_dadd)
c:/h_da softwares & projects/psoc creator/4.4/psoc creator/import/gnu/arm/5.4.1/bin/../lib/gcc/arm-none-eabi/5.4.1/armv7-m\libgcc.a(_arm_truncdfsf2.o)
                              .\CortexM3\ARM_GCC_541\Debug\TimingAnalyzer.o (__aeabi_d2f)
c:/h_da softwares & projects/psoc creator/4.4/psoc creator/import/gnu/arm/5.4.1/bin/../lib/gcc/arm-none-eabi/5.4.1/armv7-m\libgcc.a(_arm_addsubsf3.o)
                              .\CortexM3\ARM_GCC_541\Debug\TimingAnalyzer.o (__aeabi_fsub)
c:/h_da softwares & projects/psoc creator/4.4/psoc creator/import/gnu/arm/5.4.1/bin/../lib/gcc/arm-none-eabi/5.4.1/armv7-m\libgcc.a(_arm_muldivsf3.o)
                              .\CortexM3\ARM_GCC_541\Debug\TimingAnalyzer.o (__aeabi_fdiv)
c:/h_da softwares & projects/psoc creator/4.4/psoc creator/import/gnu/arm/5.4.1/bin/../lib/gcc/arm-none-eabi/5.4.1/armv7-m\libgcc.a(_arm_fixunssfsi.o)
                              .\CortexM3\ARM_GCC_541\Debug\TimingAnalyzer.o (__aeabi_f2uiz)
c:/h_da softwares & projects/psoc creator/4.4/psoc creator/import/gnu/arm/5.4.1/bin/../lib/gcc/arm-none-eabi/5.4.1/../../../../arm-none-eabi/lib/armv7-m\libg_nano.a(lib_a-errno.o)
                              .\CortexM3\ARM_GCC_541\Debug\Cm3Start.o (__errno)
c:/h_da softwares & projects/psoc creator/4.4/psoc creator/import/gnu/arm/5.4.1/bin/../lib/gcc/arm-none-eabi/5.4.1/../../../../arm-none-eabi/lib/armv7-m\libg_nano.a(lib_a-exit.o)
                              c:/h_da softwares & projects/psoc creator/4.4/psoc creator/import/gnu/arm/5.4.1/bin/../lib/gcc/arm-none-eabi/5.4.1/../../../../arm-none-eabi/lib/armv7-m/crt0.o (exit)
c:/h_da softwares & projects/psoc creator/4.4/psoc creator/import/gnu/arm/5.4.1/bin/../lib/gcc/arm-none-eabi/5.4.1/../../../../arm-none-eabi/lib/armv7-m\libg_nano.a(lib_a-impure.o)
                              c:/h_da softwares & projects/psoc creator/4.4/psoc creator/import/gnu/arm/5.4.1/bin/../lib/gcc/arm-none-eabi/5.4.1/../../../../arm-none-eabi/lib/armv7-m\libg_nano.a(lib_a-exit.o) (_global_impure_ptr)
c:/h_da softwares & projects/psoc creator/4.4/psoc creator/import/gnu/arm/5.4.1/bin/../lib/gcc/arm-none-eabi/5.4.1/../../../../arm-none-eabi/lib/armv7-m\libg_nano.a(lib_a-init.o)
                              c:/h_da softwares & projects/psoc creator/4.4/psoc creator/import/gnu/arm/5.4.1/bin/../lib/gcc/arm-none-eabi/5.4.1/../../../../arm-none-eabi/lib/armv7-m/crt0.o (__libc_init_array)
[...]
Memory Configuration

Name             Origin             Length             Attributes
rom              0x00000000         0x00040000         xr
ram              0x1fff8000         0x00010000         xrw
*default*        0x00000000         0xffffffff

Linker script and memory map

LOAD c:/h_da softwares & projects/psoc creator/4.4/psoc creator/import/gnu/arm/5.4.1/bin/../lib/gcc/arm-none-eabi/5.4.1/armv7-m/crti.o
LOAD c:/h_da softwares & projects/psoc creator/4.4/psoc creator/import/gnu/arm/5.4.1/bin/../lib/gcc/arm-none-eabi/5.4.1/armv7-m/crtbegin.o
LOAD c:/h_da softwares & projects/psoc creator/4.4/psoc creator/import/gnu/arm/5.4.1/bin/../lib/gcc/arm-none-eabi/5.4.1/../../../../arm-none-eabi/lib/armv7-m/crt0.o
START GROUP
LOAD .\CortexM3\ARM_GCC_541\Debug\main.o
LOAD .\CortexM3\ARM_GCC_541\Debug\TimingAnalyzer.o
LOAD .\CortexM3\ARM_GCC_541\Debug\Pins.o
LOAD .\CortexM3\ARM_GCC_541\Debug\cyfitter_cfg.o
LOAD .\CortexM3\ARM_GCC_541\Debug\cymetadata.o
LOAD .\CortexM3\ARM_GCC_541\Debug\Cm3Start.o
LOAD .\CortexM3\ARM_GCC_541\Debug\Timing Analyzer.a
LOAD C:\H_Da Softwares & Projects\PSoC Creator\4.4\PSoC Creator\psoc\content\cycomponentlibrary\CyComponentLibrary.cylib\CortexM3\ARM_GCC_541\Debug\CyComponentLibrary.a
END GROUP
START GROUP
LOAD c:/h_da softwares & projects/psoc creator/4.4/psoc creator/import/gnu/arm/5.4.1/bin/../lib/gcc/arm-none-eabi/5.4.1/armv7-m\libgcc.a
LOAD c:/h_da softwares & projects/psoc creator/4.4/psoc creator/import/gnu/arm/5.4.1/bin/../lib/gcc/arm-none-eabi/5.4.1/../../../../arm-none-eabi/lib/armv7-m\libg_nano.a
LOAD c:/h_da softwares & projects/psoc creator/4.4/psoc creator/import/gnu/arm/5.4.1/bin/../lib/gcc/arm-none-eabi/5.4.1/../../../../arm-none-eabi/lib/armv7-m\libc_nano.a
END GROUP
START GROUP
LOAD c:/h_da softwares & projects/psoc creator/4.4/psoc creator/import/gnu/arm/5.4.1/bin/../lib/gcc/arm-none-eabi/5.4.1/armv7-m\libgcc.a
LOAD c:/h_da softwares & projects/psoc creator/4.4/psoc creator/import/gnu/arm/5.4.1/bin/../lib/gcc/arm-none-eabi/5.4.1/../../../../arm-none-eabi/lib/armv7-m\libc_nano.a
END GROUP
LOAD c:/h_da softwares & projects/psoc creator/4.4/psoc creator/import/gnu/arm/5.4.1/bin/../lib/gcc/arm-none-eabi/5.4.1/armv7-m/crtend.o
LOAD c:/h_da softwares & projects/psoc creator/4.4/psoc creator/import/gnu/arm/5.4.1/bin/../lib/gcc/arm-none-eabi/5.4.1/armv7-m/crtn.o
START GROUP
LOAD c:/h_da softwares & projects/psoc creator/4.4/psoc creator/import/gnu/arm/5.4.1/bin/../lib/gcc/arm-none-eabi/5.4.1/armv7-m\libgcc.a
LOAD c:/h_da softwares & projects/psoc creator/4.4/psoc creator/import/gnu/arm/5.4.1/bin/../lib/gcc/arm-none-eabi/5.4.1/../../../../arm-none-eabi/lib/armv7-m\libc.a
LOAD c:/h_da softwares & projects/psoc creator/4.4/psoc creator/import/gnu/arm/5.4.1/bin/../lib/gcc/arm-none-eabi/5.4.1/../../../../arm-none-eabi/lib/armv7-m\libnosys.a
END GROUP
                0x00000000                CY_APPL_ORIGIN = 0x0
                0x00000100                CY_FLASH_ROW_SIZE = 0x100
                0x00000020                CY_ECC_ROW_SIZE = 0x20
                0x00000000                CY_EE_IN_BTLDR = 0x0
                0x00000000                CY_APPL_LOADABLE = 0x0
                0x00000800                CY_EE_SIZE = 0x800
                0x00000001                CY_APPL_NUM = 0x1
                0x00000001                CY_APPL_MAX = 0x1
                0x00000040                CY_METADATA_SIZE = 0x40
                0x00000000                CY_APPL_LOADABLE = 0x0
                0x00000000                CY_CHECKSUM_EXCLUDE_SIZE = ALIGN (0x0, CY_FLASH_ROW_SIZE)
                [!provide]                PROVIDE (__cy_heap_start, _end)
                0x00000001                PROVIDE (__cy_region_num, ((__cy_regions_end - __cy_regions) / 0x10))
                0x20008000                PROVIDE (__cy_stack, (ORIGIN (ram) + LENGTH (ram)))
                [!provide]                PROVIDE (__cy_heap_end, (__cy_stack - 0x800))

.cybootloader   0x00000000        0x0
 *(.cybootloader)
                0x00000000                appl1_start = CY_APPL_ORIGIN?CY_APPL_ORIGIN:ALIGN (CY_FLASH_ROW_SIZE)
                0x0001ff00                appl2_start = (appl1_start + ALIGN ((((LENGTH (rom) - appl1_start) - (0x2 * CY_FLASH_ROW_SIZE)) / 0x2), CY_FLASH_ROW_SIZE))
                0x00000000                appl_start = (CY_APPL_NUM == 0x1)?appl1_start:appl2_start
                0x00000000                ecc_offset = ((appl_start / CY_FLASH_ROW_SIZE) * CY_ECC_ROW_SIZE)
                0x00000000                ee_offset = (CY_APPL_LOADABLE && ! (CY_EE_IN_BTLDR))?((CY_EE_SIZE / CY_APPL_MAX) * (CY_APPL_NUM - 0x1)):0x0
                0x00000800                ee_size = (CY_APPL_LOADABLE && ! (CY_EE_IN_BTLDR))?(CY_EE_SIZE / CY_APPL_MAX):CY_EE_SIZE
                [!provide]                PROVIDE (CY_ECC_OFFSET, ecc_offset)

.text           0x00000000     0x3d60
 CREATE_OBJECT_SYMBOLS
                0x00000000                PROVIDE (__cy_interrupt_vector, RomVectors)
 *(.romvectors)
 .romvectors    0x00000000       0x10 .\CortexM3\ARM_GCC_541\Debug\Cm3Start.o
                0x00000000                RomVectors
                0x00000001                ASSERT ((. != __cy_interrupt_vector), No interrupt vector)
                0x00000001                ASSERT (CY_APPL_ORIGIN?(SIZEOF (.cybootloader) <= CY_APPL_ORIGIN):0x1, Wrong image location)
                0x00000010                PROVIDE (__cy_reset, Reset)
 *(.text.Reset)
 .text.Reset    0x00000010       0x18 .\CortexM3\ARM_GCC_541\Debug\Cm3Start.o
                0x00000010                Reset
                0x00000001                ASSERT ((. != __cy_reset), No reset code)
 *(.dma_init)
                0x00000001                ASSERT ((((appl_start + .) <= 0x10000) || 0x1), DMA Init must be within the first 64k of flash)
 *(.text .text.* .gnu.linkonce.t.*)
 .text          0x00000028       0x5c c:/h_da softwares & projects/psoc creator/4.4/psoc creator/import/gnu/arm/5.4.1/bin/../lib/gcc/arm-none-eabi/5.4.1/armv7-m/crtbegin.o
 .text.ISR_1ms_handler
                0x00000084       0x30 .\CortexM3\ARM_GCC_541\Debug\main.o
                0x00000084                ISR_1ms_handler
 .text.ISR_2secs_handler
                0x000000b4       0x44 .\CortexM3\ARM_GCC_541\Debug\main.o
                0x000000b4                ISR_2secs_handler
 .text.main     0x000000f8       0xac .\CortexM3\ARM_GCC_541\Debug\main.o
                0x000000f8                main
 .text.SysTick_Handler
                0x000001a4       0x10 .\CortexM3\ARM_GCC_541\Debug\TimingAnalyzer.o
                0x000001a4                SysTick_Handler
 .text.TA_initialize
                0x000001b4       0x74 .\CortexM3\ARM_GCC_541\Debug\TimingAnalyzer.o
                0x000001b4                TA_initialize
 .text.TA_create
                0x00000228       0x88 .\CortexM3\ARM_GCC_541\Debug\TimingAnalyzer.o
                0x00000228                TA_create
 .text.TA_start
                0x000002b0       0x6c .\CortexM3\ARM_GCC_541\Debug\TimingAnalyzer.o
                0x000002b0                TA_start
 .text.TA_stop  0x0000031c      0x150 .\CortexM3\ARM_GCC_541\Debug\TimingAnalyzer.o
                0x0000031c                TA_stop
 .text.TA_printStatus
                0x0000046c       0xb8 .\CortexM3\ARM_GCC_541\Debug\TimingAnalyzer.o
                0x0000046c                TA_printStatus
 .text.TA_printAll
                0x00000524       0x50 .\CortexM3\ARM_GCC_541\Debug\TimingAnalyzer.o
                0x00000524                TA_printAll
 .text.Pin_2_Control
                0x00000574        0x8 .\CortexM3\ARM_GCC_541\Debug\Pins.o
                0x00000574                Pin_2_Control
 .text.Pin_3_Control
                0x0000057c        0x8 .\CortexM3\ARM_GCC_541\Debug\Pins.o
                0x0000057c                Pin_3_Control
 .text.CyClockStartupError
                0x00000584        0x4 .\CortexM3\ARM_GCC_541\Debug\cyfitter_cfg.o
 .text.cfg_write_bytes32
                0x00000588       0x34 .\CortexM3\ARM_GCC_541\Debug\cyfitter_cfg.o
 .text.AnalogSetDefault
                0x000005bc       0x28 .\CortexM3\ARM_GCC_541\Debug\cyfitter_cfg.o
 .text.CYMEMZERO
                0x000005e4        0xc .\CortexM3\ARM_GCC_541\Debug\cyfitter_cfg.o
 .text.ClockSetup
                0x000005f0       0xd0 .\CortexM3\ARM_GCC_541\Debug\cyfitter_cfg.o
 .text.CYCONFIGCPY
                0x000006c0        0x8 .\CortexM3\ARM_GCC_541\Debug\cyfitter_cfg.o
 .text.cyfitter_cfg
                0x000006c8      0x120 .\CortexM3\ARM_GCC_541\Debug\cyfitter_cfg.o
                0x000006c8                cyfitter_cfg
 .text.IntDefaultHandler
                0x000007e8       0x10 .\CortexM3\ARM_GCC_541\Debug\Cm3Start.o
                0x000007e8                IntDefaultHandler
 .text._sbrk    0x000007f8       0x30 .\CortexM3\ARM_GCC_541\Debug\Cm3Start.o
                0x000007f8                _sbrk
 .text.Start_c  0x00000828       0x4c .\CortexM3\ARM_GCC_541\Debug\Cm3Start.o
                0x00000828                Start_c
 .text.initialize_psoc
                0x00000874       0x68 .\CortexM3\ARM_GCC_541\Debug\Cm3Start.o
                0x00000874                initialize_psoc
 .text.CyHalt   0x000008dc        0x4 .\CortexM3\ARM_GCC_541\Debug\Timing Analyzer.a(CyLib.o)
                0x000008dc                CyHalt
 .text.CyDelay  0x000008e0       0x2c .\CortexM3\ARM_GCC_541\Debug\Timing Analyzer.a(CyLib.o)
                0x000008e0                CyDelay
 .text.CyIntSetSysVector
                0x0000090c       0x28 .\CortexM3\ARM_GCC_541\Debug\Timing Analyzer.a(CyLib.o)
                0x0000090c                CyIntSetSysVector
 .text.CySysTickEnableInterrupt
                0x00000934       0x10 .\CortexM3\ARM_GCC_541\Debug\Timing Analyzer.a(CyLib.o)
                0x00000934                CySysTickEnableInterrupt
 .text.CySysTickEnable
                0x00000944       0x18 .\CortexM3\ARM_GCC_541\Debug\Timing Analyzer.a(CyLib.o)
                0x00000944                CySysTickEnable
 .text.CySysTickSetReload
                0x0000095c       0x10 .\CortexM3\ARM_GCC_541\Debug\Timing Analyzer.a(CyLib.o)
                0x0000095c                CySysTickSetReload
 .text.CySysTickSetClockSource
                0x0000096c       0x20 .\CortexM3\ARM_GCC_541\Debug\Timing Analyzer.a(CyLib.o)
                0x0000096c                CySysTickSetClockSource
 .text.CySysTickGetCountFlag
                0x0000098c       0x10 .\CortexM3\ARM_GCC_541\Debug\Timing Analyzer.a(CyLib.o)
                0x0000098c                CySysTickGetCountFlag
 .text.CySysTickServiceCallbacks
                0x0000099c       0x28 .\CortexM3\ARM_GCC_541\Debug\Timing Analyzer.a(CyLib.o)
 .text.CySysTickClear
                0x000009c4        0xc .\CortexM3\ARM_GCC_541\Debug\Timing Analyzer.a(CyLib.o)
                0x000009c4                CySysTickClear
 .text.CySysTickInit
                0x000009d0       0x58 .\CortexM3\ARM_GCC_541\Debug\Timing Analyzer.a(CyLib.o)
                0x000009d0                CySysTickInit
 .text.CySysTickSetCallback
                0x00000a28       0x10 .\CortexM3\ARM_GCC_541\Debug\Timing Analyzer.a(CyLib.o)
                0x00000a28                CySysTickSetCallback
 .text.YELLOW_LED_Write
                0x00000a38       0x18 .\CortexM3\ARM_GCC_541\Debug\Timing Analyzer.a(YELLOW_LED.o)
                0x00000a38                YELLOW_LED_Write
 .text.GREEN_LED_Write
                0x00000a50       0x18 .\CortexM3\ARM_GCC_541\Debug\Timing Analyzer.a(GREEN_LED.o)
                0x00000a50                GREEN_LED_Write
 .text.UART_LOG_Init
                0x00000a68       0x24 .\CortexM3\ARM_GCC_541\Debug\Timing Analyzer.a(UART_LOG.o)
                0x00000a68                UART_LOG_Init
 .text.UART_LOG_Enable
                0x00000a8c       0x38 .\CortexM3\ARM_GCC_541\Debug\Timing Analyzer.a(UART_LOG.o)
                0x00000a8c                UART_LOG_Enable
 .text.UART_LOG_Start
                0x00000ac4       0x1c .\CortexM3\ARM_GCC_541\Debug\Timing Analyzer.a(UART_LOG.o)
                0x00000ac4                UART_LOG_Start
 .text.UART_LOG_PutChar
                0x00000ae0       0x18 .\CortexM3\ARM_GCC_541\Debug\Timing Analyzer.a(UART_LOG.o)
                0x00000ae0                UART_LOG_PutChar
 .text.UART_LOG_PutString
                0x00000af8       0x24 .\CortexM3\ARM_GCC_541\Debug\Timing Analyzer.a(UART_LOG.o)
                0x00000af8                UART_LOG_PutString
 .text.UART_LOG_IntClock_Start
                0x00000b1c       0x1c .\CortexM3\ARM_GCC_541\Debug\Timing Analyzer.a(UART_LOG_IntClock.o)
                0x00000b1c                UART_LOG_IntClock_Start
 .text.Timer_1ms_Enable
                0x00000b38       0x10 .\CortexM3\ARM_GCC_541\Debug\Timing Analyzer.a(Timer_1ms.o)
                0x00000b38                Timer_1ms_Enable
 .text.Timer_1ms_SetInterruptMode
                0x00000b48        0xc .\CortexM3\ARM_GCC_541\Debug\Timing Analyzer.a(Timer_1ms.o)
                0x00000b48                Timer_1ms_SetInterruptMode
 .text.Timer_1ms_ReadStatusRegister
                0x00000b54        0xc .\CortexM3\ARM_GCC_541\Debug\Timing Analyzer.a(Timer_1ms.o)
                0x00000b54                Timer_1ms_ReadStatusRegister
 .text.Timer_1ms_WritePeriod
                0x00000b60        0xc .\CortexM3\ARM_GCC_541\Debug\Timing Analyzer.a(Timer_1ms.o)
                0x00000b60                Timer_1ms_WritePeriod
 .text.Timer_1ms_ReadCapture
                0x00000b6c        0xc .\CortexM3\ARM_GCC_541\Debug\Timing Analyzer.a(Timer_1ms.o)
                0x00000b6c                Timer_1ms_ReadCapture
 .text.Timer_1ms_WriteCounter
                0x00000b78        0xc .\CortexM3\ARM_GCC_541\Debug\Timing Analyzer.a(Timer_1ms.o)
                0x00000b78                Timer_1ms_WriteCounter
 .text.Timer_1ms_ClearFIFO
                0x00000b84       0x14 .\CortexM3\ARM_GCC_541\Debug\Timing Analyzer.a(Timer_1ms.o)
                0x00000b84                Timer_1ms_ClearFIFO
 .text.Timer_1ms_Init
                0x00000b98       0x30 .\CortexM3\ARM_GCC_541\Debug\Timing Analyzer.a(Timer_1ms.o)
                0x00000b98                Timer_1ms_Init
 .text.Timer_1ms_Start
                0x00000bc8       0x1c .\CortexM3\ARM_GCC_541\Debug\Timing Analyzer.a(Timer_1ms.o)
                0x00000bc8                Timer_1ms_Start
 .text.isr_1ms_SetVector
                0x00000be4        0xc .\CortexM3\ARM_GCC_541\Debug\Timing Analyzer.a(isr_1ms.o)
                0x00000be4                isr_1ms_SetVector
 .text.isr_1ms_SetPriority
                0x00000bf0       0x10 .\CortexM3\ARM_GCC_541\Debug\Timing Analyzer.a(isr_1ms.o)
                0x00000bf0                isr_1ms_SetPriority
 .text.isr_1ms_Enable
                0x00000c00        0xc .\CortexM3\ARM_GCC_541\Debug\Timing Analyzer.a(isr_1ms.o)
                0x00000c00                isr_1ms_Enable
 .text.isr_1ms_Disable
                0x00000c0c        0xc .\CortexM3\ARM_GCC_541\Debug\Timing Analyzer.a(isr_1ms.o)
                0x00000c0c                isr_1ms_Disable
 .text.isr_1ms_StartEx
                0x00000c18       0x1c .\CortexM3\ARM_GCC_541\Debug\Timing Analyzer.a(isr_1ms.o)
                0x00000c18                isr_1ms_StartEx
 .text.isr_1ms_ClearPending
                0x00000c34        0xc .\CortexM3\ARM_GCC_541\Debug\Timing Analyzer.a(isr_1ms.o)
                0x00000c34                isr_1ms_ClearPending
 .text.isr_2secs_SetVector
                0x00000c40        0xc .\CortexM3\ARM_GCC_541\Debug\Timing Analyzer.a(isr_2secs.o)
                0x00000c40                isr_2secs_SetVector
 .text.isr_2secs_SetPriority
                0x00000c4c       0x10 .\CortexM3\ARM_GCC_541\Debug\Timing Analyzer.a(isr_2secs.o)
                0x00000c4c                isr_2secs_SetPriority
 .text.isr_2secs_Enable
                0x00000c5c        0xc .\CortexM3\ARM_GCC_541\Debug\Timing Analyzer.a(isr_2secs.o)
                0x00000c5c                isr_2secs_Enable
 .text.isr_2secs_Disable
                0x00000c68        0xc .\CortexM3\ARM_GCC_541\Debug\Timing Analyzer.a(isr_2secs.o)
                0x00000c68                isr_2secs_Disable
 .text.isr_2secs_StartEx
                0x00000c74       0x1c .\CortexM3\ARM_GCC_541\Debug\Timing Analyzer.a(isr_2secs.o)
                0x00000c74                isr_2secs_StartEx
 .text.isr_2secs_ClearPending
                0x00000c90        0xc .\CortexM3\ARM_GCC_541\Debug\Timing Analyzer.a(isr_2secs.o)
                0x00000c90                isr_2secs_ClearPending
 .text.Timer_2secs_Enable
                0x00000c9c       0x10 .\CortexM3\ARM_GCC_541\Debug\Timing Analyzer.a(Timer_2secs.o)
                0x00000c9c                Timer_2secs_Enable
 .text.Timer_2secs_SetInterruptMode
                0x00000cac        0xc .\CortexM3\ARM_GCC_541\Debug\Timing Analyzer.a(Timer_2secs.o)
                0x00000cac                Timer_2secs_SetInterruptMode
 .text.Timer_2secs_ReadStatusRegister
                0x00000cb8        0xc .\CortexM3\ARM_GCC_541\Debug\Timing Analyzer.a(Timer_2secs.o)
                0x00000cb8                Timer_2secs_ReadStatusRegister
 .text.Timer_2secs_WritePeriod
                0x00000cc4       0x10 .\CortexM3\ARM_GCC_541\Debug\Timing Analyzer.a(Timer_2secs.o)
                0x00000cc4                Timer_2secs_WritePeriod
 .text.Timer_2secs_ReadCapture
                0x00000cd4       0x10 .\CortexM3\ARM_GCC_541\Debug\Timing Analyzer.a(Timer_2secs.o)
                0x00000cd4                Timer_2secs_ReadCapture
 .text.Timer_2secs_WriteCounter
                0x00000ce4       0x10 .\CortexM3\ARM_GCC_541\Debug\Timing Analyzer.a(Timer_2secs.o)
                0x00000ce4                Timer_2secs_WriteCounter
 .text.Timer_2secs_ClearFIFO
                0x00000cf4       0x14 .\CortexM3\ARM_GCC_541\Debug\Timing Analyzer.a(Timer_2secs.o)
                0x00000cf4                Timer_2secs_ClearFIFO
 .text.Timer_2secs_Init
                0x00000d08       0x38 .\CortexM3\ARM_GCC_541\Debug\Timing Analyzer.a(Timer_2secs.o)
                0x00000d08                Timer_2secs_Init
 .text.Timer_2secs_Start
                0x00000d40       0x1c .\CortexM3\ARM_GCC_541\Debug\Timing Analyzer.a(Timer_2secs.o)
                0x00000d40                Timer_2secs_Start
 *fill*         0x00000d5c        0x4 
 .text          0x00000d60       0x20 .\CortexM3\ARM_GCC_541\Debug\Timing Analyzer.a(CyBootAsmGnu.o)
                0x00000d60                CyDelayCycles
                0x00000d70                CyEnterCriticalSection
                0x00000d78                CyExitCriticalSection
 .text.CySetReg24
                0x00000d80       0x14 .\CortexM3\ARM_GCC_541\Debug\Timing Analyzer.a(cyutils.o)
                0x00000d80                CySetReg24
 .text          0x00000d94      0x370 c:/h_da softwares & projects/psoc creator/4.4/psoc creator/import/gnu/arm/5.4.1/bin/../lib/gcc/arm-none-eabi/5.4.1/armv7-m\libgcc.a(_arm_addsubdf3.o)
                0x00000d94                __aeabi_drsub
                0x00000d9c                __aeabi_dsub
                0x00000d9c                __subdf3
                0x00000da0                __aeabi_dadd
                0x00000da0                __adddf3
                0x00001018                __floatunsidf
                0x00001018                __aeabi_ui2d
                0x00001038                __floatsidf
                0x00001038                __aeabi_i2d
                0x0000105c                __aeabi_f2d
                0x0000105c                __extendsfdf2
                0x00001098                __floatundidf
                0x00001098                __aeabi_ul2d
                0x000010a8                __floatdidf
                0x000010a8                __aeabi_l2d
 .text          0x00001104       0xa0 c:/h_da softwares & projects/psoc creator/4.4/psoc creator/import/gnu/arm/5.4.1/bin/../lib/gcc/arm-none-eabi/5.4.1/armv7-m\libgcc.a(_arm_truncdfsf2.o)
                0x00001104                __truncdfsf2
                0x00001104                __aeabi_d2f
 .text          0x000011a4      0x21c c:/h_da softwares & projects/psoc creator/4.4/psoc creator/import/gnu/arm/5.4.1/bin/../lib/gcc/arm-none-eabi/5.4.1/armv7-m\libgcc.a(_arm_addsubsf3.o)
                0x000011a4                __aeabi_frsub
                0x000011ac                __subsf3
                0x000011ac                __aeabi_fsub
                0x000011b0                __aeabi_fadd
                0x000011b0                __addsf3
                0x00001310                __aeabi_ui2f
                0x00001310                __floatunsisf
                0x00001318                __aeabi_i2f
                0x00001318                __floatsisf
                0x00001334                __aeabi_ul2f
                0x00001334                __floatundisf
                0x00001344                __aeabi_l2f
                0x00001344                __floatdisf
 .text          0x000013c0      0x2a0 c:/h_da softwares & projects/psoc creator/4.4/psoc creator/import/gnu/arm/5.4.1/bin/../lib/gcc/arm-none-eabi/5.4.1/armv7-m\libgcc.a(_arm_muldivsf3.o)
                0x000013c0                __mulsf3
                0x000013c0                __aeabi_fmul
                0x00001528                __aeabi_fdiv
                0x00001528                __divsf3
 .text          0x00001660       0x40 c:/h_da softwares & projects/psoc creator/4.4/psoc creator/import/gnu/arm/5.4.1/bin/../lib/gcc/arm-none-eabi/5.4.1/armv7-m\libgcc.a(_arm_fixunssfsi.o)
                0x00001660                __fixunssfsi
                0x00001660                __aeabi_f2uiz
 .text.__errno  0x000016a0        0xc c:/h_da softwares & projects/psoc creator/4.4/psoc creator/import/gnu/arm/5.4.1/bin/../lib/gcc/arm-none-eabi/5.4.1/../../../../arm-none-eabi/lib/armv7-m\libg_nano.a(lib_a-errno.o)
                0x000016a0                __errno
 .text.__libc_init_array
                0x000016ac       0x4c c:/h_da softwares & projects/psoc creator/4.4/psoc creator/import/gnu/arm/5.4.1/bin/../lib/gcc/arm-none-eabi/5.4.1/../../../../arm-none-eabi/lib/armv7-m\libg_nano.a(lib_a-init.o)
                0x000016ac                __libc_init_array
 .text.memcpy   0x000016f8       0x16 c:/h_da softwares & projects/psoc creator/4.4/psoc creator/import/gnu/arm/5.4.1/bin/../lib/gcc/arm-none-eabi/5.4.1/../../../../arm-none-eabi/lib/armv7-m\libg_nano.a(lib_a-memcpy-stub.o)
                0x000016f8                memcpy
 .text.memset   0x0000170e       0x10 c:/h_da softwares & projects/psoc creator/4.4/psoc creator/import/gnu/arm/5.4.1/bin/../lib/gcc/arm-none-eabi/5.4.1/../../../../arm-none-eabi/lib/armv7-m\libg_nano.a(lib_a-memset.o)
                0x0000170e                memset
 .text.__cvt    0x0000171e       0xc0 c:/h_da softwares & projects/psoc creator/4.4/psoc creator/import/gnu/arm/5.4.1/bin/../lib/gcc/arm-none-eabi/5.4.1/../../../../arm-none-eabi/lib/armv7-m\libg_nano.a(lib_a-nano-vfprintf_float.o)
                0x0000171e                __cvt
 .text.__exponent
                0x000017de       0x62 c:/h_da softwares & projects/psoc creator/4.4/psoc creator/import/gnu/arm/5.4.1/bin/../lib/gcc/arm-none-eabi/5.4.1/../../../../arm-none-eabi/lib/armv7-m\libg_nano.a(lib_a-nano-vfprintf_float.o)
                0x000017de                __exponent
 .text._printf_float
                0x00001840      0x488 c:/h_da softwares & projects/psoc creator/4.4/psoc creator/import/gnu/arm/5.4.1/bin/../lib/gcc/arm-none-eabi/5.4.1/../../../../arm-none-eabi/lib/armv7-m\libg_nano.a(lib_a-nano-vfprintf_float.o)
                0x00001840                _printf_float
 .text._printf_common
                0x00001cc8       0xec c:/h_da softwares & projects/psoc creator/4.4/psoc creator/import/gnu/arm/5.4.1/bin/../lib/gcc/arm-none-eabi/5.4.1/../../../../arm-none-eabi/lib/armv7-m\libg_nano.a(lib_a-nano-vfprintf_i.o)
                0x00001cc8                _printf_common
 .text._printf_i
                0x00001db4      0x24c c:/h_da softwares & projects/psoc creator/4.4/psoc creator/import/gnu/arm/5.4.1/bin/../lib/gcc/arm-none-eabi/5.4.1/../../../../arm-none-eabi/lib/armv7-m\libg_nano.a(lib_a-nano-vfprintf_i.o)
                0x00001db4                _printf_i
 .text.snprintf
                0x00002000       0x64 c:/h_da softwares & projects/psoc creator/4.4/psoc creator/import/gnu/arm/5.4.1/bin/../lib/gcc/arm-none-eabi/5.4.1/../../../../arm-none-eabi/lib/armv7-m\libg_nano.a(lib_a-snprintf.o)
                0x00002000                sniprintf
                0x00002000                snprintf
 .text.sprintf  0x00002064       0x48 c:/h_da softwares & projects/psoc creator/4.4/psoc creator/import/gnu/arm/5.4.1/bin/../lib/gcc/arm-none-eabi/5.4.1/../../../../arm-none-eabi/lib/armv7-m\libg_nano.a(lib_a-sprintf.o)
                0x00002064                siprintf
                0x00002064                sprintf
 .text          0x000020ac       0x10 c:/h_da softwares & projects/psoc creator/4.4/psoc creator/import/gnu/arm/5.4.1/bin/../lib/gcc/arm-none-eabi/5.4.1/../../../../arm-none-eabi/lib/armv7-m\libg_nano.a(lib_a-strlen.o)
                0x000020ac                strlen
 .text.quorem   0x000020bc      0x116 c:/h_da softwares & projects/psoc creator/4.4/psoc creator/import/gnu/arm/5.4.1/bin/../lib/gcc/arm-none-eabi/5.4.1/../../../../arm-none-eabi/lib/armv7-m\libg_nano.a(lib_a-dtoa.o)
 *fill*         0x000021d2        0x6 
 .text._dtoa_r  0x000021d8      0xb30 c:/h_da softwares & projects/psoc creator/4.4/psoc creator/import/gnu/arm/5.4.1/bin/../lib/gcc/arm-none-eabi/5.4.1/../../../../arm-none-eabi/lib/armv7-m\libg_nano.a(lib_a-dtoa.o)
                0x000021d8                _dtoa_r
 .text._localeconv_r
                0x00002d08        0x8 c:/h_da softwares & projects/psoc creator/4.4/psoc creator/import/gnu/arm/5.4.1/bin/../lib/gcc/arm-none-eabi/5.4.1/../../../../arm-none-eabi/lib/armv7-m\libg_nano.a(lib_a-locale.o)
                0x00002d08                _localeconv_r
 .text.malloc   0x00002d10       0x10 c:/h_da softwares & projects/psoc creator/4.4/psoc creator/import/gnu/arm/5.4.1/bin/../lib/gcc/arm-none-eabi/5.4.1/../../../../arm-none-eabi/lib/armv7-m\libg_nano.a(lib_a-malloc.o)
                0x00002d10                malloc
 .text.memchr   0x00002d20       0x1c c:/h_da softwares & projects/psoc creator/4.4/psoc creator/import/gnu/arm/5.4.1/bin/../lib/gcc/arm-none-eabi/5.4.1/../../../../arm-none-eabi/lib/armv7-m\libg_nano.a(lib_a-memchr-stub.o)
                0x00002d20                memchr
 .text._Balloc  0x00002d3c       0x6a c:/h_da softwares & projects/psoc creator/4.4/psoc creator/import/gnu/arm/5.4.1/bin/../lib/gcc/arm-none-eabi/5.4.1/../../../../arm-none-eabi/lib/armv7-m\libg_nano.a(lib_a-mprec.o)
                0x00002d3c                _Balloc
 .text._Bfree   0x00002da6       0x2e c:/h_da softwares & projects/psoc creator/4.4/psoc creator/import/gnu/arm/5.4.1/bin/../lib/gcc/arm-none-eabi/5.4.1/../../../../arm-none-eabi/lib/armv7-m\libg_nano.a(lib_a-mprec.o)
                0x00002da6                _Bfree
 .text.__multadd
                0x00002dd4       0x76 c:/h_da softwares & projects/psoc creator/4.4/psoc creator/import/gnu/arm/5.4.1/bin/../lib/gcc/arm-none-eabi/5.4.1/../../../../arm-none-eabi/lib/armv7-m\libg_nano.a(lib_a-mprec.o)
                0x00002dd4                __multadd
 .text.__hi0bits
                0x00002e4a       0x40 c:/h_da softwares & projects/psoc creator/4.4/psoc creator/import/gnu/arm/5.4.1/bin/../lib/gcc/arm-none-eabi/5.4.1/../../../../arm-none-eabi/lib/armv7-m\libg_nano.a(lib_a-mprec.o)
                0x00002e4a                __hi0bits
 .text.__lo0bits
                0x00002e8a       0x5a c:/h_da softwares & projects/psoc creator/4.4/psoc creator/import/gnu/arm/5.4.1/bin/../lib/gcc/arm-none-eabi/5.4.1/../../../../arm-none-eabi/lib/armv7-m\libg_nano.a(lib_a-mprec.o)
                0x00002e8a                __lo0bits
 .text.__i2b    0x00002ee4       0x12 c:/h_da softwares & projects/psoc creator/4.4/psoc creator/import/gnu/arm/5.4.1/bin/../lib/gcc/arm-none-eabi/5.4.1/../../../../arm-none-eabi/lib/armv7-m\libg_nano.a(lib_a-mprec.o)
                0x00002ee4                __i2b
 .text.__multiply
                0x00002ef6      0x120 c:/h_da softwares & projects/psoc creator/4.4/psoc creator/import/gnu/arm/5.4.1/bin/../lib/gcc/arm-none-eabi/5.4.1/../../../../arm-none-eabi/lib/armv7-m\libg_nano.a(lib_a-mprec.o)
                0x00002ef6                __multiply
 *fill*         0x00003016        0x2 
 .text.__pow5mult
                0x00003018       0x9c c:/h_da softwares & projects/psoc creator/4.4/psoc creator/import/gnu/arm/5.4.1/bin/../lib/gcc/arm-none-eabi/5.4.1/../../../../arm-none-eabi/lib/armv7-m\libg_nano.a(lib_a-mprec.o)
                0x00003018                __pow5mult
 .text.__lshift
                0x000030b4       0xa2 c:/h_da softwares & projects/psoc creator/4.4/psoc creator/import/gnu/arm/5.4.1/bin/../lib/gcc/arm-none-eabi/5.4.1/../../../../arm-none-eabi/lib/armv7-m\libg_nano.a(lib_a-mprec.o)
                0x000030b4                __lshift
 .text.__mcmp   0x00003156       0x38 c:/h_da softwares & projects/psoc creator/4.4/psoc creator/import/gnu/arm/5.4.1/bin/../lib/gcc/arm-none-eabi/5.4.1/../../../../arm-none-eabi/lib/armv7-m\libg_nano.a(lib_a-mprec.o)
                0x00003156                __mcmp
 .text.__mdiff  0x0000318e       0xbe c:/h_da softwares & projects/psoc creator/4.4/psoc creator/import/gnu/arm/5.4.1/bin/../lib/gcc/arm-none-eabi/5.4.1/../../../../arm-none-eabi/lib/armv7-m\libg_nano.a(lib_a-mprec.o)
                0x0000318e                __mdiff
 .text.__d2b    0x0000324c       0x9c c:/h_da softwares & projects/psoc creator/4.4/psoc creator/import/gnu/arm/5.4.1/bin/../lib/gcc/arm-none-eabi/5.4.1/../../../../arm-none-eabi/lib/armv7-m\libg_nano.a(lib_a-mprec.o)
                0x0000324c                __d2b
 .text._calloc_r
                0x000032e8       0x1c c:/h_da softwares & projects/psoc creator/4.4/psoc creator/import/gnu/arm/5.4.1/bin/../lib/gcc/arm-none-eabi/5.4.1/../../../../arm-none-eabi/lib/armv7-m\libg_nano.a(lib_a-nano-callocr.o)
                0x000032e8                _calloc_r
 .text._free_r  0x00003304       0x98 c:/h_da softwares & projects/psoc creator/4.4/psoc creator/import/gnu/arm/5.4.1/bin/../lib/gcc/arm-none-eabi/5.4.1/../../../../arm-none-eabi/lib/armv7-m\libg_nano.a(lib_a-nano-freer.o)
                0x00003304                _free_r
 .text._malloc_r
                0x0000339c       0xbc c:/h_da softwares & projects/psoc creator/4.4/psoc creator/import/gnu/arm/5.4.1/bin/../lib/gcc/arm-none-eabi/5.4.1/../../../../arm-none-eabi/lib/armv7-m\libg_nano.a(lib_a-nano-mallocr.o)
                0x0000339c                _malloc_r
 .text.__ssputs_r
                0x00003458       0xb2 c:/h_da softwares & projects/psoc creator/4.4/psoc creator/import/gnu/arm/5.4.1/bin/../lib/gcc/arm-none-eabi/5.4.1/../../../../arm-none-eabi/lib/armv7-m\libg_nano.a(lib_a-nano-svfprintf.o)
                0x00003458                __ssputs_r
 *fill*         0x0000350a        0x2 
 .text._svfprintf_r
                0x0000350c      0x1e8 c:/h_da softwares & projects/psoc creator/4.4/psoc creator/import/gnu/arm/5.4.1/bin/../lib/gcc/arm-none-eabi/5.4.1/../../../../arm-none-eabi/lib/armv7-m\libg_nano.a(lib_a-nano-svfprintf.o)
                0x0000350c                _svfiprintf_r
                0x0000350c                _svfprintf_r
 .text._sbrk_r  0x000036f4       0x20 c:/h_da softwares & projects/psoc creator/4.4/psoc creator/import/gnu/arm/5.4.1/bin/../lib/gcc/arm-none-eabi/5.4.1/../../../../arm-none-eabi/lib/armv7-m\libg_nano.a(lib_a-sbrkr.o)
                0x000036f4                _sbrk_r
 .text.memmove  0x00003714       0x36 c:/h_da softwares & projects/psoc creator/4.4/psoc creator/import/gnu/arm/5.4.1/bin/../lib/gcc/arm-none-eabi/5.4.1/../../../../arm-none-eabi/lib/armv7-m\libg_nano.a(lib_a-memmove.o)
                0x00003714                memmove
 .text.__malloc_lock
                0x0000374a        0x2 c:/h_da softwares & projects/psoc creator/4.4/psoc creator/import/gnu/arm/5.4.1/bin/../lib/gcc/arm-none-eabi/5.4.1/../../../../arm-none-eabi/lib/armv7-m\libg_nano.a(lib_a-mlock.o)
                0x0000374a                __malloc_lock
 .text.__malloc_unlock
                0x0000374c        0x2 c:/h_da softwares & projects/psoc creator/4.4/psoc creator/import/gnu/arm/5.4.1/bin/../lib/gcc/arm-none-eabi/5.4.1/../../../../arm-none-eabi/lib/armv7-m\libg_nano.a(lib_a-mlock.o)
                0x0000374c                __malloc_unlock
 .text._realloc_r
                0x0000374e       0x4c c:/h_da softwares & projects/psoc creator/4.4/psoc creator/import/gnu/arm/5.4.1/bin/../lib/gcc/arm-none-eabi/5.4.1/../../../../arm-none-eabi/lib/armv7-m\libg_nano.a(lib_a-nano-reallocr.o)
                0x0000374e                _realloc_r
 .text._malloc_usable_size_r
                0x0000379a       0x14 c:/h_da softwares & projects/psoc creator/4.4/psoc creator/import/gnu/arm/5.4.1/bin/../lib/gcc/arm-none-eabi/5.4.1/../../../../arm-none-eabi/lib/armv7-m\libg_nano.a(lib_a-nano-msizer.o)
                0x0000379a                _malloc_usable_size_r
 *fill*         0x000037ae        0x2 
 .text          0x000037b0      0x424 c:/h_da softwares & projects/psoc creator/4.4/psoc creator/import/gnu/arm/5.4.1/bin/../lib/gcc/arm-none-eabi/5.4.1/armv7-m\libgcc.a(_arm_muldivdf3.o)
                0x000037b0                __aeabi_dmul
                0x000037b0                __muldf3
                0x00003a04                __divdf3
                0x00003a04                __aeabi_ddiv
 .text          0x00003bd4      0x110 c:/h_da softwares & projects/psoc creator/4.4/psoc creator/import/gnu/arm/5.4.1/bin/../lib/gcc/arm-none-eabi/5.4.1/armv7-m\libgcc.a(_arm_cmpdf2.o)
                0x00003bd4                __gtdf2
                0x00003bd4                __gedf2
                0x00003bdc                __ltdf2
                0x00003bdc                __ledf2
                0x00003be4                __nedf2
                0x00003be4                __eqdf2
                0x00003be4                __cmpdf2
                0x00003c60                __aeabi_cdrcmple
                0x00003c70                __aeabi_cdcmpeq
                0x00003c70                __aeabi_cdcmple
                0x00003c80                __aeabi_dcmpeq
                0x00003c94                __aeabi_dcmplt
                0x00003ca8                __aeabi_dcmple
                0x00003cbc                __aeabi_dcmpge
                0x00003cd0                __aeabi_dcmpgt
 .text          0x00003ce4       0x2c c:/h_da softwares & projects/psoc creator/4.4/psoc creator/import/gnu/arm/5.4.1/bin/../lib/gcc/arm-none-eabi/5.4.1/armv7-m\libgcc.a(_arm_unorddf2.o)
                0x00003ce4                __unorddf2
                0x00003ce4                __aeabi_dcmpun
 .text          0x00003d10       0x50 c:/h_da softwares & projects/psoc creator/4.4/psoc creator/import/gnu/arm/5.4.1/bin/../lib/gcc/arm-none-eabi/5.4.1/armv7-m\libgcc.a(_arm_fixdfsi.o)
                0x00003d10                __aeabi_d2iz
                0x00003d10                __fixdfsi
 *(.plt)
 *(.gnu.warning)
 *(.glue_7t)
 .glue_7t       0x00003d60        0x0 linker stubs
 *(.glue_7)
 .glue_7        0x00003d60        0x0 linker stubs
 *(.vfp11_veneer)
 .vfp11_veneer  0x00003d60        0x0 linker stubs
 *(.bootloader)
 *(.ARM.extab* .gnu.linkonce.armextab.*)
 *(.gcc_except_table)

.v4_bx          0x00003d60        0x0
 .v4_bx         0x00003d60        0x0 linker stubs

.iplt           0x00003d60        0x0
 .iplt          0x00003d60        0x0 c:/h_da softwares & projects/psoc creator/4.4/psoc creator/import/gnu/arm/5.4.1/bin/../lib/gcc/arm-none-eabi/5.4.1/armv7-m/crtbegin.o

.eh_frame_hdr
 *(.eh_frame_hdr)

.eh_frame       0x00003d60        0x4
 *(.eh_frame)
 .eh_frame      0x00003d60        0x0 c:/h_da softwares & projects/psoc creator/4.4/psoc creator/import/gnu/arm/5.4.1/bin/../lib/gcc/arm-none-eabi/5.4.1/armv7-m/crtbegin.o
 .eh_frame      0x00003d60        0x4 c:/h_da softwares & projects/psoc creator/4.4/psoc creator/import/gnu/arm/5.4.1/bin/../lib/gcc/arm-none-eabi/5.4.1/armv7-m/crtend.o
                [!provide]                PROVIDE (__exidx_start, .)

.ARM.exidx
 *(.ARM.exidx* .gnu.linkonce.armexidx.*)
                0x00003d64                __exidx_end = .

.rodata         0x00003d68      0x340
 *(.rodata .rodata.* .gnu.linkonce.r.*)
 .rodata.str1.4
                0x00003d68       0x85 .\CortexM3\ARM_GCC_541\Debug\main.o
 *fill*         0x00003ded        0x3 
 .rodata.str1.4
                0x00003df0       0xe0 .\CortexM3\ARM_GCC_541\Debug\TimingAnalyzer.o
                                 0xdf (size before relaxing)
 .rodata        0x00003ed0       0x44 .\CortexM3\ARM_GCC_541\Debug\cyfitter_cfg.o
 .rodata.str1.1
                0x00003f14        0x2 c:/h_da softwares & projects/psoc creator/4.4/psoc creator/import/gnu/arm/5.4.1/bin/../lib/gcc/arm-none-eabi/5.4.1/../../../../arm-none-eabi/lib/armv7-m\libg_nano.a(lib_a-impure.o)
 .rodata.str1.1
                0x00003f16       0x12 c:/h_da softwares & projects/psoc creator/4.4/psoc creator/import/gnu/arm/5.4.1/bin/../lib/gcc/arm-none-eabi/5.4.1/../../../../arm-none-eabi/lib/armv7-m\libg_nano.a(lib_a-nano-vfprintf_float.o)
 .rodata.str1.1
                0x00003f28       0x22 c:/h_da softwares & projects/psoc creator/4.4/psoc creator/import/gnu/arm/5.4.1/bin/../lib/gcc/arm-none-eabi/5.4.1/../../../../arm-none-eabi/lib/armv7-m\libg_nano.a(lib_a-nano-vfprintf_i.o)
 .rodata.str1.1
                0x00003f4a        0xd c:/h_da softwares & projects/psoc creator/4.4/psoc creator/import/gnu/arm/5.4.1/bin/../lib/gcc/arm-none-eabi/5.4.1/../../../../arm-none-eabi/lib/armv7-m\libg_nano.a(lib_a-dtoa.o)
                                  0xf (size before relaxing)
 .rodata.str1.1
                0x00003f57        0x8 c:/h_da softwares & projects/psoc creator/4.4/psoc creator/import/gnu/arm/5.4.1/bin/../lib/gcc/arm-none-eabi/5.4.1/../../../../arm-none-eabi/lib/armv7-m\libg_nano.a(lib_a-locale.o)
                                  0xb (size before relaxing)
 *fill*         0x00003f5f        0x1 
 .rodata.__mprec_tens
                0x00003f60       0xc8 c:/h_da softwares & projects/psoc creator/4.4/psoc creator/import/gnu/arm/5.4.1/bin/../lib/gcc/arm-none-eabi/5.4.1/../../../../arm-none-eabi/lib/armv7-m\libg_nano.a(lib_a-mprec.o)
                0x00003f60                __mprec_tens
 .rodata.p05.5408
                0x00004028        0xc c:/h_da softwares & projects/psoc creator/4.4/psoc creator/import/gnu/arm/5.4.1/bin/../lib/gcc/arm-none-eabi/5.4.1/../../../../arm-none-eabi/lib/armv7-m\libg_nano.a(lib_a-mprec.o)
 *fill*         0x00004034        0x4 
 .rodata.__mprec_bigtens
                0x00004038       0x28 c:/h_da softwares & projects/psoc creator/4.4/psoc creator/import/gnu/arm/5.4.1/bin/../lib/gcc/arm-none-eabi/5.4.1/../../../../arm-none-eabi/lib/armv7-m\libg_nano.a(lib_a-mprec.o)
                0x00004038                __mprec_bigtens
 .rodata.str1.1
                0x00004060       0x11 c:/h_da softwares & projects/psoc creator/4.4/psoc creator/import/gnu/arm/5.4.1/bin/../lib/gcc/arm-none-eabi/5.4.1/../../../../arm-none-eabi/lib/armv7-m\libg_nano.a(lib_a-nano-svfprintf.o)
                0x00004074                . = ALIGN (0x4)
 *fill*         0x00004071        0x3 
 *(.init)
 .init          0x00004074        0x4 c:/h_da softwares & projects/psoc creator/4.4/psoc creator/import/gnu/arm/5.4.1/bin/../lib/gcc/arm-none-eabi/5.4.1/armv7-m/crti.o
                0x00004074                _init
 .init          0x00004078        0x8 c:/h_da softwares & projects/psoc creator/4.4/psoc creator/import/gnu/arm/5.4.1/bin/../lib/gcc/arm-none-eabi/5.4.1/armv7-m/crtn.o
                0x00004080                . = ALIGN (0x4)
                0x00004080                __preinit_array_start = .
 *(.preinit_array)
                0x00004080                __preinit_array_end = .
                0x00004080                . = ALIGN (0x4)
                0x00004080                __init_array_start = .
 *(SORT(.init_array.*))
 *(.init_array)
 .init_array    0x00004080        0x4 c:/h_da softwares & projects/psoc creator/4.4/psoc creator/import/gnu/arm/5.4.1/bin/../lib/gcc/arm-none-eabi/5.4.1/armv7-m/crtbegin.o
 .init_array    0x00004084        0x4 .\CortexM3\ARM_GCC_541\Debug\Cm3Start.o
                0x00004088                __init_array_end = .
                0x00004088                . = ALIGN (0x4)
 *(.fini)
 .fini          0x00004088        0x4 c:/h_da softwares & projects/psoc creator/4.4/psoc creator/import/gnu/arm/5.4.1/bin/../lib/gcc/arm-none-eabi/5.4.1/armv7-m/crti.o
                0x00004088                _fini
 .fini          0x0000408c        0x8 c:/h_da softwares & projects/psoc creator/4.4/psoc creator/import/gnu/arm/5.4.1/bin/../lib/gcc/arm-none-eabi/5.4.1/armv7-m/crtn.o
                0x00004094                . = ALIGN (0x4)
                0x00004094                __fini_array_start = .
 *(.fini_array)
 .fini_array    0x00004094        0x4 c:/h_da softwares & projects/psoc creator/4.4/psoc creator/import/gnu/arm/5.4.1/bin/../lib/gcc/arm-none-eabi/5.4.1/armv7-m/crtbegin.o
 *(SORT(.fini_array.*))
                0x00004098                __fini_array_end = .
                0x00004098                . = ALIGN (0x4)
 *crtbegin.o(.ctors)
 *(EXCLUDE_FILE(*crtend.o) .ctors)
 *(SORT(.ctors.*))
 *crtend.o(.ctors)
                0x00004098                . = ALIGN (0x4)
 *crtbegin.o(.dtors)
 *(EXCLUDE_FILE(*crtend.o) .dtors)
 *(SORT(.dtors.*))
 *crtend.o(.dtors)
                0x00004098                . = ALIGN (0x4)
                0x00004098                __cy_regions = .
                0x00004098        0x4 LONG 0x40a8 __cy_region_init_ram
                0x0000409c        0x4 LONG 0x1fff80c8 __cy_region_start_data
                0x000040a0        0x4 LONG 0xb8 __cy_region_init_size_ram
                0x000040a4        0x4 LONG 0x248 __cy_region_zero_size_ram
                0x000040a8                __cy_regions_end = .
                0x000040a8                . = ALIGN (0x8)
                0x000040a8                _etext = .

.cy_checksum_exclude
                0x000040a8        0x0
 *(.cy_checksum_exclude)

.ramvectors     0x1fff8000       0xc0
                0x1fff8000                __cy_region_start_ram = .
 *(.ramvectors)
 .ramvectors    0x1fff8000       0xc0 .\CortexM3\ARM_GCC_541\Debug\Cm3Start.o
                0x1fff8000                CyRamVectors

.noinit         0x1fff80c0        0x1
 *(.noinit)
 .noinit        0x1fff80c0        0x1 .\CortexM3\ARM_GCC_541\Debug\Timing Analyzer.a(CyLib.o)
                0x1fff80c0                CyResetStatus

.data           0x1fff80c8       0xb8 load address 0x000040a8
                0x1fff80c8                __cy_region_start_data = .
 *(.jcr)
 .jcr           0x1fff80c8        0x0 c:/h_da softwares & projects/psoc creator/4.4/psoc creator/import/gnu/arm/5.4.1/bin/../lib/gcc/arm-none-eabi/5.4.1/armv7-m/crtbegin.o
 .jcr           0x1fff80c8        0x4 c:/h_da softwares & projects/psoc creator/4.4/psoc creator/import/gnu/arm/5.4.1/bin/../lib/gcc/arm-none-eabi/5.4.1/armv7-m/crtend.o
 *(.got.plt)
 *(.got)
 *(.shdata)
 *(.data .data.* .gnu.linkonce.d.*)
 .data          0x1fff80cc        0x4 .\CortexM3\ARM_GCC_541\Debug\Cm3Start.o
 .data          0x1fff80d0       0x10 .\CortexM3\ARM_GCC_541\Debug\Timing Analyzer.a(CyLib.o)
                0x1fff80d0                cydelay_32k_ms
                0x1fff80d4                cydelay_freq_khz
                0x1fff80d8                cydelay_freq_mhz
                0x1fff80dc                cydelay_freq_hz
 .data.impure_data
                0x1fff80e0       0x60 c:/h_da softwares & projects/psoc creator/4.4/psoc creator/import/gnu/arm/5.4.1/bin/../lib/gcc/arm-none-eabi/5.4.1/../../../../arm-none-eabi/lib/armv7-m\libg_nano.a(lib_a-impure.o)
 .data._impure_ptr
                0x1fff8140        0x4 c:/h_da softwares & projects/psoc creator/4.4/psoc creator/import/gnu/arm/5.4.1/bin/../lib/gcc/arm-none-eabi/5.4.1/../../../../arm-none-eabi/lib/armv7-m\libg_nano.a(lib_a-impure.o)
                0x1fff8140                _impure_ptr
 .data.lconv    0x1fff8144       0x38 c:/h_da softwares & projects/psoc creator/4.4/psoc creator/import/gnu/arm/5.4.1/bin/../lib/gcc/arm-none-eabi/5.4.1/../../../../arm-none-eabi/lib/armv7-m\libg_nano.a(lib_a-locale.o)
                0x1fff8180                . = ALIGN (0x8)
 *fill*         0x1fff817c        0x4 
 *(.ram)
                0x1fff8180                _edata = .

.igot.plt       0x1fff8180        0x0 load address 0x00004160
 .igot.plt      0x1fff8180        0x0 c:/h_da softwares & projects/psoc creator/4.4/psoc creator/import/gnu/arm/5.4.1/bin/../lib/gcc/arm-none-eabi/5.4.1/armv7-m/crtbegin.o

.bss            0x1fff8180      0x248 load address 0x00004160
                0x1fff8180                PROVIDE (__bss_start__, .)
 *(.shbss)
 *(.bss .bss.* .gnu.linkonce.b.*)
 .bss           0x1fff8180       0x1c c:/h_da softwares & projects/psoc creator/4.4/psoc creator/import/gnu/arm/5.4.1/bin/../lib/gcc/arm-none-eabi/5.4.1/armv7-m/crtbegin.o
 .bss           0x1fff819c       0x30 .\CortexM3\ARM_GCC_541\Debug\TimingAnalyzer.o
                0x1fff819c                g_system_ms
 .bss           0x1fff81cc       0x1c .\CortexM3\ARM_GCC_541\Debug\Timing Analyzer.a(CyLib.o)
                0x1fff81e4                CySysTickInitVar
 .bss           0x1fff81e8        0x2 .\CortexM3\ARM_GCC_541\Debug\Timing Analyzer.a(UART_LOG.o)
                0x1fff81e8                UART_LOG_initVar
 .bss           0x1fff81ea        0x1 .\CortexM3\ARM_GCC_541\Debug\Timing Analyzer.a(Timer_1ms.o)
                0x1fff81ea                Timer_1ms_initVar
 .bss           0x1fff81eb        0x1 .\CortexM3\ARM_GCC_541\Debug\Timing Analyzer.a(Timer_2secs.o)
                0x1fff81eb                Timer_2secs_initVar
 .bss.__malloc_sbrk_start
                0x1fff81ec        0x4 c:/h_da softwares & projects/psoc creator/4.4/psoc creator/import/gnu/arm/5.4.1/bin/../lib/gcc/arm-none-eabi/5.4.1/../../../../arm-none-eabi/lib/armv7-m\libg_nano.a(lib_a-nano-mallocr.o)
                0x1fff81ec                __malloc_sbrk_start
 .bss.__malloc_free_list
                0x1fff81f0        0x4 c:/h_da softwares & projects/psoc creator/4.4/psoc creator/import/gnu/arm/5.4.1/bin/../lib/gcc/arm-none-eabi/5.4.1/../../../../arm-none-eabi/lib/armv7-m\libg_nano.a(lib_a-nano-mallocr.o)
                0x1fff81f0                __malloc_free_list
 *(COMMON)
 *fill*         0x1fff81f4        0x4 
 COMMON         0x1fff81f8      0x1c8 .\CortexM3\ARM_GCC_541\Debug\main.o
                0x1fff81f8                analyzerMath
                0x1fff8230                analyzerIsr2secsSYS
                0x1fff8268                analyzerPin
                0x1fff82a0                Pin_t
                0x1fff82a8                analyzerSystick
                0x1fff82e0                analyzerDwt
                0x1fff8318                analyzerIsr2secsDWT
                0x1fff8350                analyzerIsr1msDWT
                0x1fff8388                analyzerIsr1msSYS
 COMMON         0x1fff83c0        0x4 c:/h_da softwares & projects/psoc creator/4.4/psoc creator/import/gnu/arm/5.4.1/bin/../lib/gcc/arm-none-eabi/5.4.1/../../../../arm-none-eabi/lib/armv7-m\libg_nano.a(lib_a-reent.o)
                0x1fff83c0                errno
                0x1fff83c8                . = ALIGN (0x8)
 *fill*         0x1fff83c4        0x4 
 *(.ram.b)
                0x1fff83c8                _end = .
                0x1fff83c8                __end = .
                0x1fff83c8                PROVIDE (end, .)
                0x1fff83c8                PROVIDE (__bss_end__, .)
                0x000040a8                __cy_region_init_ram = LOADADDR (.data)
                0x000000b8                __cy_region_init_size_ram = (_edata - ADDR (.data))
                0x00000248                __cy_region_zero_size_ram = (_end - _edata)

.heap           0x1fff83c8      0x800 load address 0x00004160
                0x1fff83c8                . = _end
                0x1fff8bc8                . = (. + 0x800)
 *fill*         0x1fff83c8      0x800 
                0x1fff8bc8                __cy_heap_limit = .

.stack          0x20007800      0x800
                0x20007800                __cy_stack_limit = .
                0x20008000                . = (. + 0x800)
 *fill*         0x20007800      0x800 
                0x00000001                ASSERT ((__cy_stack_limit >= __cy_heap_limit), region RAM overflowed with stack)
                0x00000000                cy_checksum_exclude_size = (CY_APPL_LOADABLE == 0x1)?SIZEOF (.cy_checksum_exclude):0x0
                0x00000001                ASSERT ((cy_checksum_exclude_size <= CY_CHECKSUM_EXCLUDE_SIZE), CY_BOOT: Section .cy_checksum_exclude size exceedes specified limit.)

.cyloadermeta
 *(.cyloadermeta)

.cyloadablemeta
 *(.cyloadablemeta)

.cyconfigecc    0x80000000      0x494
 *(.cyconfigecc)
 .cyconfigecc   0x80000000      0x494 .\CortexM3\ARM_GCC_541\Debug\cymetadata.o
                0x80000000                cy_meta_configecc

.cycustnvl      0x90000000        0x4
 *(.cycustnvl)
 .cycustnvl     0x90000000        0x4 .\CortexM3\ARM_GCC_541\Debug\cymetadata.o
                0x90000000                cy_meta_custnvl

.cywolatch      0x90100000        0x4
 *(.cywolatch)
 .cywolatch     0x90100000        0x4 .\CortexM3\ARM_GCC_541\Debug\cymetadata.o
                0x90100000                cy_meta_wonvl

.cyeeprom       0x90200000        0x0
 *(.cyeeprom)
                0x00000001                ASSERT ((. <= ((0x90200000 + ee_offset) + ee_size)), .cyeeprom data will not fit in EEPROM)

.cyflashprotect
                0x90400000      0x100
 *(.cyflashprotect)
 .cyflashprotect
                0x90400000      0x100 .\CortexM3\ARM_GCC_541\Debug\cymetadata.o
                0x90400000                cy_meta_flashprotect

.cymeta         0x90500000        0xc
 *(.cymeta)
 .cymeta        0x90500000        0xc .\CortexM3\ARM_GCC_541\Debug\cymetadata.o
                0x90500000                cy_metadata

.rel.dyn        0x00004160        0x0 load address 0x9050000c
 .rel.iplt      0x00004160        0x0 c:/h_da softwares & projects/psoc creator/4.4/psoc creator/import/gnu/arm/5.4.1/bin/../lib/gcc/arm-none-eabi/5.4.1/armv7-m/crtbegin.o

.stab
 *(.stab)

.stabstr
 *(.stabstr)

.debug
 *(.debug)

.line
 *(.line)

.debug_srcinfo
 *(.debug_srcinfo)

.debug_sfnames
 *(.debug_sfnames)

.debug_aranges  0x00000000      0xa28
 *(.debug_aranges)
 .debug_aranges
                0x00000000       0x30 .\CortexM3\ARM_GCC_541\Debug\main.o
 .debug_aranges
                0x00000030       0x60 .\CortexM3\ARM_GCC_541\Debug\TimingAnalyzer.o
 .debug_aranges
                0x00000090       0x38 .\CortexM3\ARM_GCC_541\Debug\Pins.o
 .debug_aranges
                0x000000c8       0x58 .\CortexM3\ARM_GCC_541\Debug\cyfitter_cfg.o
 .debug_aranges
                0x00000120       0x18 .\CortexM3\ARM_GCC_541\Debug\cymetadata.o
 .debug_aranges
                0x00000138       0x48 .\CortexM3\ARM_GCC_541\Debug\Cm3Start.o
 .debug_aranges
                0x00000180      0x2a0 .\CortexM3\ARM_GCC_541\Debug\Timing Analyzer.a(CyLib.o)
 .debug_aranges
                0x00000420       0x98 .\CortexM3\ARM_GCC_541\Debug\Timing Analyzer.a(cyPm.o)
 .debug_aranges
                0x000004b8       0x38 .\CortexM3\ARM_GCC_541\Debug\Timing Analyzer.a(RED_LED.o)
 .debug_aranges
                0x000004f0       0x38 .\CortexM3\ARM_GCC_541\Debug\Timing Analyzer.a(YELLOW_LED.o)
 .debug_aranges
                0x00000528       0x38 .\CortexM3\ARM_GCC_541\Debug\Timing Analyzer.a(GREEN_LED.o)
 .debug_aranges
                0x00000560       0xf0 .\CortexM3\ARM_GCC_541\Debug\Timing Analyzer.a(UART_LOG.o)
 .debug_aranges
                0x00000650       0x70 .\CortexM3\ARM_GCC_541\Debug\Timing Analyzer.a(UART_LOG_IntClock.o)
 .debug_aranges
                0x000006c0       0x90 .\CortexM3\ARM_GCC_541\Debug\Timing Analyzer.a(Timer_1ms.o)
 .debug_aranges
                0x00000750       0x80 .\CortexM3\ARM_GCC_541\Debug\Timing Analyzer.a(isr_1ms.o)
 .debug_aranges
                0x000007d0       0x80 .\CortexM3\ARM_GCC_541\Debug\Timing Analyzer.a(isr_2secs.o)
 .debug_aranges
                0x00000850       0x90 .\CortexM3\ARM_GCC_541\Debug\Timing Analyzer.a(Timer_2secs.o)
 .debug_aranges
                0x000008e0       0x20 .\CortexM3\ARM_GCC_541\Debug\Timing Analyzer.a(CyBootAsmGnu.o)
 .debug_aranges
                0x00000900       0x88 .\CortexM3\ARM_GCC_541\Debug\Timing Analyzer.a(CyFlash.o)
 .debug_aranges
                0x00000988       0x80 .\CortexM3\ARM_GCC_541\Debug\Timing Analyzer.a(CySpc.o)
 .debug_aranges
                0x00000a08       0x20 .\CortexM3\ARM_GCC_541\Debug\Timing Analyzer.a(cyutils.o)

.debug_pubnames
 *(.debug_pubnames)

.debug_info     0x00000000     0x5fe9
 *(.debug_info .gnu.linkonce.wi.*)
 .debug_info    0x00000000      0x75c .\CortexM3\ARM_GCC_541\Debug\main.o
 .debug_info    0x0000075c      0x97b .\CortexM3\ARM_GCC_541\Debug\TimingAnalyzer.o
 .debug_info    0x000010d7      0x1f8 .\CortexM3\ARM_GCC_541\Debug\Pins.o
 .debug_info    0x000012cf      0x5cd .\CortexM3\ARM_GCC_541\Debug\cyfitter_cfg.o
 .debug_info    0x0000189c      0x136 .\CortexM3\ARM_GCC_541\Debug\cymetadata.o
 .debug_info    0x000019d2      0x3bb .\CortexM3\ARM_GCC_541\Debug\Cm3Start.o
 .debug_info    0x00001d8d     0x1374 .\CortexM3\ARM_GCC_541\Debug\Timing Analyzer.a(CyLib.o)
 .debug_info    0x00003101      0xa2a .\CortexM3\ARM_GCC_541\Debug\Timing Analyzer.a(cyPm.o)
 .debug_info    0x00003b2b      0x11f .\CortexM3\ARM_GCC_541\Debug\Timing Analyzer.a(RED_LED.o)
 .debug_info    0x00003c4a      0x11f .\CortexM3\ARM_GCC_541\Debug\Timing Analyzer.a(YELLOW_LED.o)
 .debug_info    0x00003d69      0x11f .\CortexM3\ARM_GCC_541\Debug\Timing Analyzer.a(GREEN_LED.o)
 .debug_info    0x00003e88      0x60c .\CortexM3\ARM_GCC_541\Debug\Timing Analyzer.a(UART_LOG.o)
 .debug_info    0x00004494      0x283 .\CortexM3\ARM_GCC_541\Debug\Timing Analyzer.a(UART_LOG_IntClock.o)
 .debug_info    0x00004717      0x2ee .\CortexM3\ARM_GCC_541\Debug\Timing Analyzer.a(Timer_1ms.o)
 .debug_info    0x00004a05      0x2d2 .\CortexM3\ARM_GCC_541\Debug\Timing Analyzer.a(isr_1ms.o)
 .debug_info    0x00004cd7      0x2d2 .\CortexM3\ARM_GCC_541\Debug\Timing Analyzer.a(isr_2secs.o)
 .debug_info    0x00004fa9      0x332 .\CortexM3\ARM_GCC_541\Debug\Timing Analyzer.a(Timer_2secs.o)
 .debug_info    0x000052db       0x83 .\CortexM3\ARM_GCC_541\Debug\Timing Analyzer.a(CyBootAsmGnu.o)
 .debug_info    0x0000535e      0x64d .\CortexM3\ARM_GCC_541\Debug\Timing Analyzer.a(CyFlash.o)
 .debug_info    0x000059ab      0x550 .\CortexM3\ARM_GCC_541\Debug\Timing Analyzer.a(CySpc.o)
 .debug_info    0x00005efb       0xee .\CortexM3\ARM_GCC_541\Debug\Timing Analyzer.a(cyutils.o)

.debug_abbrev   0x00000000     0x1ae7
 *(.debug_abbrev)
 .debug_abbrev  0x00000000      0x17f .\CortexM3\ARM_GCC_541\Debug\main.o
 .debug_abbrev  0x0000017f      0x285 .\CortexM3\ARM_GCC_541\Debug\TimingAnalyzer.o
 .debug_abbrev  0x00000404       0xe1 .\CortexM3\ARM_GCC_541\Debug\Pins.o
 .debug_abbrev  0x000004e5      0x20d .\CortexM3\ARM_GCC_541\Debug\cyfitter_cfg.o
 .debug_abbrev  0x000006f2       0x77 .\CortexM3\ARM_GCC_541\Debug\cymetadata.o
 .debug_abbrev  0x00000769      0x1e8 .\CortexM3\ARM_GCC_541\Debug\Cm3Start.o
 .debug_abbrev  0x00000951      0x254 .\CortexM3\ARM_GCC_541\Debug\Timing Analyzer.a(CyLib.o)
 .debug_abbrev  0x00000ba5      0x1ab .\CortexM3\ARM_GCC_541\Debug\Timing Analyzer.a(cyPm.o)
 .debug_abbrev  0x00000d50       0x90 .\CortexM3\ARM_GCC_541\Debug\Timing Analyzer.a(RED_LED.o)
 .debug_abbrev  0x00000de0       0x90 .\CortexM3\ARM_GCC_541\Debug\Timing Analyzer.a(YELLOW_LED.o)
 .debug_abbrev  0x00000e70       0x90 .\CortexM3\ARM_GCC_541\Debug\Timing Analyzer.a(GREEN_LED.o)
 .debug_abbrev  0x00000f00      0x175 .\CortexM3\ARM_GCC_541\Debug\Timing Analyzer.a(UART_LOG.o)
 .debug_abbrev  0x00001075      0x139 .\CortexM3\ARM_GCC_541\Debug\Timing Analyzer.a(UART_LOG_IntClock.o)
 .debug_abbrev  0x000011ae      0x12b .\CortexM3\ARM_GCC_541\Debug\Timing Analyzer.a(Timer_1ms.o)
 .debug_abbrev  0x000012d9      0x173 .\CortexM3\ARM_GCC_541\Debug\Timing Analyzer.a(isr_1ms.o)
 .debug_abbrev  0x0000144c      0x173 .\CortexM3\ARM_GCC_541\Debug\Timing Analyzer.a(isr_2secs.o)
 .debug_abbrev  0x000015bf      0x14b .\CortexM3\ARM_GCC_541\Debug\Timing Analyzer.a(Timer_2secs.o)
 .debug_abbrev  0x0000170a       0x14 .\CortexM3\ARM_GCC_541\Debug\Timing Analyzer.a(CyBootAsmGnu.o)
 .debug_abbrev  0x0000171e      0x1a7 .\CortexM3\ARM_GCC_541\Debug\Timing Analyzer.a(CyFlash.o)
 .debug_abbrev  0x000018c5      0x194 .\CortexM3\ARM_GCC_541\Debug\Timing Analyzer.a(CySpc.o)
 .debug_abbrev  0x00001a59       0x8e .\CortexM3\ARM_GCC_541\Debug\Timing Analyzer.a(cyutils.o)

.debug_line     0x00000000     0x29f5
 *(.debug_line)
 .debug_line    0x00000000      0x2a7 .\CortexM3\ARM_GCC_541\Debug\main.o
 .debug_line    0x000002a7      0x40d .\CortexM3\ARM_GCC_541\Debug\TimingAnalyzer.o
 .debug_line    0x000006b4      0x1c8 .\CortexM3\ARM_GCC_541\Debug\Pins.o
 .debug_line    0x0000087c      0x1f6 .\CortexM3\ARM_GCC_541\Debug\cyfitter_cfg.o
 .debug_line    0x00000a72      0x13d .\CortexM3\ARM_GCC_541\Debug\cymetadata.o
 .debug_line    0x00000baf      0x230 .\CortexM3\ARM_GCC_541\Debug\Cm3Start.o
 .debug_line    0x00000ddf      0x816 .\CortexM3\ARM_GCC_541\Debug\Timing Analyzer.a(CyLib.o)
 .debug_line    0x000015f5      0x367 .\CortexM3\ARM_GCC_541\Debug\Timing Analyzer.a(cyPm.o)
 .debug_line    0x0000195c       0x94 .\CortexM3\ARM_GCC_541\Debug\Timing Analyzer.a(RED_LED.o)
 .debug_line    0x000019f0       0x97 .\CortexM3\ARM_GCC_541\Debug\Timing Analyzer.a(YELLOW_LED.o)
 .debug_line    0x00001a87       0x96 .\CortexM3\ARM_GCC_541\Debug\Timing Analyzer.a(GREEN_LED.o)
 .debug_line    0x00001b1d      0x2c4 .\CortexM3\ARM_GCC_541\Debug\Timing Analyzer.a(UART_LOG.o)
 .debug_line    0x00001de1      0x180 .\CortexM3\ARM_GCC_541\Debug\Timing Analyzer.a(UART_LOG_IntClock.o)
 .debug_line    0x00001f61      0x174 .\CortexM3\ARM_GCC_541\Debug\Timing Analyzer.a(Timer_1ms.o)
 .debug_line    0x000020d5      0x134 .\CortexM3\ARM_GCC_541\Debug\Timing Analyzer.a(isr_1ms.o)
 .debug_line    0x00002209      0x136 .\CortexM3\ARM_GCC_541\Debug\Timing Analyzer.a(isr_2secs.o)
 .debug_line    0x0000233f      0x176 .\CortexM3\ARM_GCC_541\Debug\Timing Analyzer.a(Timer_2secs.o)
 .debug_line    0x000024b5       0x66 .\CortexM3\ARM_GCC_541\Debug\Timing Analyzer.a(CyBootAsmGnu.o)
 .debug_line    0x0000251b      0x21a .\CortexM3\ARM_GCC_541\Debug\Timing Analyzer.a(CyFlash.o)
 .debug_line    0x00002735      0x260 .\CortexM3\ARM_GCC_541\Debug\Timing Analyzer.a(CySpc.o)
 .debug_line    0x00002995       0x60 .\CortexM3\ARM_GCC_541\Debug\Timing Analyzer.a(cyutils.o)

.debug_frame    0x00000000     0x21d0
 *(.debug_frame)
 .debug_frame   0x00000000       0x70 .\CortexM3\ARM_GCC_541\Debug\main.o
 .debug_frame   0x00000070      0x1c0 .\CortexM3\ARM_GCC_541\Debug\TimingAnalyzer.o
 .debug_frame   0x00000230       0x80 .\CortexM3\ARM_GCC_541\Debug\Pins.o
 .debug_frame   0x000002b0       0xe4 .\CortexM3\ARM_GCC_541\Debug\cyfitter_cfg.o
 .debug_frame   0x00000394       0xb8 .\CortexM3\ARM_GCC_541\Debug\Cm3Start.o
 .debug_frame   0x0000044c      0x738 .\CortexM3\ARM_GCC_541\Debug\Timing Analyzer.a(CyLib.o)
 .debug_frame   0x00000b84      0x1f8 .\CortexM3\ARM_GCC_541\Debug\Timing Analyzer.a(cyPm.o)
 .debug_frame   0x00000d7c       0x50 .\CortexM3\ARM_GCC_541\Debug\Timing Analyzer.a(RED_LED.o)
 .debug_frame   0x00000dcc       0x50 .\CortexM3\ARM_GCC_541\Debug\Timing Analyzer.a(YELLOW_LED.o)
 .debug_frame   0x00000e1c       0x50 .\CortexM3\ARM_GCC_541\Debug\Timing Analyzer.a(GREEN_LED.o)
 .debug_frame   0x00000e6c      0x250 .\CortexM3\ARM_GCC_541\Debug\Timing Analyzer.a(UART_LOG.o)
 .debug_frame   0x000010bc       0xe0 .\CortexM3\ARM_GCC_541\Debug\Timing Analyzer.a(UART_LOG_IntClock.o)
 .debug_frame   0x0000119c      0x124 .\CortexM3\ARM_GCC_541\Debug\Timing Analyzer.a(Timer_1ms.o)
 .debug_frame   0x000012c0      0x104 .\CortexM3\ARM_GCC_541\Debug\Timing Analyzer.a(isr_1ms.o)
 .debug_frame   0x000013c4      0x104 .\CortexM3\ARM_GCC_541\Debug\Timing Analyzer.a(isr_2secs.o)
 .debug_frame   0x000014c8      0x13c .\CortexM3\ARM_GCC_541\Debug\Timing Analyzer.a(Timer_2secs.o)
 .debug_frame   0x00001604      0x194 .\CortexM3\ARM_GCC_541\Debug\Timing Analyzer.a(CyFlash.o)
 .debug_frame   0x00001798      0x180 .\CortexM3\ARM_GCC_541\Debug\Timing Analyzer.a(CySpc.o)
 .debug_frame   0x00001918       0x20 .\CortexM3\ARM_GCC_541\Debug\Timing Analyzer.a(cyutils.o)
 .debug_frame   0x00001938       0x20 c:/h_da softwares & projects/psoc creator/4.4/psoc creator/import/gnu/arm/5.4.1/bin/../lib/gcc/arm-none-eabi/5.4.1/../../../../arm-none-eabi/lib/armv7-m\libg_nano.a(lib_a-errno.o)
 .debug_frame   0x00001958       0x28 c:/h_da softwares & projects/psoc creator/4.4/psoc creator/import/gnu/arm/5.4.1/bin/../lib/gcc/arm-none-eabi/5.4.1/../../../../arm-none-eabi/lib/armv7-m\libg_nano.a(lib_a-exit.o)
 .debug_frame   0x00001980       0x2c c:/h_da softwares & projects/psoc creator/4.4/psoc creator/import/gnu/arm/5.4.1/bin/../lib/gcc/arm-none-eabi/5.4.1/../../../../arm-none-eabi/lib/armv7-m\libg_nano.a(lib_a-init.o)
 .debug_frame   0x000019ac       0x28 c:/h_da softwares & projects/psoc creator/4.4/psoc creator/import/gnu/arm/5.4.1/bin/../lib/gcc/arm-none-eabi/5.4.1/../../../../arm-none-eabi/lib/armv7-m\libg_nano.a(lib_a-memcpy-stub.o)
 .debug_frame   0x000019d4       0x20 c:/h_da softwares & projects/psoc creator/4.4/psoc creator/import/gnu/arm/5.4.1/bin/../lib/gcc/arm-none-eabi/5.4.1/../../../../arm-none-eabi/lib/armv7-m\libg_nano.a(lib_a-memset.o)
 .debug_frame   0x000019f4       0x8c c:/h_da softwares & projects/psoc creator/4.4/psoc creator/import/gnu/arm/5.4.1/bin/../lib/gcc/arm-none-eabi/5.4.1/../../../../arm-none-eabi/lib/armv7-m\libg_nano.a(lib_a-nano-vfprintf_float.o)
 .debug_frame   0x00001a80       0x60 c:/h_da softwares & projects/psoc creator/4.4/psoc creator/import/gnu/arm/5.4.1/bin/../lib/gcc/arm-none-eabi/5.4.1/../../../../arm-none-eabi/lib/armv7-m\libg_nano.a(lib_a-nano-vfprintf_i.o)
 .debug_frame   0x00001ae0       0x74 c:/h_da softwares & projects/psoc creator/4.4/psoc creator/import/gnu/arm/5.4.1/bin/../lib/gcc/arm-none-eabi/5.4.1/../../../../arm-none-eabi/lib/armv7-m\libg_nano.a(lib_a-snprintf.o)
 .debug_frame   0x00001b54       0x70 c:/h_da softwares & projects/psoc creator/4.4/psoc creator/import/gnu/arm/5.4.1/bin/../lib/gcc/arm-none-eabi/5.4.1/../../../../arm-none-eabi/lib/armv7-m\libg_nano.a(lib_a-sprintf.o)
 .debug_frame   0x00001bc4       0x6c c:/h_da softwares & projects/psoc creator/4.4/psoc creator/import/gnu/arm/5.4.1/bin/../lib/gcc/arm-none-eabi/5.4.1/../../../../arm-none-eabi/lib/armv7-m\libg_nano.a(lib_a-dtoa.o)
 .debug_frame   0x00001c30       0x98 c:/h_da softwares & projects/psoc creator/4.4/psoc creator/import/gnu/arm/5.4.1/bin/../lib/gcc/arm-none-eabi/5.4.1/../../../../arm-none-eabi/lib/armv7-m\libg_nano.a(lib_a-locale.o)
 .debug_frame   0x00001cc8       0x30 c:/h_da softwares & projects/psoc creator/4.4/psoc creator/import/gnu/arm/5.4.1/bin/../lib/gcc/arm-none-eabi/5.4.1/../../../../arm-none-eabi/lib/armv7-m\libg_nano.a(lib_a-malloc.o)
 .debug_frame   0x00001cf8       0x28 c:/h_da softwares & projects/psoc creator/4.4/psoc creator/import/gnu/arm/5.4.1/bin/../lib/gcc/arm-none-eabi/5.4.1/../../../../arm-none-eabi/lib/armv7-m\libg_nano.a(lib_a-memchr-stub.o)
 .debug_frame   0x00001d20      0x234 c:/h_da softwares & projects/psoc creator/4.4/psoc creator/import/gnu/arm/5.4.1/bin/../lib/gcc/arm-none-eabi/5.4.1/../../../../arm-none-eabi/lib/armv7-m\libg_nano.a(lib_a-mprec.o)
 .debug_frame   0x00001f54       0x2c c:/h_da softwares & projects/psoc creator/4.4/psoc creator/import/gnu/arm/5.4.1/bin/../lib/gcc/arm-none-eabi/5.4.1/../../../../arm-none-eabi/lib/armv7-m\libg_nano.a(lib_a-nano-callocr.o)
 .debug_frame   0x00001f80       0x38 c:/h_da softwares & projects/psoc creator/4.4/psoc creator/import/gnu/arm/5.4.1/bin/../lib/gcc/arm-none-eabi/5.4.1/../../../../arm-none-eabi/lib/armv7-m\libg_nano.a(lib_a-nano-freer.o)
 .debug_frame   0x00001fb8       0x2c c:/h_da softwares & projects/psoc creator/4.4/psoc creator/import/gnu/arm/5.4.1/bin/../lib/gcc/arm-none-eabi/5.4.1/../../../../arm-none-eabi/lib/armv7-m\libg_nano.a(lib_a-nano-mallocr.o)
 .debug_frame   0x00001fe4       0x90 c:/h_da softwares & projects/psoc creator/4.4/psoc creator/import/gnu/arm/5.4.1/bin/../lib/gcc/arm-none-eabi/5.4.1/../../../../arm-none-eabi/lib/armv7-m\libg_nano.a(lib_a-nano-svfprintf.o)
 .debug_frame   0x00002074       0x2c c:/h_da softwares & projects/psoc creator/4.4/psoc creator/import/gnu/arm/5.4.1/bin/../lib/gcc/arm-none-eabi/5.4.1/../../../../arm-none-eabi/lib/armv7-m\libg_nano.a(lib_a-sbrkr.o)
 .debug_frame   0x000020a0       0x20 c:/h_da softwares & projects/psoc creator/4.4/psoc creator/import/gnu/arm/5.4.1/bin/../lib/gcc/arm-none-eabi/5.4.1/../../../../arm-none-eabi/lib/armv7-m\libg_nano.a(lib_a-strcmp.o)
 .debug_frame   0x000020c0       0x28 c:/h_da softwares & projects/psoc creator/4.4/psoc creator/import/gnu/arm/5.4.1/bin/../lib/gcc/arm-none-eabi/5.4.1/../../../../arm-none-eabi/lib/armv7-m\libg_nano.a(lib_a-memmove.o)
 .debug_frame   0x000020e8       0x30 c:/h_da softwares & projects/psoc creator/4.4/psoc creator/import/gnu/arm/5.4.1/bin/../lib/gcc/arm-none-eabi/5.4.1/../../../../arm-none-eabi/lib/armv7-m\libg_nano.a(lib_a-mlock.o)
 .debug_frame   0x00002118       0x3c c:/h_da softwares & projects/psoc creator/4.4/psoc creator/import/gnu/arm/5.4.1/bin/../lib/gcc/arm-none-eabi/5.4.1/../../../../arm-none-eabi/lib/armv7-m\libg_nano.a(lib_a-nano-reallocr.o)
 .debug_frame   0x00002154       0x5c c:/h_da softwares & projects/psoc creator/4.4/psoc creator/import/gnu/arm/5.4.1/bin/../lib/gcc/arm-none-eabi/5.4.1/../../../../arm-none-eabi/lib/armv7-m\libg_nano.a(lib_a-reent.o)
 .debug_frame   0x000021b0       0x20 c:/h_da softwares & projects/psoc creator/4.4/psoc creator/import/gnu/arm/5.4.1/bin/../lib/gcc/arm-none-eabi/5.4.1/../../../../arm-none-eabi/lib/armv7-m\libg_nano.a(lib_a-nano-msizer.o)

.debug_str      0x00000000     0x24e9
 *(.debug_str)
 .debug_str     0x00000000      0x682 .\CortexM3\ARM_GCC_541\Debug\main.o
                                0x6e8 (size before relaxing)
 .debug_str     0x00000682      0x1ef .\CortexM3\ARM_GCC_541\Debug\TimingAnalyzer.o
                                0x73e (size before relaxing)
 .debug_str     0x00000871       0x6b .\CortexM3\ARM_GCC_541\Debug\Pins.o
                                0x246 (size before relaxing)
 .debug_str     0x000008dc      0x1af .\CortexM3\ARM_GCC_541\Debug\cyfitter_cfg.o
                                0x337 (size before relaxing)
 .debug_str     0x00000a8b       0x75 .\CortexM3\ARM_GCC_541\Debug\cymetadata.o
                                0x1d7 (size before relaxing)
 .debug_str     0x00000b00      0x144 .\CortexM3\ARM_GCC_541\Debug\Cm3Start.o
                                0x2fd (size before relaxing)
 .debug_str     0x00000c44      0x7e6 .\CortexM3\ARM_GCC_541\Debug\Timing Analyzer.a(CyLib.o)
                                0xa3a (size before relaxing)
 .debug_str     0x0000142a      0x365 .\CortexM3\ARM_GCC_541\Debug\Timing Analyzer.a(cyPm.o)
                                0x726 (size before relaxing)
 .debug_str     0x0000178f       0x62 .\CortexM3\ARM_GCC_541\Debug\Timing Analyzer.a(RED_LED.o)
                                0x1df (size before relaxing)
 .debug_str     0x000017f1       0x63 .\CortexM3\ARM_GCC_541\Debug\Timing Analyzer.a(YELLOW_LED.o)
                                0x1ee (size before relaxing)
 .debug_str     0x00001854       0x5f .\CortexM3\ARM_GCC_541\Debug\Timing Analyzer.a(GREEN_LED.o)
                                0x1e9 (size before relaxing)
 .debug_str     0x000018b3      0x301 .\CortexM3\ARM_GCC_541\Debug\Timing Analyzer.a(UART_LOG.o)
                                0x4e4 (size before relaxing)
 .debug_str     0x00001bb4      0x1ab .\CortexM3\ARM_GCC_541\Debug\Timing Analyzer.a(UART_LOG_IntClock.o)
                                0x359 (size before relaxing)
 .debug_str     0x00001d5f      0x18e .\CortexM3\ARM_GCC_541\Debug\Timing Analyzer.a(Timer_1ms.o)
                                0x376 (size before relaxing)
 .debug_str     0x00001eed       0xdd .\CortexM3\ARM_GCC_541\Debug\Timing Analyzer.a(isr_1ms.o)
                                0x2b5 (size before relaxing)
 .debug_str     0x00001fca       0xf5 .\CortexM3\ARM_GCC_541\Debug\Timing Analyzer.a(isr_2secs.o)
                                0x2d1 (size before relaxing)
 .debug_str     0x000020bf      0x19c .\CortexM3\ARM_GCC_541\Debug\Timing Analyzer.a(Timer_2secs.o)
                                0x3a5 (size before relaxing)
 .debug_str     0x0000225b      0x1b4 .\CortexM3\ARM_GCC_541\Debug\Timing Analyzer.a(CyFlash.o)
                                0x3b3 (size before relaxing)
 .debug_str     0x0000240f       0xac .\CortexM3\ARM_GCC_541\Debug\Timing Analyzer.a(CySpc.o)
                                0x32b (size before relaxing)
 .debug_str     0x000024bb       0x2e .\CortexM3\ARM_GCC_541\Debug\Timing Analyzer.a(cyutils.o)
                                0x1a5 (size before relaxing)

.debug_loc      0x00000000     0x2695
 *(.debug_loc)
 .debug_loc     0x00000000       0x1f .\CortexM3\ARM_GCC_541\Debug\main.o
 .debug_loc     0x0000001f      0x60a .\CortexM3\ARM_GCC_541\Debug\TimingAnalyzer.o
 .debug_loc     0x00000629       0x63 .\CortexM3\ARM_GCC_541\Debug\Pins.o
 .debug_loc     0x0000068c      0x288 .\CortexM3\ARM_GCC_541\Debug\cyfitter_cfg.o
 .debug_loc     0x00000914      0x144 .\CortexM3\ARM_GCC_541\Debug\Cm3Start.o
 .debug_loc     0x00000a58      0xa11 .\CortexM3\ARM_GCC_541\Debug\Timing Analyzer.a(CyLib.o)
 .debug_loc     0x00001469      0x1e4 .\CortexM3\ARM_GCC_541\Debug\Timing Analyzer.a(cyPm.o)
 .debug_loc     0x0000164d       0x42 .\CortexM3\ARM_GCC_541\Debug\Timing Analyzer.a(RED_LED.o)
 .debug_loc     0x0000168f       0x42 .\CortexM3\ARM_GCC_541\Debug\Timing Analyzer.a(YELLOW_LED.o)
 .debug_loc     0x000016d1       0x42 .\CortexM3\ARM_GCC_541\Debug\Timing Analyzer.a(GREEN_LED.o)
 .debug_loc     0x00001713      0x258 .\CortexM3\ARM_GCC_541\Debug\Timing Analyzer.a(UART_LOG.o)
 .debug_loc     0x0000196b      0x128 .\CortexM3\ARM_GCC_541\Debug\Timing Analyzer.a(UART_LOG_IntClock.o)
 .debug_loc     0x00001a93       0x13 .\CortexM3\ARM_GCC_541\Debug\Timing Analyzer.a(Timer_1ms.o)
 .debug_loc     0x00001aa6       0x56 .\CortexM3\ARM_GCC_541\Debug\Timing Analyzer.a(isr_1ms.o)
 .debug_loc     0x00001afc       0x56 .\CortexM3\ARM_GCC_541\Debug\Timing Analyzer.a(isr_2secs.o)
 .debug_loc     0x00001b52       0x6b .\CortexM3\ARM_GCC_541\Debug\Timing Analyzer.a(Timer_2secs.o)
 .debug_loc     0x00001bbd      0x3b2 .\CortexM3\ARM_GCC_541\Debug\Timing Analyzer.a(CyFlash.o)
 .debug_loc     0x00001f6f      0x705 .\CortexM3\ARM_GCC_541\Debug\Timing Analyzer.a(CySpc.o)
 .debug_loc     0x00002674       0x21 .\CortexM3\ARM_GCC_541\Debug\Timing Analyzer.a(cyutils.o)

.debug_macinfo
 *(.debug_macinfo)

.debug_ranges   0x00000000      0x900
 *(.debug_ranges)
 .debug_ranges  0x00000000       0x20 .\CortexM3\ARM_GCC_541\Debug\main.o
 .debug_ranges  0x00000020       0x90 .\CortexM3\ARM_GCC_541\Debug\TimingAnalyzer.o
 .debug_ranges  0x000000b0       0x28 .\CortexM3\ARM_GCC_541\Debug\Pins.o
 .debug_ranges  0x000000d8       0x48 .\CortexM3\ARM_GCC_541\Debug\cyfitter_cfg.o
 .debug_ranges  0x00000120       0x38 .\CortexM3\ARM_GCC_541\Debug\Cm3Start.o
 .debug_ranges  0x00000158      0x290 .\CortexM3\ARM_GCC_541\Debug\Timing Analyzer.a(CyLib.o)
 .debug_ranges  0x000003e8       0x88 .\CortexM3\ARM_GCC_541\Debug\Timing Analyzer.a(cyPm.o)
 .debug_ranges  0x00000470       0x28 .\CortexM3\ARM_GCC_541\Debug\Timing Analyzer.a(RED_LED.o)
 .debug_ranges  0x00000498       0x28 .\CortexM3\ARM_GCC_541\Debug\Timing Analyzer.a(YELLOW_LED.o)
 .debug_ranges  0x000004c0       0x28 .\CortexM3\ARM_GCC_541\Debug\Timing Analyzer.a(GREEN_LED.o)
 .debug_ranges  0x000004e8       0xe0 .\CortexM3\ARM_GCC_541\Debug\Timing Analyzer.a(UART_LOG.o)
 .debug_ranges  0x000005c8       0x60 .\CortexM3\ARM_GCC_541\Debug\Timing Analyzer.a(UART_LOG_IntClock.o)
 .debug_ranges  0x00000628       0x80 .\CortexM3\ARM_GCC_541\Debug\Timing Analyzer.a(Timer_1ms.o)
 .debug_ranges  0x000006a8       0x70 .\CortexM3\ARM_GCC_541\Debug\Timing Analyzer.a(isr_1ms.o)
 .debug_ranges  0x00000718       0x70 .\CortexM3\ARM_GCC_541\Debug\Timing Analyzer.a(isr_2secs.o)
 .debug_ranges  0x00000788       0x80 .\CortexM3\ARM_GCC_541\Debug\Timing Analyzer.a(Timer_2secs.o)
 .debug_ranges  0x00000808       0x78 .\CortexM3\ARM_GCC_541\Debug\Timing Analyzer.a(CyFlash.o)
 .debug_ranges  0x00000880       0x70 .\CortexM3\ARM_GCC_541\Debug\Timing Analyzer.a(CySpc.o)
 .debug_ranges  0x000008f0       0x10 .\CortexM3\ARM_GCC_541\Debug\Timing Analyzer.a(cyutils.o)

.comment        0x00000000       0x6e
 .comment       0x00000000       0x6e .\CortexM3\ARM_GCC_541\Debug\main.o
                                 0x6f (size before relaxing)
 .comment       0x0000006e       0x6f .\CortexM3\ARM_GCC_541\Debug\TimingAnalyzer.o
 .comment       0x0000006e       0x6f .\CortexM3\ARM_GCC_541\Debug\Pins.o
 .comment       0x0000006e       0x6f .\CortexM3\ARM_GCC_541\Debug\cyfitter_cfg.o
 .comment       0x0000006e       0x6f .\CortexM3\ARM_GCC_541\Debug\cymetadata.o
 .comment       0x0000006e       0x6f .\CortexM3\ARM_GCC_541\Debug\Cm3Start.o
 .comment       0x0000006e       0x6f .\CortexM3\ARM_GCC_541\Debug\Timing Analyzer.a(CyLib.o)
 .comment       0x0000006e       0x6f .\CortexM3\ARM_GCC_541\Debug\Timing Analyzer.a(cyPm.o)
 .comment       0x0000006e       0x6f .\CortexM3\ARM_GCC_541\Debug\Timing Analyzer.a(RED_LED.o)
 .comment       0x0000006e       0x6f .\CortexM3\ARM_GCC_541\Debug\Timing Analyzer.a(YELLOW_LED.o)
 .comment       0x0000006e       0x6f .\CortexM3\ARM_GCC_541\Debug\Timing Analyzer.a(GREEN_LED.o)
 .comment       0x0000006e       0x6f .\CortexM3\ARM_GCC_541\Debug\Timing Analyzer.a(UART_LOG.o)
 .comment       0x0000006e       0x6f .\CortexM3\ARM_GCC_541\Debug\Timing Analyzer.a(UART_LOG_IntClock.o)
 .comment       0x0000006e       0x6f .\CortexM3\ARM_GCC_541\Debug\Timing Analyzer.a(Timer_1ms.o)
 .comment       0x0000006e       0x6f .\CortexM3\ARM_GCC_541\Debug\Timing Analyzer.a(isr_1ms.o)
 .comment       0x0000006e       0x6f .\CortexM3\ARM_GCC_541\Debug\Timing Analyzer.a(isr_2secs.o)
 .comment       0x0000006e       0x6f .\CortexM3\ARM_GCC_541\Debug\Timing Analyzer.a(Timer_2secs.o)
 .comment       0x0000006e       0x6f .\CortexM3\ARM_GCC_541\Debug\Timing Analyzer.a(CyFlash.o)
 .comment       0x0000006e       0x6f .\CortexM3\ARM_GCC_541\Debug\Timing Analyzer.a(CySpc.o)
 .comment       0x0000006e       0x6f .\CortexM3\ARM_GCC_541\Debug\Timing Analyzer.a(cyutils.o)

.debug_weaknames
 *(.debug_weaknames)

.debug_funcnames
 *(.debug_funcnames)

.debug_typenames
 *(.debug_typenames)

.debug_varnames
 *(.debug_varnames)

.note.gnu.arm.ident
 *(.note.gnu.arm.ident)

.ARM.attributes
                0x00000000       0x29
 *(.ARM.attributes)
 .ARM.attributes
                0x00000000       0x1d c:/h_da softwares & projects/psoc creator/4.4/psoc creator/import/gnu/arm/5.4.1/bin/../lib/gcc/arm-none-eabi/5.4.1/armv7-m/crti.o
 .ARM.attributes
                0x0000001d       0x2d c:/h_da softwares & projects/psoc creator/4.4/psoc creator/import/gnu/arm/5.4.1/bin/../lib/gcc/arm-none-eabi/5.4.1/armv7-m/crtbegin.o
 .ARM.attributes
                0x0000004a       0x1b c:/h_da softwares & projects/psoc creator/4.4/psoc creator/import/gnu/arm/5.4.1/bin/../lib/gcc/arm-none-eabi/5.4.1/../../../../arm-none-eabi/lib/armv7-m/crt0.o
 .ARM.attributes
                0x00000065       0x33 .\CortexM3\ARM_GCC_541\Debug\main.o
 .ARM.attributes
                0x00000098       0x33 .\CortexM3\ARM_GCC_541\Debug\TimingAnalyzer.o
 .ARM.attributes
                0x000000cb       0x33 .\CortexM3\ARM_GCC_541\Debug\Pins.o
 .ARM.attributes
                0x000000fe       0x33 .\CortexM3\ARM_GCC_541\Debug\cyfitter_cfg.o
 .ARM.attributes
                0x00000131       0x33 .\CortexM3\ARM_GCC_541\Debug\cymetadata.o
 .ARM.attributes
                0x00000164       0x33 .\CortexM3\ARM_GCC_541\Debug\Cm3Start.o
 .ARM.attributes
                0x00000197       0x33 .\CortexM3\ARM_GCC_541\Debug\Timing Analyzer.a(CyLib.o)
 .ARM.attributes
                0x000001ca       0x33 .\CortexM3\ARM_GCC_541\Debug\Timing Analyzer.a(cyPm.o)
 .ARM.attributes
                0x000001fd       0x33 .\CortexM3\ARM_GCC_541\Debug\Timing Analyzer.a(RED_LED.o)
 .ARM.attributes
                0x00000230       0x33 .\CortexM3\ARM_GCC_541\Debug\Timing Analyzer.a(YELLOW_LED.o)
 .ARM.attributes
                0x00000263       0x33 .\CortexM3\ARM_GCC_541\Debug\Timing Analyzer.a(GREEN_LED.o)
 .ARM.attributes
                0x00000296       0x33 .\CortexM3\ARM_GCC_541\Debug\Timing Analyzer.a(UART_LOG.o)
 .ARM.attributes
                0x000002c9       0x33 .\CortexM3\ARM_GCC_541\Debug\Timing Analyzer.a(UART_LOG_IntClock.o)
 .ARM.attributes
                0x000002fc       0x33 .\CortexM3\ARM_GCC_541\Debug\Timing Analyzer.a(Timer_1ms.o)
 .ARM.attributes
                0x0000032f       0x33 .\CortexM3\ARM_GCC_541\Debug\Timing Analyzer.a(isr_1ms.o)
 .ARM.attributes
                0x00000362       0x33 .\CortexM3\ARM_GCC_541\Debug\Timing Analyzer.a(isr_2secs.o)
 .ARM.attributes
                0x00000395       0x33 .\CortexM3\ARM_GCC_541\Debug\Timing Analyzer.a(Timer_2secs.o)
 .ARM.attributes
                0x000003c8       0x21 .\CortexM3\ARM_GCC_541\Debug\Timing Analyzer.a(CyBootAsmGnu.o)
 .ARM.attributes
                0x000003e9       0x33 .\CortexM3\ARM_GCC_541\Debug\Timing Analyzer.a(CyFlash.o)
 .ARM.attributes
                0x0000041c       0x33 .\CortexM3\ARM_GCC_541\Debug\Timing Analyzer.a(CySpc.o)
 .ARM.attributes
                0x0000044f       0x33 .\CortexM3\ARM_GCC_541\Debug\Timing Analyzer.a(cyutils.o)
 .ARM.attributes
                0x00000482       0x1d c:/h_da softwares & projects/psoc creator/4.4/psoc creator/import/gnu/arm/5.4.1/bin/../lib/gcc/arm-none-eabi/5.4.1/armv7-m\libgcc.a(_arm_addsubdf3.o)
 .ARM.attributes
                0x0000049f       0x1d c:/h_da softwares & projects/psoc creator/4.4/psoc creator/import/gnu/arm/5.4.1/bin/../lib/gcc/arm-none-eabi/5.4.1/armv7-m\libgcc.a(_arm_truncdfsf2.o)
 .ARM.attributes
                0x000004bc       0x1d c:/h_da softwares & projects/psoc creator/4.4/psoc creator/import/gnu/arm/5.4.1/bin/../lib/gcc/arm-none-eabi/5.4.1/armv7-m\libgcc.a(_arm_addsubsf3.o)
 .ARM.attributes
                0x000004d9       0x1d c:/h_da softwares & projects/psoc creator/4.4/psoc creator/import/gnu/arm/5.4.1/bin/../lib/gcc/arm-none-eabi/5.4.1/armv7-m\libgcc.a(_arm_muldivsf3.o)
 .ARM.attributes
                0x000004f6       0x1d c:/h_da softwares & projects/psoc creator/4.4/psoc creator/import/gnu/arm/5.4.1/bin/../lib/gcc/arm-none-eabi/5.4.1/armv7-m\libgcc.a(_arm_fixunssfsi.o)
 .ARM.attributes
                0x00000513       0x2d c:/h_da softwares & projects/psoc creator/4.4/psoc creator/import/gnu/arm/5.4.1/bin/../lib/gcc/arm-none-eabi/5.4.1/../../../../arm-none-eabi/lib/armv7-m\libg_nano.a(lib_a-errno.o)
 .ARM.attributes
                0x00000540       0x2d c:/h_da softwares & projects/psoc creator/4.4/psoc creator/import/gnu/arm/5.4.1/bin/../lib/gcc/arm-none-eabi/5.4.1/../../../../arm-none-eabi/lib/armv7-m\libg_nano.a(lib_a-exit.o)
 .ARM.attributes
                0x0000056d       0x2d c:/h_da softwares & projects/psoc creator/4.4/psoc creator/import/gnu/arm/5.4.1/bin/../lib/gcc/arm-none-eabi/5.4.1/../../../../arm-none-eabi/lib/armv7-m\libg_nano.a(lib_a-impure.o)
 .ARM.attributes
                0x0000059a       0x2d c:/h_da softwares & projects/psoc creator/4.4/psoc creator/import/gnu/arm/5.4.1/bin/../lib/gcc/arm-none-eabi/5.4.1/../../../../arm-none-eabi/lib/armv7-m\libg_nano.a(lib_a-init.o)
 .ARM.attributes
                0x000005c7       0x2d c:/h_da softwares & projects/psoc creator/4.4/psoc creator/import/gnu/arm/5.4.1/bin/../lib/gcc/arm-none-eabi/5.4.1/../../../../arm-none-eabi/lib/armv7-m\libg_nano.a(lib_a-memcpy-stub.o)
 .ARM.attributes
                0x000005f4       0x2d c:/h_da softwares & projects/psoc creator/4.4/psoc creator/import/gnu/arm/5.4.1/bin/../lib/gcc/arm-none-eabi/5.4.1/../../../../arm-none-eabi/lib/armv7-m\libg_nano.a(lib_a-memset.o)
 .ARM.attributes
                0x00000621       0x2d c:/h_da softwares & projects/psoc creator/4.4/psoc creator/import/gnu/arm/5.4.1/bin/../lib/gcc/arm-none-eabi/5.4.1/../../../../arm-none-eabi/lib/armv7-m\libg_nano.a(lib_a-nano-vfprintf_float.o)
 .ARM.attributes
                0x0000064e       0x2d c:/h_da softwares & projects/psoc creator/4.4/psoc creator/import/gnu/arm/5.4.1/bin/../lib/gcc/arm-none-eabi/5.4.1/../../../../arm-none-eabi/lib/armv7-m\libg_nano.a(lib_a-nano-vfprintf_i.o)
 .ARM.attributes
                0x0000067b       0x2d c:/h_da softwares & projects/psoc creator/4.4/psoc creator/import/gnu/arm/5.4.1/bin/../lib/gcc/arm-none-eabi/5.4.1/../../../../arm-none-eabi/lib/armv7-m\libg_nano.a(lib_a-snprintf.o)
 .ARM.attributes
                0x000006a8       0x2d c:/h_da softwares & projects/psoc creator/4.4/psoc creator/import/gnu/arm/5.4.1/bin/../lib/gcc/arm-none-eabi/5.4.1/../../../../arm-none-eabi/lib/armv7-m\libg_nano.a(lib_a-sprintf.o)
 .ARM.attributes
                0x000006d5       0x17 c:/h_da softwares & projects/psoc creator/4.4/psoc creator/import/gnu/arm/5.4.1/bin/../lib/gcc/arm-none-eabi/5.4.1/../../../../arm-none-eabi/lib/armv7-m\libg_nano.a(lib_a-strlen.o)
 .ARM.attributes
                0x000006ec       0x2d c:/h_da softwares & projects/psoc creator/4.4/psoc creator/import/gnu/arm/5.4.1/bin/../lib/gcc/arm-none-eabi/5.4.1/../../../../arm-none-eabi/lib/armv7-m\libg_nano.a(lib_a-dtoa.o)
 .ARM.attributes
                0x00000719       0x2d c:/h_da softwares & projects/psoc creator/4.4/psoc creator/import/gnu/arm/5.4.1/bin/../lib/gcc/arm-none-eabi/5.4.1/../../../../arm-none-eabi/lib/armv7-m\libg_nano.a(lib_a-locale.o)
 .ARM.attributes
                0x00000746       0x2d c:/h_da softwares & projects/psoc creator/4.4/psoc creator/import/gnu/arm/5.4.1/bin/../lib/gcc/arm-none-eabi/5.4.1/../../../../arm-none-eabi/lib/armv7-m\libg_nano.a(lib_a-malloc.o)
 .ARM.attributes
                0x00000773       0x2d c:/h_da softwares & projects/psoc creator/4.4/psoc creator/import/gnu/arm/5.4.1/bin/../lib/gcc/arm-none-eabi/5.4.1/../../../../arm-none-eabi/lib/armv7-m\libg_nano.a(lib_a-memchr-stub.o)
 .ARM.attributes
                0x000007a0       0x2d c:/h_da softwares & projects/psoc creator/4.4/psoc creator/import/gnu/arm/5.4.1/bin/../lib/gcc/arm-none-eabi/5.4.1/../../../../arm-none-eabi/lib/armv7-m\libg_nano.a(lib_a-mprec.o)
 .ARM.attributes
                0x000007cd       0x2d c:/h_da softwares & projects/psoc creator/4.4/psoc creator/import/gnu/arm/5.4.1/bin/../lib/gcc/arm-none-eabi/5.4.1/../../../../arm-none-eabi/lib/armv7-m\libg_nano.a(lib_a-nano-callocr.o)
 .ARM.attributes
                0x000007fa       0x2d c:/h_da softwares & projects/psoc creator/4.4/psoc creator/import/gnu/arm/5.4.1/bin/../lib/gcc/arm-none-eabi/5.4.1/../../../../arm-none-eabi/lib/armv7-m\libg_nano.a(lib_a-nano-freer.o)
 .ARM.attributes
                0x00000827       0x2d c:/h_da softwares & projects/psoc creator/4.4/psoc creator/import/gnu/arm/5.4.1/bin/../lib/gcc/arm-none-eabi/5.4.1/../../../../arm-none-eabi/lib/armv7-m\libg_nano.a(lib_a-nano-mallocr.o)
 .ARM.attributes
                0x00000854       0x2d c:/h_da softwares & projects/psoc creator/4.4/psoc creator/import/gnu/arm/5.4.1/bin/../lib/gcc/arm-none-eabi/5.4.1/../../../../arm-none-eabi/lib/armv7-m\libg_nano.a(lib_a-nano-svfprintf.o)
 .ARM.attributes
                0x00000881       0x2d c:/h_da softwares & projects/psoc creator/4.4/psoc creator/import/gnu/arm/5.4.1/bin/../lib/gcc/arm-none-eabi/5.4.1/../../../../arm-none-eabi/lib/armv7-m\libg_nano.a(lib_a-sbrkr.o)
 .ARM.attributes
                0x000008ae       0x1b c:/h_da softwares & projects/psoc creator/4.4/psoc creator/import/gnu/arm/5.4.1/bin/../lib/gcc/arm-none-eabi/5.4.1/../../../../arm-none-eabi/lib/armv7-m\libg_nano.a(lib_a-strcmp.o)
 .ARM.attributes
                0x000008c9       0x2d c:/h_da softwares & projects/psoc creator/4.4/psoc creator/import/gnu/arm/5.4.1/bin/../lib/gcc/arm-none-eabi/5.4.1/../../../../arm-none-eabi/lib/armv7-m\libg_nano.a(lib_a-memmove.o)
 .ARM.attributes
                0x000008f6       0x2d c:/h_da softwares & projects/psoc creator/4.4/psoc creator/import/gnu/arm/5.4.1/bin/../lib/gcc/arm-none-eabi/5.4.1/../../../../arm-none-eabi/lib/armv7-m\libg_nano.a(lib_a-mlock.o)
 .ARM.attributes
                0x00000923       0x2d c:/h_da softwares & projects/psoc creator/4.4/psoc creator/import/gnu/arm/5.4.1/bin/../lib/gcc/arm-none-eabi/5.4.1/../../../../arm-none-eabi/lib/armv7-m\libg_nano.a(lib_a-nano-reallocr.o)
 .ARM.attributes
                0x00000950       0x2d c:/h_da softwares & projects/psoc creator/4.4/psoc creator/import/gnu/arm/5.4.1/bin/../lib/gcc/arm-none-eabi/5.4.1/../../../../arm-none-eabi/lib/armv7-m\libg_nano.a(lib_a-reent.o)
 .ARM.attributes
                0x0000097d       0x2d c:/h_da softwares & projects/psoc creator/4.4/psoc creator/import/gnu/arm/5.4.1/bin/../lib/gcc/arm-none-eabi/5.4.1/../../../../arm-none-eabi/lib/armv7-m\libg_nano.a(lib_a-nano-msizer.o)
 .ARM.attributes
                0x000009aa       0x1d c:/h_da softwares & projects/psoc creator/4.4/psoc creator/import/gnu/arm/5.4.1/bin/../lib/gcc/arm-none-eabi/5.4.1/armv7-m\libgcc.a(_arm_muldivdf3.o)
 .ARM.attributes
                0x000009c7       0x1d c:/h_da softwares & projects/psoc creator/4.4/psoc creator/import/gnu/arm/5.4.1/bin/../lib/gcc/arm-none-eabi/5.4.1/armv7-m\libgcc.a(_arm_cmpdf2.o)
 .ARM.attributes
                0x000009e4       0x1d c:/h_da softwares & projects/psoc creator/4.4/psoc creator/import/gnu/arm/5.4.1/bin/../lib/gcc/arm-none-eabi/5.4.1/armv7-m\libgcc.a(_arm_unorddf2.o)
 .ARM.attributes
                0x00000a01       0x1d c:/h_da softwares & projects/psoc creator/4.4/psoc creator/import/gnu/arm/5.4.1/bin/../lib/gcc/arm-none-eabi/5.4.1/armv7-m\libgcc.a(_arm_fixdfsi.o)
 .ARM.attributes
                0x00000a1e       0x2d c:/h_da softwares & projects/psoc creator/4.4/psoc creator/import/gnu/arm/5.4.1/bin/../lib/gcc/arm-none-eabi/5.4.1/armv7-m/crtend.o
 .ARM.attributes
                0x00000a4b       0x1d c:/h_da softwares & projects/psoc creator/4.4/psoc creator/import/gnu/arm/5.4.1/bin/../lib/gcc/arm-none-eabi/5.4.1/armv7-m/crtn.o

/DISCARD/
 *(.note.GNU-stack)
OUTPUT(D:\WS25\AMAEOS\Lab\Workspace01\Timing Analyzer.cydsn\CortexM3\ARM_GCC_541\Debug\Timing Analyzer.elf elf32-littlearm)
